03-29 13:34:59.605  1180  3038 I ActivityManager: autoboot: handleAppDiedLocked() -- don't allow restart this app: com.netease.cloudmusic:browser
03-29 13:34:59.606  1180  3038 I ActivityManager: Killing 24494:com.netease.cloudmusic:play/u0a202 (adj 200): stop com.netease.cloudmusic
03-29 13:34:59.607   778   778 E ANDR-IOP: IOP HAL: Received pkg_name = com.netease.cloudmusic:play pid = 0
03-29 13:34:59.608  1180  3038 W ActivityManager: autoboot: killServicesLocked() -- check result:1 packageName=com.netease.cloudmusic  uid=10202
03-29 13:34:59.608  1180  3038 V ActivityManager: autoboot: killServicesLocked() -- Service crashed 0 times, stopping: ServiceRecord{c6c96d0 u0 com.netease.cloudmusic/.service.PlayService} don't allow restart this app: com.netease.cloudmusic:play
03-29 13:34:59.608  1180  3038 W ActivityManager: autoboot: killServicesLocked() -- check result:1 packageName=com.netease.cloudmusic  uid=10202
03-29 13:34:59.608  1180  3038 V ActivityManager: autoboot: killServicesLocked() -- Service crashed 0 times, stopping: ServiceRecord{50fc6c9 u0 com.netease.cloudmusic/.service.PlayNannyService} don't allow restart this app: com.netease.cloudmusic:play
03-29 13:34:59.609  1180  3038 V ActivityManager: autoboot: handleAppDiedLocked()  check result: 1  packageName=com.netease.cloudmusic Uid=10202
03-29 13:34:59.609  1180  3038 I ActivityManager: autoboot: handleAppDiedLocked() -- don't allow restart this app: com.netease.cloudmusic:play
03-29 13:34:59.610  1180  3038 I ActivityManager: Killing 24201:com.journeyOS.edge/u0a206 (adj 100): stop com.netease.cloudmusic
03-29 13:34:59.611   778   778 E ANDR-IOP: IOP HAL: Received pkg_name = com.journeyOS.edge pid = 0
03-29 13:34:59.614  1180  1411 W libprocessgroup: kill(-24451, 9) failed: No such process
03-29 13:34:59.616  1180  3038 W ActivityManager: autoboot: killServicesLocked() -- check result:1 packageName=com.journeyOS.edge  uid=10206
03-29 13:34:59.616  1180  3038 V ActivityManager: autoboot: killServicesLocked() -- Service crashed 0 times, stopping: ServiceRecord{caf6075 u0 com.journeyOS.edge/com.journeyOS.i007Service.core.notification.NotificationListenerService} don't allow restart this app: com.journeyOS.edge
03-29 13:34:59.616  1180  1180 V NotificationListeners: notification listener connection lost: ComponentInfo{com.journeyOS.edge/com.journeyOS.i007Service.core.notification.NotificationListenerService}
03-29 13:34:59.616  1180  1180 W NotificationListeners: notification listener binding died: ComponentInfo{com.journeyOS.edge/com.journeyOS.i007Service.core.notification.NotificationListenerService}
03-29 13:34:59.623  1180  3038 V ActivityManager: autoboot: handleAppDiedLocked()  check result: 1  packageName=com.journeyOS.edge Uid=10206
03-29 13:34:59.623  1180  3038 I ActivityManager: autoboot: handleAppDiedLocked() -- don't allow restart this app: com.journeyOS.edge
03-29 13:34:59.625  1180  3038 I ActivityManager: Killing 24469:com.netease.cloudmusic:cmMP1/u0a202 (adj 700): stop com.netease.cloudmusic
03-29 13:34:59.620  1180  1411 I chatty  : uid=1000(system) ActivityManager identical 1 line
03-29 13:34:59.626  1180  1411 W libprocessgroup: kill(-24451, 9) failed: No such process
03-29 13:34:59.626   778   778 E ANDR-IOP: IOP HAL: Received pkg_name = com.netease.cloudmusic:cmMP1 pid = 0
03-29 13:34:59.627  1180  3038 W ActivityManager: autoboot: killServicesLocked() -- check result:1 packageName=com.netease.cloudmusic  uid=10202
03-29 13:34:59.627  1180  3038 V ActivityManager: autoboot: killServicesLocked() -- Service crashed 0 times, stopping: ServiceRecord{f64fdd2 u0 com.netease.cloudmusic/.module.mp.service.MPService1} don't allow restart this app: com.netease.cloudmusic:cmMP1
03-29 13:34:59.628  1180  3038 V ActivityManager: autoboot: handleAppDiedLocked()  check result: 1  packageName=com.netease.cloudmusic Uid=10202
03-29 13:34:59.628  1180  3038 I ActivityManager: autoboot: handleAppDiedLocked() -- don't allow restart this app: com.netease.cloudmusic:cmMP1
03-29 13:34:59.628 24614 24614 I cr_ChildProcessService: Destroying ChildProcessService pid=24614
03-29 13:34:59.631  1180  1411 W libprocessgroup: kill(-24451, 9) failed: No such process
03-29 13:34:59.633  1180  3038 I ActivityManager: Killing 24391:com.netease.cloudmusic/u0a202 (adj 700): stop com.netease.cloudmusic
03-29 13:34:59.634   778   778 E ANDR-IOP: IOP HAL: Received pkg_name = com.netease.cloudmusic pid = 0
03-29 13:34:59.634  1180  3038 W ActivityManager: autoboot: killServicesLocked() -- check result:1 packageName=com.netease.cloudmusic  uid=10202
03-29 13:34:59.634  1180  3038 V ActivityManager: autoboot: killServicesLocked() -- Service crashed 0 times, stopping: ServiceRecord{c267bb8 u0 com.netease.cloudmusic/com.xiaomi.mipush.sdk.MessageHandleService} don't allow restart this app: com.netease.cloudmusic
03-29 13:34:59.634  1180  3038 W ActivityManager: autoboot: killServicesLocked() -- check result:1 packageName=com.netease.cloudmusic  uid=10202
03-29 13:34:59.634  1180  3038 V ActivityManager: autoboot: killServicesLocked() -- Service crashed 0 times, stopping: ServiceRecord{b87b0ff u0 com.netease.cloudmusic/com.xiaomi.mipush.sdk.PushMessageHandler} don't allow restart this app: com.netease.cloudmusic
03-29 13:34:59.635  1180  3038 W ActivityManager: autoboot: killServicesLocked() -- check result:1 packageName=com.netease.cloudmusic  uid=10202
03-29 13:34:59.635  1180  3038 V ActivityManager: autoboot: killServicesLocked() -- Service crashed 0 times, stopping: ServiceRecord{abe4b04 u0 com.netease.cloudmusic/.service.PushService} don't allow restart this app: com.netease.cloudmusic
03-29 13:34:59.635  1180  3038 V ActivityManager: autoboot: handleAppDiedLocked()  check result: 1  packageName=com.netease.cloudmusic Uid=10202
03-29 13:34:59.635  1180  3038 I ActivityManager: autoboot: handleAppDiedLocked() -- don't allow restart this app: com.netease.cloudmusic
03-29 13:34:59.637  1180  1411 W libprocessgroup: kill(-24451, 9) failed: No such process
03-29 13:34:59.642   838  2886 W SurfaceFlinger: Attempting to destroy on removed layer: AppWindowToken{8e95d79 token=Token{3c89a40 ActivityRecord{87541c3 u0 com.netease.cloudmusic/.activity.MainActivity t263}}}#0
03-29 13:34:59.643  1180  1411 W libprocessgroup: kill(-24451, 9) failed: No such process
03-29 13:34:59.647 24614 24614 I dboxed_process: System.exit called, status: 0
03-29 13:34:59.647 24614 24614 I AndroidRuntime: VM exiting with result code 0, cleanup skipped.
03-29 13:34:59.647  1180  3038 I ActivityManager: Killing 24614:com.google.android.webview:sandboxed_process0/u0a202i33 (adj 0): isolated not needed
03-29 13:34:59.647   778   778 E ANDR-IOP: IOP HAL: Received pkg_name = com.google.android.webview:sandboxed_process0 pid = 0
03-29 13:34:59.649  1180  1411 W libprocessgroup: kill(-24451, 9) failed: No such process
03-29 13:34:59.661  2418  2418 E PhoneInterfaceManager: [PhoneIntfMgr] getCarrierPackageNamesForIntent: No UICC
03-29 13:34:59.661  2418  2418 D CarrierSvcBindHelper: No carrier app for: 0
03-29 13:34:59.662  2418  2418 E PhoneInterfaceManager: [PhoneIntfMgr] getCarrierPackageNamesForIntent: No UICC
03-29 13:34:59.662  2418  2418 D CarrierSvcBindHelper: No carrier app for: 1
03-29 13:34:59.664  1180  1411 W libprocessgroup: kill(-24451, 9) failed: No such process
03-29 13:34:59.665 32753   465 W System.err: java.io.FileNotFoundException: /storage/emulated/0/mipush/lcfp.lock: open failed: EACCES (Permission denied)
03-29 13:34:59.665 32753   465 W System.err: 	at libcore.io.IoBridge.open(IoBridge.java:485)
03-29 13:34:59.665 32753   465 W System.err: 	at java.io.RandomAccessFile.<init>(RandomAccessFile.java:288)
03-29 13:34:59.665 32753   465 W System.err: 	at com.xiaomi.channel.commonutils.misc.JobMutualExclusor.checkPeriodAndRecordWithFileLock(JobMutualExclusor.java:137)
03-29 13:34:59.665 32753   465 W System.err: 	at com.xiaomi.push.mpcd.CDEntrance$1.handleIntent(CDEntrance.java:71)
03-29 13:34:59.665 32753   465 W System.err: 	at com.xiaomi.push.mpcd.CDEntrance$1.access$000(CDEntrance.java:39)
03-29 13:34:59.665 32753   465 W System.err: 	at com.xiaomi.push.mpcd.CDEntrance$1$1.run(CDEntrance.java:49)
03-29 13:34:59.665 32753   465 W System.err: 	at java.util.concurrent.Executors$RunnableAdapter.call(Executors.java:458)
03-29 13:34:59.665 32753   465 W System.err: 	at java.util.concurrent.FutureTask.run(FutureTask.java:266)
03-29 13:34:59.665 32753   465 W System.err: 	at java.util.concurrent.ScheduledThreadPoolExecutor$ScheduledFutureTask.run(ScheduledThreadPoolExecutor.java:301)
03-29 13:34:59.665 32753   465 W System.err: 	at java.util.concurrent.ThreadPoolExecutor.runWorker(ThreadPoolExecutor.java:1167)
03-29 13:34:59.665 32753   465 W System.err: 	at java.util.concurrent.ThreadPoolExecutor$Worker.run(ThreadPoolExecutor.java:641)
03-29 13:34:59.665 32753   465 W System.err: 	at java.lang.Thread.run(Thread.java:764)
03-29 13:34:59.665 32753   465 W System.err: Caused by: android.system.ErrnoException: open failed: EACCES (Permission denied)
03-29 13:34:59.665 32753   465 W System.err: 	at libcore.io.Linux.open(Native Method)
03-29 13:34:59.665 32753   465 W System.err: 	at libcore.io.BlockGuardOs.open(BlockGuardOs.java:210)
03-29 13:34:59.665 32753   465 W System.err: 	at libcore.io.IoBridge.open(IoBridge.java:471)
03-29 13:34:59.665   821  9831 V APM_AudioPolicyManager: AudioPolicyManager:setRecordSilenced(uid:10202, silenced:1)
03-29 13:34:59.665 32753   465 W System.err: 	... 11 more
03-29 13:34:59.669  1180  1411 W libprocessgroup: kill(-24451, 9) failed: No such process
03-29 13:34:59.672  1180  9205 I AMS_SLockDlg: mLockSwitch 0,mLockApps 0
03-29 13:34:59.672  1180  9205 I ActivityManager: START u0 {act=android.intent.action.MAIN cat=[android.intent.category.HOME] flg=0x10200000 cmp=com.blackshark.launcher/com.journeyui.launcher.Launcher} from uid 1000
03-29 13:34:59.674  1180  9205 D ActivityTrigger: ActivityTrigger activityPauseTrigger 
03-29 13:34:59.675  1180  1411 W libprocessgroup: kill(-24451, 9) failed: No such process
03-29 13:34:59.682  1180  1411 I chatty  : uid=1000(system) ActivityManager identical 1 line
03-29 13:34:59.688  1180  1411 W libprocessgroup: kill(-24451, 9) failed: No such process
03-29 13:34:59.689  1180  9205 D CompatibilityInfo: mCompatibilityFlags - 0
03-29 13:34:59.689  1180  9205 D CompatibilityInfo: applicationDensity - 420
03-29 13:34:59.689  1180  9205 D CompatibilityInfo: applicationScale - 1.0
03-29 13:34:59.694  1180  1411 W libprocessgroup: kill(-24451, 9) failed: No such process
03-29 13:34:59.696  2123  2123 V StatusBar: mStatusBarWindow: com.android.systemui.statusbar.phone.StatusBarWindowView{3f75d7a V.ED..... ........ 0,0-1080,95} canPanelBeCollapsed(): false
03-29 13:34:59.696  1180  1807 V BugManager_JNI: bug message start: fd=128,tag =0X01004801
03-29 13:34:59.696  2123  2123 V BugManager_JNI: bug message start: fd=89,tag =0X01004801
03-29 13:34:59.696  1180  1807 V BugManager_JNI: bug message copy: fd=128,msgid =36558,len=46,msg={"activity":"com.android.systemui","frames":1}
03-29 13:34:59.696  1180  1807 V BugManager_JNI: bug message stop: fd =128,msgid =36558
03-29 13:34:59.696  2123  2123 V BugManager_JNI: bug message copy: fd=89,msgid =36559,len=91,msg={"activity":"com.android.systemui/com.android.systemui.recents.RecentsActivity","frames":6}
03-29 13:34:59.696  2123  2123 V BugManager_JNI: bug message stop: fd =89,msgid =36559
03-29 13:34:59.700  1180  1411 W libprocessgroup: kill(-24451, 9) failed: No such process
03-29 13:34:59.702  2457  2457 D Launcher: launcher on new intent
03-29 13:34:59.702  2457  2457 D Launcher: DragLayer.alpha:1.0 DecorView.alpha:1.0
03-29 13:34:59.703   778   778 E ANDR-IOP: UXEngine PHAL: Received back-to-home. Cmd: 4
03-29 13:34:59.707  1180  1411 W libprocessgroup: kill(-24451, 9) failed: No such process
03-29 13:34:59.713  1180  1411 W libprocessgroup: kill(-24451, 9) failed: No such process
03-29 13:34:59.716  1180  1408 D CompatibilityInfo: mCompatibilityFlags - 0
03-29 13:34:59.716  1180  1408 D CompatibilityInfo: applicationDensity - 420
03-29 13:34:59.716  1180  1408 D CompatibilityInfo: applicationScale - 1.0
03-29 13:34:59.717  1180  1180 V Notification_superscript: isPost = false ,pkg = com.netease.cloudmusic ,userId = 0 ,newSize = 0
03-29 13:34:59.718  2457  2457 D Launcher: launcher on start
03-29 13:34:59.719  2457  2457 D Launcher: launcher on resume, mOnResumeState:WORKSPACE mOnResumeNeedsLoad:false
03-29 13:34:59.719  2457  4447 V Launcher_superscript: callPackage = android,mCallingUid = 0,method = setBadgeAsNotification
03-29 13:34:59.719  2457  4447 V Launcher_superscript: badgeCount = 0 ,key = com.netease.cloudmusic_0
03-29 13:34:59.720  1180  1411 W libprocessgroup: kill(-24451, 9) failed: No such process
03-29 13:34:59.726  1180  1411 W libprocessgroup: kill(-24451, 9) failed: No such process
03-29 13:34:59.730  2457  2457 D InstallShortcutReceiver: Getting and clearing APPS_PENDING_INSTALL: null
03-29 13:34:59.732  1180 10444 I AMS_SLockDlg: mLockSwitch 0,mLockApps 0
03-29 13:34:59.732  1180  1411 W libprocessgroup: kill(-24451, 9) failed: No such process
03-29 13:34:59.733  1180  1180 V Notification_superscript: isPost = false ,pkg = com.journeyOS.edge ,userId = 0 ,newSize = 0
03-29 13:34:59.734  1180  1408 D ActivityTrigger: ActivityTrigger activityStopTrigger 
03-29 13:34:59.736  2123  2123 V BugManager_JNI: bug message start: fd=89,tag =0X01004801
03-29 13:34:59.736  2123  2123 V BugManager_JNI: bug message copy: fd=89,msgid =36560,len=91,msg={"activity":"com.android.systemui/com.android.systemui.recents.RecentsActivity","frames":1}
03-29 13:34:59.736  2123  2123 V BugManager_JNI: bug message stop: fd =89,msgid =36560
03-29 13:34:59.737  1180 10444 D SmartPolicyTrigger: activityResumed com.blackshark.launcher
03-29 13:34:59.737  2392  2410 D SmartPolicyDebug: SmartPolicyService activityResumed {"packageName":"com.blackshark.launcher","pid":2457}
03-29 13:34:59.737  2392  2410 D SmartPolicyDebug: PackageNameMonitor activityResumed {"packageName":"com.blackshark.launcher","pid":2457}
03-29 13:34:59.737  2392  2410 D SmartPolicyDebug: AudioParaPolicy activityResumed: com.blackshark.launcher, 14
03-29 13:34:59.738  2457  2457 V BugManager_JNI: bug message start: fd=57,tag =0X01004801
03-29 13:34:59.738  2457  2457 V BugManager_JNI: bug message copy: fd=57,msgid =36561,len=81,msg={"activity":"com.blackshark.launcher/com.journeyui.launcher.Launcher","frames":1}
03-29 13:34:59.738  2457  2457 V BugManager_JNI: bug message stop: fd =57,msgid =36561
03-29 13:34:59.738  1180  1411 W libprocessgroup: kill(-24451, 9) failed: No such process
03-29 13:34:59.739  2457  4447 V Launcher_superscript: callPackage = android,mCallingUid = 0,method = setBadgeAsNotification
03-29 13:34:59.740  2457  4447 V Launcher_superscript: badgeCount = 0 ,key = com.journeyOS.edge_0
03-29 13:34:59.745  1180  1411 W libprocessgroup: kill(-24451, 9) failed: No such process
03-29 13:34:59.748  1180 24921 V PerformanceManager_JNI: event notify: fd = 85, event_id = 0X00304804
03-29 13:34:59.750  2457  2670 V Launcher_superscript: [value = null] key = com.netease.cloudmusic_0 old:0
03-29 13:34:59.751  1180  1411 W libprocessgroup: kill(-24451, 9) failed: No such process
03-29 13:34:59.757   739  1540 D audio_hw_primary: adev_set_parameters: enter: gamemode=0
03-29 13:34:59.757  1180  1411 W libprocessgroup: kill(-24451, 9) failed: No such process
03-29 13:34:59.757   739  1540 D audio_hw_primary: [adev_set_parameters]: adev->game_mode = 0
03-29 13:34:59.757   739  1540 D audio_hw_extn: audio_extn_set_anc_parameters: anc_enabled:0
03-29 13:34:59.757   739  1540 D audio_hw_spkr_prot: audio_extn_fbsp_set_parameters: Speaker protection disabled
03-29 13:34:59.757   739  1540 D audio_hw_primary: adev_set_parameters: exit with code(0)
03-29 13:34:59.759  2392  2410 D SmartPolicyDebug: GameDockMonitor setEqualizer packageName:com.blackshark.launcher,para:null
03-29 13:34:59.759  2392  2410 D SmartPolicyDebug: AudioParaPolicy setEqualizer 33333,default:33333
03-29 13:34:59.759   739  1540 D audio_hw_primary: adev_set_parameters: enter: eq=33333
03-29 13:34:59.759   739  1540 D audio_hw_primary: set_eq value 33333 
03-29 13:34:59.759   739  1540 D audio_hw_primary: set_eq 3 3 3 3 3
03-29 13:34:59.761  1180 10444 D PWMInjector: LayoutParams toString = [{(0,0)(fillxfill) sim={adjust=pan forwardNavigation} blurRatio=1.0 blurMode=0 blurBlack=-1.0 ty=BASE_APPLICATION fmt=TRANSLUCENT wanim=0x10302fa statusBarColor=0
03-29 13:34:59.761  1180 10444 D PWMInjector:   fl=LAYOUT_IN_SCREEN LAYOUT_INSET_DECOR SHOW_WALLPAPER SPLIT_TOUCH HARDWARE_ACCELERATED DRAWS_SYSTEM_BAR_BACKGROUNDS
03-29 13:34:59.761  1180 10444 D PWMInjector:   pfl=FORCE_DRAW_STATUS_BAR_BACKGROUND
03-29 13:34:59.761  1180 10444 D PWMInjector:   vsysui=LAYOUT_STABLE LAYOUT_HIDE_NAVIGATION LAYOUT_FULLSCREEN}], getTitle = [com.blackshark.launcher/com.journeyui.launcher.Launcher], type = [1], flags = [-2121203456], privateFlags = [131072]
03-29 13:34:59.761  2457  2670 V Launcher_superscript: Master Switch value = 1
03-29 13:34:59.763  1180  1411 W libprocessgroup: kill(-24451, 9) failed: No such process
03-29 13:34:59.763  1180 10444 D BsuiWindowController: BsuiLog: SendMessage 1 LISTEN_FOCUS_CHANGED: 0 / {(0,0)(fillxfill) sim={adjust=pan forwardNavigation} blurRatio=1.0 blurMode=0 blurBlack=-1.0 ty=BASE_APPLICATION fmt=TRANSLUCENT wanim=0x10302fa statusBarColor=0
03-29 13:34:59.763  1180 10444 D BsuiWindowController:   fl=LAYOUT_IN_SCREEN LAYOUT_INSET_DECOR SHOW_WALLPAPER SPLIT_TOUCH HARDWARE_ACCELERATED DRAWS_SYSTEM_BAR_BACKGROUNDS
03-29 13:34:59.763  1180 10444 D BsuiWindowController:   pfl=FORCE_DRAW_STATUS_BAR_BACKGROUND
03-29 13:34:59.763  1180 10444 D BsuiWindowController:   vsysui=LAYOUT_STABLE LAYOUT_HIDE_NAVIGATION LAYOUT_FULLSCREEN} observer size: 1
03-29 13:34:59.764  2123  2147 D RecentsImpl: onFocusChanged Title = [com.blackshark.launcher/com.journeyui.launcher.Launcher], type = [1], flags = [-2121203456], privateFlags = [131072]
03-29 13:34:59.768  2186  2186 I Zygote  : Process 24614 exited cleanly (0)
03-29 13:34:59.768  1180  1180 E NotificationListeners: unable to notify listener (removed): android.service.notification.INotificationListener$Stub$Proxy@9064d3c
03-29 13:34:59.768  1180  1180 E NotificationListeners: android.os.DeadObjectException
03-29 13:34:59.768  1180  1180 E NotificationListeners: 	at android.os.BinderProxy.transactNative(Native Method)
03-29 13:34:59.768  1180  1180 E NotificationListeners: 	at android.os.BinderProxy.transact(Binder.java:1127)
03-29 13:34:59.768  1180  1180 E NotificationListeners: 	at android.service.notification.INotificationListener$Stub$Proxy.onNotificationRemoved(INotificationListener.java:277)
03-29 13:34:59.768  1180  1180 E NotificationListeners: 	at com.android.server.notification.NotificationManagerService$NotificationListeners.notifyRemoved(NotificationManagerService.java:6983)
03-29 13:34:59.768  1180  1180 E NotificationListeners: 	at com.android.server.notification.NotificationManagerService$NotificationListeners.access$8500(NotificationManagerService.java:6597)
03-29 13:34:59.768  1180  1180 E NotificationListeners: 	at com.android.server.notification.NotificationManagerService$NotificationListeners$3.run(NotificationManagerService.java:6794)
03-29 13:34:59.768  1180  1180 E NotificationListeners: 	at android.os.Handler.handleCallback(Handler.java:873)
03-29 13:34:59.768  1180  1180 E NotificationListeners: 	at android.os.Handler.dispatchMessage(Handler.java:99)
03-29 13:34:59.768  1180  1180 E NotificationListeners: 	at android.os.Looper.loop(Looper.java:193)
03-29 13:34:59.768  1180  1180 E NotificationListeners: 	at com.android.server.SystemServer.run(SystemServer.java:482)
03-29 13:34:59.768  1180  1180 E NotificationListeners: 	at com.android.server.SystemServer.main(SystemServer.java:312)
03-29 13:34:59.768  1180  1180 E NotificationListeners: 	at java.lang.reflect.Method.invoke(Native Method)
03-29 13:34:59.768  1180  1180 E NotificationListeners: 	at com.android.internal.os.RuntimeInit$MethodAndArgsCaller.run(RuntimeInit.java:499)
03-29 13:34:59.768  1180  1180 E NotificationListeners: 	at com.android.internal.os.ZygoteInit.main(ZygoteInit.java:838)
03-29 13:34:59.768  1180  1411 W libprocessgroup: kill(-24451, 9) failed: No such process
03-29 13:34:59.770  2457  2457 D PromptIconUtil: StartActivityReceiver packageName = null
03-29 13:34:59.770  2457  2457 V BugManager_JNI: bug message start: fd=57,tag =0X01004801
03-29 13:34:59.770  2457  2457 V BugManager_JNI: bug message copy: fd=57,msgid =36563,len=81,msg={"activity":"com.blackshark.launcher/com.journeyui.launcher.Launcher","frames":1}
03-29 13:34:59.770  2457  2457 V BugManager_JNI: bug message stop: fd =57,msgid =36563
03-29 13:34:59.770  2323  2323 E exlight@Service: onNotificationRemoved StatusBarNotification(pkg=com.netease.cloudmusic user=UserHandle{0} id=1 tag=null key=0|com.netease.cloudmusic|1|null|10202: Notification(channel=null pri=2 contentView=null vibrate=null sound=null tick defaults=0x0 flags=0x62 color=0x00000000 vis=PUBLIC))
03-29 13:34:59.770  2323  2323 I : com.netease.cloudmusic::
03-29 13:34:59.771   778   778 E ANDR-IOP: IOP HAL: Received pkg_name = com.google.android.webview:sandboxed_process0 pid = 0
03-29 13:34:59.772  1180 10444 V ActivityManager: autoboot: appDiedLocked() check result: 1  packageName=com.netease.cloudmusic  Uid=99033
03-29 13:34:59.772  1180 10444 W ActivityManager: autoboot: appDiedLocked() -- don't allow died app restart:com.netease.cloudmusic
03-29 13:34:59.772  1180 10444 V ActivityManager: autoboot: handleAppDiedLocked()  check result: 1  packageName=com.netease.cloudmusic Uid=99033
03-29 13:34:59.772  1180 10444 I ActivityManager: autoboot: handleAppDiedLocked() -- don't allow restart this app: com.google.android.webview:sandboxed_process0
03-29 13:34:59.774  2123  2123 D StatusBar: mFMode = 0 isKgShow = false mDuration = 0 mKgdFading = false typeValue = 0
03-29 13:34:59.774  2457  2670 V Launcher_superscript: (com.netease.cloudmusic) allow to show all = 0
03-29 13:34:59.774  2457  2670 V Launcher_superscript: enabled is false
03-29 13:34:59.775   821  9831 V APM_AudioPolicyManager: AudioPolicyManager:setRecordSilenced(uid:99033, silenced:1)
03-29 13:34:59.775   739  1540 D audio_hw_extn: audio_extn_set_anc_parameters: anc_enabled:0
03-29 13:34:59.775   739  1540 D audio_hw_spkr_prot: audio_extn_fbsp_set_parameters: Speaker protection disabled
03-29 13:34:59.775   739  1540 D audio_hw_primary: adev_set_parameters: exit with code(0)
03-29 13:34:59.777  2457  2670 V Launcher_superscript: [value = null] key = com.journeyOS.edge_0 old:0
03-29 13:34:59.781  1180  1411 W libprocessgroup: kill(-24451, 9) failed: No such process
03-29 13:34:59.784  1180 24922 D PWMInjector: update dock should show = false
03-29 13:34:59.787  1180  1411 W libprocessgroup: kill(-24451, 9) failed: No such process
03-29 13:34:59.790  2392  2410 D SmartPolicyDebug: PackageNameMonitor 14,packageName = com.blackshark.launcher
03-29 13:34:59.790  2392  2410 D SmartPolicyDebug: IORWMonitor stop tid: 51
03-29 13:34:59.790  2392  2410 D SmartPolicyDebug: GameMonitor game exit
03-29 13:34:59.793  1180  1411 W libprocessgroup: kill(-24451, 9) failed: No such process
03-29 13:34:59.799 24923 24923 I Zygote  : seccomp disabled by setenforce 0
03-29 13:34:59.800  1180  1411 W libprocessgroup: kill(-24451, 9) failed: No such process
03-29 13:34:59.802  2392  2410 D SmartPolicyDebug: AppModeMapping get factor from orgin table :400000000000000
03-29 13:34:59.802  2392  2410 D SmartPolicyDebug: DeviceFactor onFactoryChanged factorId:32768,state:288230376151711744
03-29 13:34:59.803  2392  2410 D SmartPolicyDebug: DeviceFactor readBrightness brightness = 336, ratio = 1.0, result = 320
03-29 13:34:59.805   770   770 I iris@HAL: irisConfigureSet(51, 1, 0)
03-29 13:34:59.806  2457  2670 V Launcher_superscript: Master Switch value = 1
03-29 13:34:59.807  2392  2410 I SmartPolicyDebug: DeviceFactor readVolume current = 0.0, max = 15.0, ratio = 0.0
03-29 13:34:59.807  2392  2410 I SmartPolicyDebug: DeviceFactor factorId = 8000, add 400000000000000 to para1 : 40a426400000140
03-29 13:34:59.807  2392  2462 D SmartPolicyDebug: InputEventQueue enqueue id:32768[291118123182981440:0:pkg: com.blackshark.launcher, pid: 2457],blocked:false
03-29 13:34:59.807  1180  1411 W libprocessgroup: kill(-24451, 9) failed: No such process
03-29 13:34:59.808  2392  2462 D SmartPolicyDebug: InputEventQueue enqueue add:32768
03-29 13:34:59.810  4887  4887 D SmartDock-Service: other guy(frameworks) has changed dock config = true
03-29 13:34:59.811  2123  2123 V BugManager_JNI: bug message start: fd=89,tag =0X01004801
03-29 13:34:59.811  2123  2123 V BugManager_JNI: bug message copy: fd=89,msgid =36564,len=91,msg={"activity":"com.android.systemui/com.android.systemui.recents.RecentsActivity","frames":2}
03-29 13:34:59.811  2123  2123 V BugManager_JNI: bug message stop: fd =89,msgid =36564
03-29 13:34:59.812  2123 24918 D TaskStack: killBackgroundProcesses=com.baidu.input_heisha
03-29 13:34:59.814  1180  4371 V ActivityManager: autoboot: killBackgroundProcesses check result: 0 Uid = 10079	packageName = com.baidu.input_heisha
03-29 13:34:59.815  2123 24918 D TaskStack: killBackgroundProcesses=com.qualcomm.atfwd
03-29 13:34:59.818  1180  4375 V ActivityManager: autoboot: killBackgroundProcesses check result: 0 Uid = 10085	packageName = com.qualcomm.atfwd
03-29 13:34:59.818  1180  4375 I ActivityManager: Killing 24010:com.qualcomm.telephony/u0a85 (adj 800): kill background
03-29 13:34:59.819  2323  2323 E exlight@Service: onNotificationRemoved StatusBarNotification(pkg=com.journeyOS.edge user=UserHandle{0} id=19573 tag=null key=0|com.journeyOS.edge|19573|null|10206: Notification(channel=com.journeyOS.edge pri=0 contentView=null vibrate=null sound=null tick defaults=0x0 flags=0x62 color=0x00000000 vis=PRIVATE))
03-29 13:34:59.819   770   770 I iris@HAL: irisConfigureSet(0, 1, 2)
03-29 13:34:59.819  2323  2323 I : com.journeyOS.edge:Edge:Edge
03-29 13:34:59.819  1180  1411 W libprocessgroup: kill(-24451, 9) failed: No such process
03-29 13:34:59.819   778   778 E ANDR-IOP: IOP HAL: Received pkg_name = com.qualcomm.telephony pid = 0
03-29 13:34:59.820  2392  2410 D SmartPolicyDebug: NotifyManager write to preference [40a426400000140,0, com.blackshark.launcher]
03-29 13:34:59.820   770   770 I iris@HAL: irisConfigureSet(13, 1, 0)
03-29 13:34:59.820  2392  2410 D SmartPolicyDebug: PackageNameMonitor activityResumed time:83
03-29 13:34:59.820  2392  2410 D SmartPolicyDebug: SmartPolicyService activityResumed mRunningApp =com.blackshark.launcher
03-29 13:34:59.821  1180  4375 W ActivityManager: autoboot: killServicesLocked() -- check result:0 packageName=com.qualcomm.atfwd  uid=10085
03-29 13:34:59.821  1180  4375 W ActivityManager: Scheduling restart of crashed service com.qualcomm.atfwd/.AtFwdService in 1000ms
03-29 13:34:59.821  1180  4375 V ActivityManager: autoboot: handleAppDiedLocked()  check result: 0  packageName=com.qualcomm.atfwd Uid=10085
03-29 13:34:59.826 24923 24923 I .journeyOS.edg: Late-enabling -Xcheck:jni
03-29 13:34:59.825  1180  1411 W libprocessgroup: kill(-24451, 9) failed: No such process
03-29 13:34:59.828  1180  2052 D WifiStateMachine: handleMessage: E msg.what=131155
03-29 13:34:59.828  1180  2052 D WifiStateMachine: processMsg: ConnectedState
03-29 13:34:59.828  1180  2052 D WifiStateMachine:  ConnectedState !CMD_RSSI_POLL rt=168567685/168658911 102 0 "bskj" 04:bd:88:a0:31:91 rssi=-55 f=5745 sc=60 link=650 tx=5.0, 1.1, 0.0  rx=3.3 bcn=2793 [on:0 tx:0 rx:0 period:3001] from screen [on:3258587 period:14642717] score=60
03-29 13:34:59.828  1180  2052 D WifiStateMachine: processMsg: L2ConnectedState
03-29 13:34:59.829  1180  2052 D WifiStateMachine:  L2ConnectedState !CMD_RSSI_POLL rt=168567686/168658912 102 0 "bskj" 04:bd:88:a0:31:91 rssi=-55 f=5745 sc=60 link=650 tx=5.0, 1.1, 0.0  rx=3.3 bcn=2793 [on:0 tx:0 rx:0 period:1] from screen [on:3258587 period:14642718] score=60
03-29 13:34:59.833  2457  2670 V Launcher_superscript: (com.journeyOS.edge) allow to show all = 0
03-29 13:34:59.833  2457  2670 V Launcher_superscript: enabled is false
03-29 13:34:59.835  1180  1411 W libprocessgroup: kill(-24451, 9) failed: No such process
03-29 13:34:59.839   770   770 I iris@HAL: irisConfigureSet(31, 1, 33)
03-29 13:34:59.844   770   770 I iris@HAL: irisConfigureSet(9, 1, 0)
03-29 13:34:59.845  1180  3038 W PW-PwParams: source feature 5, reading mode empty.
03-29 13:34:59.845   770   770 I iris@HAL: irisConfigureSet(10, 1, 0)
03-29 13:34:59.847  1180  3038 W PW-PwParams: source feature 9, contrast empty.
03-29 13:34:59.847  2123  2123 W StaticLayout: maxLineHeight should not be -1.  maxLines:1 lineCount:1
03-29 13:34:59.847  2123  2123 W StaticLayout: maxLineHeight should not be -1.  maxLines:1 lineCount:1
03-29 13:34:59.847   770   770 I iris@HAL: irisConfigureSet(32, 1, 403298305)
03-29 13:34:59.848   770   770 I iris@HAL: irisConfigureSet(26, 1, 3299968)
03-29 13:34:59.849  1180  2052 D WifiStateMachine: fetchRssiLinkSpeedAndFrequencyNative rssi=-56 linkspeed=650 freq=5745
03-29 13:34:59.853  1180  1411 W libprocessgroup: kill(-24451, 9) failed: No such process
03-29 13:34:59.858  2392  2463 D SmartPolicyDebug: InputEventQueue send to list:1, app:pkg: com.blackshark.launcher, pid: 2457
03-29 13:34:59.858  2392  2463 I SmartPolicyDebug: Clients GameSDK: GameSDK = {"packageName":"com.tencent.tmgp.pubgmhd","sceneId":"0","tid":"8416"}
03-29 13:34:59.858  2392  2462 I SmartPolicyDebug: Clients dispatch to 2323 (40a426400000140, 0,pkg: com.blackshark.launcher, pid: 2457)
03-29 13:34:59.859  2392  2462 D SmartPolicyDebug: Clients dispatch json to 2323 {"para1":"291118123182981440","para2":"0","appInfo":{"packageName":"com.blackshark.launcher","pid":2457},"GameSDK":{"packageName":"com.tencent.tmgp.pubgmhd","sceneId":"0","tid":"8416"},"cpu_level":"0"}
03-29 13:34:59.859  2392  2462 I SmartPolicyDebug: Clients dispatch to 2123 (40a426400000140, 0,pkg: com.blackshark.launcher, pid: 2457)
03-29 13:34:59.859  2392  2462 D SmartPolicyDebug: Clients dispatch json to 2123 {"para1":"291118123182981440","para2":"0","appInfo":{"packageName":"com.blackshark.launcher","pid":2457},"GameSDK":{"packageName":"com.tencent.tmgp.pubgmhd","sceneId":"0","tid":"8416"},"cpu_level":"0"}
03-29 13:34:59.859  2323  3366 D exlight@Service: ISmartpolicyListener,  para1: 40a426400000140  para2: 0  packageName: com.blackshark.launcher)]
03-29 13:34:59.859  2392  2462 I SmartPolicyDebug: Clients dispatch to 3939 (40a426400000140, 0,pkg: com.blackshark.launcher, pid: 2457)
03-29 13:34:59.860  2392  2462 D SmartPolicyDebug: Clients dispatch json to 3939 {"para1":"291118123182981440","para2":"0","appInfo":{"packageName":"com.blackshark.launcher","pid":2457},"GameSDK":{"packageName":"com.tencent.tmgp.pubgmhd","sceneId":"0","tid":"8416"},"cpu_level":"0"}
03-29 13:34:59.860  2123  2147 D DockDispatcher: comes in mISmartpolicyListener scene:false
03-29 13:34:59.861  2323  2509 D exlight@Service: EventHubManager@handleEventSynced: {hub_id=LogoEventHub, name=logo_screen_on}
03-29 13:34:59.861  2323  2509 D exlight@Service: EventHubManager@handleEventSynced: {hub_id=SidesEventHub, name=sides_music_start}
03-29 13:34:59.861  3939  3973 V SmartPhoneTag_GameMonitorController: onModeChangedJson :{"para1":"291118123182981440","para2":"0","appInfo":{"packageName":"com.blackshark.launcher","pid":2457},"GameSDK":{"packageName":"com.tencent.tmgp.pubgmhd","sceneId":"0","tid":"8416"},"cpu_level":"0"}
03-29 13:34:59.861  3939  3973 D SmartPhoneTag_GameMonitorController: stopCollectGameInfo()
03-29 13:34:59.861  3939  3973 D SmartPhoneTag_GameMonitorController: value = 291118123182981440 start = 1
03-29 13:34:59.862  2123  2123 W ContextImpl: Calling a method in the system process without a qualified user: android.app.ContextImpl.sendBroadcast:1054 android.content.ContextWrapper.sendBroadcast:444 com.blackshark.event.DockDispatcher$3$1.run:196 android.os.Handler.handleCallback:873 android.os.Handler.dispatchMessage:99 
03-29 13:34:59.863  2392  2637 I android_os_HwBinder: HwBinder: Starting thread pool for default::com.blackshark.game_engine@1.0::IGameEngine
03-29 13:34:59.863   766   766 I GameEngine: notifyGameFactor {"para1":"291118123182981440","para2":"0","appInfo":{"packageName":"com.blackshark.launcher","pid":2457},"GameSDK":{"packageName":"com.tencent.tmgp.pubgmhd","sceneId":"0","tid":"8416"},"cpu_level":"0"}
03-29 13:34:59.863   766   766 I GameEngine: last packageName: com.android.systemui
03-29 13:34:59.863   766   766 I GameEngine: Factor: para1: 0x040a426400000140, para2: 0x0000000000000000
03-29 13:34:59.863  1180  1411 W libprocessgroup: kill(-24451, 9) failed: No such process
03-29 13:34:59.865   766   766 I GameEngine: onGameFactorChanged scenario 0x10, apply policy.
03-29 13:34:59.865  1180 10444 I MediaFocusControl: AudioFocus  removeFocusStackEntryOnDeath(): removing entry for android.os.BinderProxy@1711479
03-29 13:34:59.865   766   766 I GameEngine: applyPolicy AudioConfig, id: 0x00
03-29 13:34:59.865   766   766 I GameEngine: Policy: already applied!
03-29 13:34:59.865   766   766 I GameEngine: applyPolicy CpusetConfig, id: 0x01
03-29 13:34:59.865   766   766 I GameEngine: Sched: applyPolicy load policy - 0x01
03-29 13:34:59.865  2392  2410 W SmartPolicyDebug: SmartPolicyService stopOutput callingPid = 24494, stream = 3,track =3964389376,active:{}
03-29 13:34:59.867  1180  2041 W InputDispatcher: channel 'cab0342 com.journeyOS.edge (server)' ~ Consumer closed input channel or an error occurred.  events=0x9
03-29 13:34:59.867  1180  2041 E InputDispatcher: channel 'cab0342 com.journeyOS.edge (server)' ~ Channel is unrecoverably broken and will be disposed!
03-29 13:34:59.867  1180  2041 W InputDispatcher: channel 'da0deb7 com.journeyOS.edge (server)' ~ Consumer closed input channel or an error occurred.  events=0x9
03-29 13:34:59.867  1180  2041 E InputDispatcher: channel 'da0deb7 com.journeyOS.edge (server)' ~ Channel is unrecoverably broken and will be disposed!
03-29 13:34:59.873  1180  1411 W libprocessgroup: kill(-24451, 9) failed: No such process
03-29 13:34:59.874  1180 10444 D ConnectivityService: ConnectivityService NetworkRequestInfo binderDied(NetworkRequest [ TRACK_DEFAULT id=411, [ Capabilities: INTERNET&NOT_RESTRICTED&TRUSTED Unwanted:  Uid: 10202] ], android.os.BinderProxy@ff8c5be)
03-29 13:34:59.878  1180 14340 D MediaSessionService: Media button session is changed to null
03-29 13:34:59.878  1180  1411 W libprocessgroup: kill(-24451, 9) failed: No such process
03-29 13:34:59.878  1180 14311 D ConnectivityService: ConnectivityService NetworkRequestInfo binderDied(NetworkRequest [ LISTEN id=414, [ Capabilities: INTERNET&NOT_RESTRICTED&TRUSTED&FOREGROUND Unwanted:  Uid: 10202] ], android.os.BinderProxy@6777fca)
03-29 13:34:59.879   660   660 I Zygote  : Process 24469 exited due to signal (9)
03-29 13:34:59.881  1180  1180 E NotificationListeners: unable to notify listener (removed): android.service.notification.INotificationListener$Stub$Proxy@9064d3c
03-29 13:34:59.881  1180  1180 E NotificationListeners: android.os.DeadObjectException
03-29 13:34:59.881  1180  1180 E NotificationListeners: 	at android.os.BinderProxy.transactNative(Native Method)
03-29 13:34:59.881  1180  1180 E NotificationListeners: 	at android.os.BinderProxy.transact(Binder.java:1127)
03-29 13:34:59.881  1180  1180 E NotificationListeners: 	at android.service.notification.INotificationListener$Stub$Proxy.onNotificationRemoved(INotificationListener.java:277)
03-29 13:34:59.881  1180  1180 E NotificationListeners: 	at com.android.server.notification.NotificationManagerService$NotificationListeners.notifyRemoved(NotificationManagerService.java:6983)
03-29 13:34:59.881  1180  1180 E NotificationListeners: 	at com.android.server.notification.NotificationManagerService$NotificationListeners.access$8500(NotificationManagerService.java:6597)
03-29 13:34:59.881  1180  1180 E NotificationListeners: 	at com.android.server.notification.NotificationManagerService$NotificationListeners$3.run(NotificationManagerService.java:6794)
03-29 13:34:59.881  1180  1180 E NotificationListeners: 	at android.os.Handler.handleCallback(Handler.java:873)
03-29 13:34:59.881  1180  1180 E NotificationListeners: 	at android.os.Handler.dispatchMessage(Handler.java:99)
03-29 13:34:59.881  1180  1180 E NotificationListeners: 	at android.os.Looper.loop(Looper.java:193)
03-29 13:34:59.881  1180  1180 E NotificationListeners: 	at com.android.server.SystemServer.run(SystemServer.java:482)
03-29 13:34:59.881  1180  1180 E NotificationListeners: 	at com.android.server.SystemServer.main(SystemServer.java:312)
03-29 13:34:59.881  1180  1180 E NotificationListeners: 	at java.lang.reflect.Method.invoke(Native Method)
03-29 13:34:59.881  1180  1180 E NotificationListeners: 	at com.android.internal.os.RuntimeInit$MethodAndArgsCaller.run(RuntimeInit.java:499)
03-29 13:34:59.881  1180  1180 E NotificationListeners: 	at com.android.internal.os.ZygoteInit.main(ZygoteInit.java:838)
03-29 13:34:59.881  1180  2059 E ConnectivityService: RemoteException caught trying to send a callback msg for NetworkRequest [ TRACK_DEFAULT id=411, [ Capabilities: INTERNET&NOT_RESTRICTED&TRUSTED Unwanted:  Uid: 10202] ]
03-29 13:34:59.882  1180  2059 E ConnectivityService: RemoteException caught trying to send a callback msg for NetworkRequest [ LISTEN id=414, [ Capabilities: INTERNET&NOT_RESTRICTED&TRUSTED&FOREGROUND Unwanted:  Uid: 10202] ]
03-29 13:34:59.882  1180  2059 E ConnectivityService: RemoteException caught trying to send a callback msg for NetworkRequest [ TRACK_DEFAULT id=415, [ Capabilities: INTERNET&NOT_RESTRICTED&TRUSTED Unwanted:  Uid: 10202] ]
03-29 13:34:59.882  1180  2059 E ConnectivityService: RemoteException caught trying to send a callback msg for NetworkRequest [ LISTEN id=416, [ Capabilities: INTERNET&NOT_RESTRICTED&TRUSTED&FOREGROUND Unwanted:  Uid: 10202] ]
03-29 13:34:59.884  1180  1411 W libprocessgroup: kill(-24451, 9) failed: No such process
03-29 13:34:59.884  1180  2059 D ConnectivityService: releasing NetworkRequest [ TRACK_DEFAULT id=411, [ Capabilities: INTERNET&NOT_RESTRICTED&TRUSTED Unwanted:  Uid: 10202] ] (release request)
03-29 13:34:59.887   766   766 I GameEngine: applyPolicy DeviceFreqConfig, id: 0x00
03-29 13:34:59.887   766   766 I GameEngine: Policy: already applied!
03-29 13:34:59.887   766   766 I GameEngine: applyPolicy IOConfig, id: 0x00
03-29 13:34:59.887   766   766 I GameEngine: Policy: already applied!
03-29 13:34:59.887   766   766 I GameEngine: applyPolicy SchedConfig, id: 0x05
03-29 13:34:59.887   766   766 I GameEngine: Policy: already applied!
03-29 13:34:59.887   766   766 I GameEngine: applyPolicy SchedMigrateConfig, id: 0x00
03-29 13:34:59.887   766   766 I GameEngine: Policy: already applied!
03-29 13:34:59.887   766   766 I GameEngine: applyPolicy ThermalConfig, id: 0x10
03-29 13:34:59.887   766   766 I GameEngine: Thermal: switch to config [0x0010]
03-29 13:34:59.887   766   766 I GameEngine: onGameFactorChanged scenario 0xF8, apply policy.
03-29 13:34:59.887   766   766 I GameEngine: applyPolicy ThermalConfig, id: 0xF1
03-29 13:34:59.887   766   766 I GameEngine: Thermal: switch to config [0x00F1]
03-29 13:34:59.887  2392  2637 D SmartPolicyDebug: Clients send to game-engine :{"para1":"291118123182981440","para2":"0","appInfo":{"packageName":"com.blackshark.launcher","pid":2457},"GameSDK":{"packageName":"com.tencent.tmgp.pubgmhd","sceneId":"0","tid":"8416"},"cpu_level":"0"}
03-29 13:34:59.889  2661  2661 D QcrilMsgTunnelIfaceManager: handleMessage what = 1
03-29 13:34:59.889  1180 10535 D AppOps  : startOperation: allowing code 40 uid 1001 package com.qualcomm.qcrilmsgtunnel
03-29 13:34:59.890  2661  2661 I QcrilOemhookMsgTunnel: [0]invokeOemRilRequestRaw: serial=1984 length=24
03-29 13:34:59.891  1180  1411 W libprocessgroup: kill(-24451, 9) failed: No such process
03-29 13:34:59.891  2661  2703 I QcrilOemhookMsgTunnel: [0]processOemHookResponse serial no: 1984 error: 0length=0
03-29 13:34:59.891  2661  2661 D QcrilMsgTunnelIfaceManager: handleMessage what = 2
03-29 13:34:59.893  1180 10535 D AppOps  : startOperation: allowing code 40 uid 1001 package com.qualcomm.qcrilmsgtunnel
03-29 13:34:59.894  1180  9447 D ConnectivityService: ConnectivityService NetworkRequestInfo binderDied(NetworkRequest [ TRACK_DEFAULT id=415, [ Capabilities: INTERNET&NOT_RESTRICTED&TRUSTED Unwanted:  Uid: 10202] ], android.os.BinderProxy@775ce96)
03-29 13:34:59.894  1180 14311 D ConnectivityService: ConnectivityService NetworkRequestInfo binderDied(NetworkRequest [ LISTEN id=416, [ Capabilities: INTERNET&NOT_RESTRICTED&TRUSTED&FOREGROUND Unwanted:  Uid: 10202] ], android.os.BinderProxy@1eda17)
03-29 13:34:59.895  1180  1807 V BugManager_JNI: bug message start: fd=128,tag =0X01004801
03-29 13:34:59.895  1180  1807 V BugManager_JNI: bug message copy: fd=128,msgid =36565,len=46,msg={"activity":"com.android.systemui","frames":5}
03-29 13:34:59.895  1180  1807 V BugManager_JNI: bug message stop: fd =128,msgid =36565
03-29 13:34:59.895  1180  2059 D ConnectivityService: releasing NetworkRequest [ TRACK_DEFAULT id=415, [ Capabilities: INTERNET&NOT_RESTRICTED&TRUSTED Unwanted:  Uid: 10202] ] (release request)
03-29 13:34:59.895  2661  2661 D QcrilMsgTunnelIfaceManager: handleMessage what = 1
03-29 13:34:59.896  2661  2703 I QcrilOemhookMsgTunnel: [0]processOemHookIndication length=28
03-29 13:34:59.897  1180 14340 D AppOps  : startOperation: allowing code 40 uid 1001 package com.qualcomm.qcrilmsgtunnel
03-29 13:34:59.898   660   660 I Zygote  : Process 24451 exited due to signal (9)
03-29 13:34:59.898  2661  2661 I QcrilOemhookMsgTunnel: [1]invokeOemRilRequestRaw: serial=1985 length=24
03-29 13:34:59.898  2661  2661 D QcrilMsgTunnelIfaceManager: handleMessage what = 0
03-29 13:34:59.899  2661  2703 I QcrilOemhookMsgTunnel: [1]processOemHookResponse serial no: 1985 error: 0length=0
03-29 13:34:59.901  1180  8339 D AppOps  : startOperation: allowing code 40 uid 1001 package com.qualcomm.qcrilmsgtunnel
03-29 13:34:59.901  2661  2703 I QcrilOemhookMsgTunnel: [1]processOemHookIndication length=28
03-29 13:34:59.902  2457  2457 V BugManager_JNI: bug message start: fd=57,tag =0X01004801
03-29 13:34:59.902  2457  2457 V BugManager_JNI: bug message copy: fd=57,msgid =36566,len=81,msg={"activity":"com.blackshark.launcher/com.journeyui.launcher.Launcher","frames":7}
03-29 13:34:59.902  2457  2457 V BugManager_JNI: bug message stop: fd =57,msgid =36566
03-29 13:34:59.904   660   660 I Zygote  : Process 24494 exited due to signal (9)
03-29 13:34:59.904   838  1497 W SurfaceFlinger: Attempting to set client state on removed layer: com.android.systemui/com.android.systemui.recents.RecentsActivity#0
03-29 13:34:59.904   838  1497 W SurfaceFlinger: Attempting to destroy on removed layer: com.android.systemui/com.android.systemui.recents.RecentsActivity#0
03-29 13:34:59.905  1180  1411 W libprocessgroup: kill(-24451, 9) failed: No such process
03-29 13:34:59.905  1180  1411 I libprocessgroup: Successfully killed process cgroup uid 10202 pid 24451 in 301ms
03-29 13:34:59.906  1180  1411 W libprocessgroup: kill(-24494, 9) failed: No such process
03-29 13:34:59.906  1180  1411 I libprocessgroup: Successfully killed process cgroup uid 10202 pid 24494 in 0ms
03-29 13:34:59.907  1180  1411 W libprocessgroup: kill(-24201, 9) failed: No such process
03-29 13:34:59.909  1180  1410 I ActivityManager: Start proc 24923:com.journeyOS.edge/u0a206 for activity
03-29 13:34:59.910  2457  2457 E RecyclerView: No adapter attached; skipping layout
03-29 13:34:59.910  1180  8339 D CompatibilityInfo: mCompatibilityFlags - 0
03-29 13:34:59.910  2123 24918 D TaskStack: killBackgroundProcesses=com.qti.diagservices
03-29 13:34:59.910  1180  8339 D CompatibilityInfo: applicationDensity - 420
03-29 13:34:59.910  1180  8339 D CompatibilityInfo: applicationScale - 1.0
03-29 13:34:59.919  2123  2123 D GameDockGameDockController: is support game dock = true
03-29 13:34:59.921  6774  6873 D GameDock-Service: onGameInterface() called with: isGameRunning = [false] : packageName = [com.blackshark.launcher]
03-29 13:34:59.921  6774  6774 D GameDock-DslSpeed: dsl speed toggle = false
03-29 13:34:59.921  6774  6774 D GameVpnManager: update dsl config, enable = [false],  toggle = [false]
03-29 13:34:59.921  6774  6774 D AiAssistantManager: is game runing = false
03-29 13:34:59.921  6774  6774 D AiAssistantManager: game = [com.blackshark.launcher], is support ai = [false]
03-29 13:34:59.921  6774  6774 D AiAssistantManager: setAiAssistant() called with: enable = [false]
03-29 13:34:59.922  2123  2123 D GameDockGameDockController: is support game dock = true
03-29 13:34:59.922  1180 10535 V ActivityManager: autoboot: killBackgroundProcesses check result: 0 Uid = 1000	packageName = com.qti.diagservices
03-29 13:34:59.923  1180 10535 I ActivityManager: Killing 24089:com.qti.diagservices/1000 (adj 800): kill background
03-29 13:34:59.924   778   778 E ANDR-IOP: IOP HAL: Received pkg_name = com.qti.diagservices pid = 0
03-29 13:34:59.924  1180  2052 D WifiScoreReport: score =60
03-29 13:34:59.924  1180 10535 W ActivityManager: autoboot: killServicesLocked() -- check result:0 packageName=com.qti.diagservices  uid=1000
03-29 13:34:59.924  1180 10535 W ActivityManager: Scheduling restart of crashed service com.qti.diagservices/.QTIDiagServices in 10896ms
03-29 13:34:59.925  1180 10535 V ActivityManager: autoboot: handleAppDiedLocked()  check result: 0  packageName=com.qti.diagservices Uid=1000
03-29 13:34:59.925  2392  2410 W SmartPolicyDebug: MediaMonitor onMusicStoped packageName = null
03-29 13:34:59.925  2392  2410 D SmartPolicyDebug: DeviceFactor onFactoryChanged factorId:1024,state:0
03-29 13:34:59.926  2392  2410 D SmartPolicyDebug: DeviceFactor readBrightness brightness = 336, ratio = 1.0, result = 320
03-29 13:34:59.927  6774  6873 D GameDock-Service: onSceneChanged() called with: factorId = [291118123182981440] : packageName = [com.blackshark.launcher]
03-29 13:34:59.927  2123  2123 V BugManager_JNI: bug message start: fd=89,tag =0X01004801
03-29 13:34:59.928  2123  2123 V BugManager_JNI: bug message copy: fd=89,msgid =36567,len=91,msg={"activity":"com.android.systemui/com.android.systemui.recents.RecentsActivity","frames":3}
03-29 13:34:59.928  2123  2123 V BugManager_JNI: bug message stop: fd =89,msgid =36567
03-29 13:34:59.928  2392  2410 I SmartPolicyDebug: DeviceFactor readVolume current = 0.0, max = 15.0, ratio = 0.0
03-29 13:34:59.928  2392  2410 I SmartPolicyDebug: DeviceFactor factorId = 400, add 0 to para1 : 40a402400000140
03-29 13:34:59.928  2392  2462 D SmartPolicyDebug: InputEventQueue enqueue id:1024[291115649281818944:0:pkg: com.blackshark.launcher, pid: 2457],blocked:false
03-29 13:34:59.928  2392  2462 D SmartPolicyDebug: InputEventQueue enqueue add:1024
03-29 13:34:59.930  1180  1409 W Looper  : Slow dispatch took 112ms android.ui h=com.android.server.am.ActivityManagerService$UiHandler c=null m=53
03-29 13:34:59.933  2392  2410 D SmartPolicyDebug: NotifyManager write to preference [40a402400000140,0, com.blackshark.launcher]
03-29 13:34:59.933  1180  2052 D WifiStateMachine: handleMessage: X
03-29 13:34:59.934  2661  2661 D QcrilMsgTunnelIfaceManager: handleMessage what = 2
03-29 13:34:59.934  2661  2661 D QcrilMsgTunnelIfaceManager: handleMessage what = 0
03-29 13:34:59.934  2123 24918 D TaskStack: killBackgroundProcesses=com.blackshark.gamedock
03-29 13:34:59.936  1180  4379 V ActivityManager: autoboot: killBackgroundProcesses check result: 0 Uid = 1000	packageName = com.blackshark.gamedock
03-29 13:34:59.936  2123 24918 D TaskStack: killBackgroundProcesses=android.ext.services
03-29 13:34:59.937  6774  6774 D AiAssistantManager: is ai service running = [false]
03-29 13:34:59.937  6774  6774 D WindowManagerService: setLockVirtualKey() called with: state = [0]
03-29 13:34:59.937  4887  4887 D SmartDock-MediaStateMonitor: on session destroyed
03-29 13:34:59.938  1180  4379 V ActivityManager: autoboot: killBackgroundProcesses check result: 0 Uid = 10027	packageName = android.ext.services
03-29 13:34:59.939  4887  4887 D SmartDock-View: media play state has been updated, state = 0
03-29 13:34:59.939  1180  2070 D WindowManager: setLockVirtualKey 0
03-29 13:34:59.939  4887  4887 D SmartDock-View: media buttons state has been updated, clickable = false
03-29 13:34:59.939  4887  4887 D SmartDock-View: media buttons state has been updated, clickable = false
03-29 13:34:59.939  4887  4887 W SmartDock-MediaStateMonitor: media session was NULL
03-29 13:34:59.939  4887  4887 D SmartDock-View: media buttons state has been updated, clickable = false
03-29 13:34:59.939  4887  4887 D SmartDock-View: media buttons state has been updated, clickable = false
03-29 13:34:59.940   659   659 I Zygote  : Process 24010 exited due to signal (9)
03-29 13:34:59.941  2661  2661 D QcrilMsgTunnelIfaceManager: handleMessage what = 1
03-29 13:34:59.942  2123 24918 D TaskStack: killBackgroundProcesses=com.ted.number
03-29 13:34:59.942  1180  7716 D AppOps  : startOperation: allowing code 40 uid 1001 package com.qualcomm.qcrilmsgtunnel
03-29 13:34:59.942  6774  6774 D VirtualkeyManager: lockVirtualKey() called with: isLocked = [false]
03-29 13:34:59.942  1180 14340 V ActivityManager: autoboot: killBackgroundProcesses check result: 0 Uid = 10097	packageName = com.ted.number
03-29 13:34:59.942  6774  6774 D WindowManagerService: setGamePmtState() called with: state = [false]
03-29 13:34:59.943  2661  2661 I QcrilOemhookMsgTunnel: [0]invokeOemRilRequestRaw: serial=1986 length=24
