03-29 13:34:47.576  1180  2042 D InputDispatcher: notifyMotion -deviceId=5, source=0x1002, policyFlags=0x0, action=0x0, flags=0x0, metaState=0x0, edgeFlags=0x0
03-29 13:34:47.577  1180  2042 D InputDispatcher:   Pointer 0: id=0, x=461.000000, y=1122.000000, pressure=1.000000
03-29 13:34:47.598  1180  1409 D Pointer : onPointerEvent : event = MotionEvent { action=ACTION_DOWN, actionButton=0, id[0]=0, x[0]=461.0, y[0]=1122.0, toolType[0]=TOOL_TYPE_FINGER, buttonState=0, metaState=0, flags=0x0, edgeFlags=0x0, pointerCount=1, historySize=0, eventTime=168555432, downTime=168555432, deviceId=5, source=0x1002 }
03-29 13:34:47.601  1180  1409 D Pointer : onPointerEvent : event = MotionEvent { action=ACTION_MOVE, actionButton=0, id[0]=0, x[0]=461.0, y[0]=1122.0, toolType[0]=TOOL_TYPE_FINGER, buttonState=0, metaState=0, flags=0x0, edgeFlags=0x0, pointerCount=1, historySize=0, eventTime=168555437, downTime=168555432, deviceId=5, source=0x1002 }
03-29 13:34:47.602 24201 24201 W .journeyOS.edg: Accessing hidden method Lcom/android/internal/R$dimen;-><init>()V (light greylist, reflection)
03-29 13:34:47.602 24201 24201 W .journeyOS.edg: Accessing hidden field Lcom/android/internal/R$dimen;->status_bar_height:I (light greylist, reflection)
03-29 13:34:47.663  1180  1409 D Pointer : onPointerEvent : event = MotionEvent { action=ACTION_MOVE, actionButton=0, id[0]=0, x[0]=463.0, y[0]=1122.0, toolType[0]=TOOL_TYPE_FINGER, buttonState=0, metaState=0, flags=0x0, edgeFlags=0x0, pointerCount=1, historySize=0, eventTime=168555507, downTime=168555432, deviceId=5, source=0x1002 }
03-29 13:34:47.664  1180  1409 D Pointer : onPointerEvent : event = MotionEvent { action=ACTION_MOVE, actionButton=0, id[0]=0, x[0]=468.0, y[0]=1122.0, toolType[0]=TOOL_TYPE_FINGER, buttonState=0, metaState=0, flags=0x0, edgeFlags=0x0, pointerCount=1, historySize=1, eventTime=168555515, downTime=168555432, deviceId=5, source=0x1002 }
03-29 13:34:47.684  1180  1409 D Pointer : onPointerEvent : event = MotionEvent { action=ACTION_MOVE, actionButton=0, id[0]=0, x[0]=485.0, y[0]=1122.0, toolType[0]=TOOL_TYPE_FINGER, buttonState=0, metaState=0, flags=0x0, edgeFlags=0x0, pointerCount=1, historySize=3, eventTime=168555532, downTime=168555432, deviceId=5, source=0x1002 }
03-29 13:34:47.700  1180  2052 D WifiStateMachine: handleMessage: E msg.what=131155
03-29 13:34:47.700  1180  2052 D WifiStateMachine: processMsg: ConnectedState
03-29 13:34:47.701  1180  2052 D WifiStateMachine:  ConnectedState !CMD_RSSI_POLL rt=168555558/168646784 102 0 "bskj" 04:bd:88:a0:31:91 rssi=-54 f=5745 sc=60 link=650 tx=3.9, 0.7, 0.0  rx=3.0 bcn=2751 [on:0 tx:0 rx:0 period:3003] from screen [on:3254760 period:14630590] score=60
03-29 13:34:47.701  1180  2052 D WifiStateMachine: processMsg: L2ConnectedState
03-29 13:34:47.701  1180  2052 D WifiStateMachine:  L2ConnectedState !CMD_RSSI_POLL rt=168555559/168646784 102 0 "bskj" 04:bd:88:a0:31:91 rssi=-54 f=5745 sc=60 link=650 tx=3.9, 0.7, 0.0  rx=3.0 bcn=2751 [on:0 tx:0 rx:0 period:0] from screen [on:3254760 period:14630590] score=60
03-29 13:34:47.703  1180  1409 D Pointer : onPointerEvent : event = MotionEvent { action=ACTION_MOVE, actionButton=0, id[0]=0, x[0]=512.0, y[0]=1122.0, toolType[0]=TOOL_TYPE_FINGER, buttonState=0, metaState=0, flags=0x0, edgeFlags=0x0, pointerCount=1, historySize=3, eventTime=168555549, downTime=168555432, deviceId=5, source=0x1002 }
03-29 13:34:47.717  1180  1409 D Pointer : onPointerEvent : event = MotionEvent { action=ACTION_MOVE, actionButton=0, id[0]=0, x[0]=546.0, y[0]=1122.0, toolType[0]=TOOL_TYPE_FINGER, buttonState=0, metaState=0, flags=0x0, edgeFlags=0x0, pointerCount=1, historySize=3, eventTime=168555565, downTime=168555432, deviceId=5, source=0x1002 }
03-29 13:34:47.725  1180  2052 D WifiStateMachine: fetchRssiLinkSpeedAndFrequencyNative rssi=-55 linkspeed=650 freq=5745
03-29 13:34:47.725  1180  2052 D WifiScoreReport: score =60
03-29 13:34:47.732  1180  2052 D WifiStateMachine: handleMessage: X
03-29 13:34:47.736  2123  2451 D NetworkController.WifiSignalController: Change in state from: connected=true,enabled=true,level=4,inetCondition=1,iconGroup=IconGroup(Wi-Fi Icons),activityIn=true,activityOut=true,rssi=-54,lastModified=03-29 13:34:46,ssid="bskj",isTransient=false,statusLabel=null
03-29 13:34:47.736  2123  2451 D NetworkController.WifiSignalController: 	to: connected=true,enabled=true,level=4,inetCondition=1,iconGroup=IconGroup(Wi-Fi Icons),activityIn=true,activityOut=true,rssi=-55,lastModified=03-29 13:34:46,ssid="bskj",isTransient=false,statusLabel=null
03-29 13:34:47.738  1180  1409 D Pointer : onPointerEvent : event = MotionEvent { action=ACTION_MOVE, actionButton=0, id[0]=0, x[0]=587.0, y[0]=1122.0, toolType[0]=TOOL_TYPE_FINGER, buttonState=0, metaState=0, flags=0x0, edgeFlags=0x0, pointerCount=1, historySize=3, eventTime=168555581, downTime=168555432, deviceId=5, source=0x1002 }
03-29 13:34:47.751  1180  1409 D Pointer : onPointerEvent : event = MotionEvent { action=ACTION_MOVE, actionButton=0, id[0]=0, x[0]=635.0, y[0]=1122.0, toolType[0]=TOOL_TYPE_FINGER, buttonState=0, metaState=0, flags=0x0, edgeFlags=0x0, pointerCount=1, historySize=3, eventTime=168555598, downTime=168555432, deviceId=5, source=0x1002 }
03-29 13:34:47.767  1180  1409 D Pointer : onPointerEvent : event = MotionEvent { action=ACTION_MOVE, actionButton=0, id[0]=0, x[0]=687.0, y[0]=1122.0, toolType[0]=TOOL_TYPE_FINGER, buttonState=0, metaState=0, flags=0x0, edgeFlags=0x0, pointerCount=1, historySize=3, eventTime=168555615, downTime=168555432, deviceId=5, source=0x1002 }
03-29 13:34:47.781  1180  1409 D Pointer : onPointerEvent : event = MotionEvent { action=ACTION_MOVE, actionButton=0, id[0]=0, x[0]=740.0, y[0]=1121.0, toolType[0]=TOOL_TYPE_FINGER, buttonState=0, metaState=0, flags=0x0, edgeFlags=0x0, pointerCount=1, historySize=3, eventTime=168555631, downTime=168555432, deviceId=5, source=0x1002 }
03-29 13:34:47.796  1180  1409 D Pointer : onPointerEvent : event = MotionEvent { action=ACTION_MOVE, actionButton=0, id[0]=0, x[0]=762.0, y[0]=1121.0, toolType[0]=TOOL_TYPE_FINGER, buttonState=0, metaState=0, flags=0x0, edgeFlags=0x0, pointerCount=1, historySize=1, eventTime=168555640, downTime=168555432, deviceId=5, source=0x1002 }
03-29 13:34:47.798  1180  1409 D Pointer : onPointerEvent : event = MotionEvent { action=ACTION_MOVE, actionButton=0, id[0]=0, x[0]=776.0, y[0]=1121.0, toolType[0]=TOOL_TYPE_FINGER, buttonState=0, metaState=0, flags=0x0, edgeFlags=0x0, pointerCount=1, historySize=1, eventTime=168555647, downTime=168555432, deviceId=5, source=0x1002 }
03-29 13:34:47.813  1180  1409 D Pointer : onPointerEvent : event = MotionEvent { action=ACTION_MOVE, actionButton=0, id[0]=0, x[0]=798.0, y[0]=1121.0, toolType[0]=TOOL_TYPE_FINGER, buttonState=0, metaState=0, flags=0x0, edgeFlags=0x0, pointerCount=1, historySize=3, eventTime=168555664, downTime=168555432, deviceId=5, source=0x1002 }
03-29 13:34:47.833  1180  1409 D Pointer : onPointerEvent : event = MotionEvent { action=ACTION_MOVE, actionButton=0, id[0]=0, x[0]=824.0, y[0]=1121.0, toolType[0]=TOOL_TYPE_FINGER, buttonState=0, metaState=0, flags=0x0, edgeFlags=0x0, pointerCount=1, historySize=3, eventTime=168555680, downTime=168555432, deviceId=5, source=0x1002 }
03-29 13:34:47.865  1180  1409 D Pointer : onPointerEvent : event = MotionEvent { action=ACTION_MOVE, actionButton=0, id[0]=0, x[0]=896.0, y[0]=1118.0, toolType[0]=TOOL_TYPE_FINGER, buttonState=0, metaState=0, flags=0x0, edgeFlags=0x0, pointerCount=1, historySize=8, eventTime=168555717, downTime=168555432, deviceId=5, source=0x1002 }
03-29 13:34:47.882  1180  1409 D Pointer : onPointerEvent : event = MotionEvent { action=ACTION_MOVE, actionButton=0, id[0]=0, x[0]=929.0, y[0]=1115.0, toolType[0]=TOOL_TYPE_FINGER, buttonState=0, metaState=0, flags=0x0, edgeFlags=0x0, pointerCount=1, historySize=3, eventTime=168555734, downTime=168555432, deviceId=5, source=0x1002 }
03-29 13:34:47.913  1180  1409 D Pointer : onPointerEvent : event = MotionEvent { action=ACTION_MOVE, actionButton=0, id[0]=0, x[0]=942.0, y[0]=1113.0, toolType[0]=TOOL_TYPE_FINGER, buttonState=0, metaState=0, flags=0x0, edgeFlags=0x0, pointerCount=1, historySize=1, eventTime=168555742, downTime=168555432, deviceId=5, source=0x1002 }
03-29 13:34:47.916  1180  1409 D Pointer : onPointerEvent : event = MotionEvent { action=ACTION_MOVE, actionButton=0, id[0]=0, x[0]=975.0, y[0]=1109.0, toolType[0]=TOOL_TYPE_FINGER, buttonState=0, metaState=0, flags=0x0, edgeFlags=0x0, pointerCount=1, historySize=5, eventTime=168555767, downTime=168555432, deviceId=5, source=0x1002 }
03-29 13:34:47.930  1180  1409 D Pointer : onPointerEvent : event = MotionEvent { action=ACTION_MOVE, actionButton=0, id[0]=0, x[0]=990.0, y[0]=1106.0, toolType[0]=TOOL_TYPE_FINGER, buttonState=0, metaState=0, flags=0x0, edgeFlags=0x0, pointerCount=1, historySize=3, eventTime=168555784, downTime=168555432, deviceId=5, source=0x1002 }
03-29 13:34:47.950  1180  1409 D Pointer : onPointerEvent : event = MotionEvent { action=ACTION_MOVE, actionButton=0, id[0]=0, x[0]=994.0, y[0]=1106.0, toolType[0]=TOOL_TYPE_FINGER, buttonState=0, metaState=0, flags=0x0, edgeFlags=0x0, pointerCount=1, historySize=0, eventTime=168555788, downTime=168555432, deviceId=5, source=0x1002 }
03-29 13:34:47.951  1180  1409 D Pointer : onPointerEvent : event = MotionEvent { action=ACTION_MOVE, actionButton=0, id[0]=0, x[0]=1004.0, y[0]=1104.0, toolType[0]=TOOL_TYPE_FINGER, buttonState=0, metaState=0, flags=0x0, edgeFlags=0x0, pointerCount=1, historySize=2, eventTime=168555800, downTime=168555432, deviceId=5, source=0x1002 }
03-29 13:34:47.968  1180  1409 D Pointer : onPointerEvent : event = MotionEvent { action=ACTION_MOVE, actionButton=0, id[0]=0, x[0]=1006.0, y[0]=1104.0, toolType[0]=TOOL_TYPE_FINGER, buttonState=0, metaState=0, flags=0x0, edgeFlags=0x0, pointerCount=1, historySize=0, eventTime=168555804, downTime=168555432, deviceId=5, source=0x1002 }
03-29 13:34:47.969  1180  1409 D Pointer : onPointerEvent : event = MotionEvent { action=ACTION_MOVE, actionButton=0, id[0]=0, x[0]=1015.0, y[0]=1102.0, toolType[0]=TOOL_TYPE_FINGER, buttonState=0, metaState=0, flags=0x0, edgeFlags=0x0, pointerCount=1, historySize=2, eventTime=168555817, downTime=168555432, deviceId=5, source=0x1002 }
03-29 13:34:47.983  1180  1409 D Pointer : onPointerEvent : event = MotionEvent { action=ACTION_MOVE, actionButton=0, id[0]=0, x[0]=1026.0, y[0]=1101.0, toolType[0]=TOOL_TYPE_FINGER, buttonState=0, metaState=0, flags=0x0, edgeFlags=0x0, pointerCount=1, historySize=3, eventTime=168555833, downTime=168555432, deviceId=5, source=0x1002 }
03-29 13:34:48.001  1180  1409 D Pointer : onPointerEvent : event = MotionEvent { action=ACTION_MOVE, actionButton=0, id[0]=0, x[0]=1036.0, y[0]=1101.0, toolType[0]=TOOL_TYPE_FINGER, buttonState=0, metaState=0, flags=0x0, edgeFlags=0x0, pointerCount=1, historySize=3, eventTime=168555850, downTime=168555432, deviceId=5, source=0x1002 }
03-29 13:34:48.013  1180  1409 D Pointer : onPointerEvent : event = MotionEvent { action=ACTION_MOVE, actionButton=0, id[0]=0, x[0]=1043.0, y[0]=1101.0, toolType[0]=TOOL_TYPE_FINGER, buttonState=0, metaState=0, flags=0x0, edgeFlags=0x0, pointerCount=1, historySize=3, eventTime=168555866, downTime=168555432, deviceId=5, source=0x1002 }
03-29 13:34:48.031  1180  1409 D Pointer : onPointerEvent : event = MotionEvent { action=ACTION_MOVE, actionButton=0, id[0]=0, x[0]=1047.0, y[0]=1101.0, toolType[0]=TOOL_TYPE_FINGER, buttonState=0, metaState=0, flags=0x0, edgeFlags=0x0, pointerCount=1, historySize=3, eventTime=168555883, downTime=168555432, deviceId=5, source=0x1002 }
03-29 13:34:48.037  1180  2042 D InputDispatcher: notifyMotion -deviceId=5, source=0x1002, policyFlags=0x0, action=0x1, flags=0x0, metaState=0x0, edgeFlags=0x0
03-29 13:34:48.037  1180  2042 D InputDispatcher:   Pointer 0: id=0, x=1053.000000, y=1101.000000, pressure=1.000000
03-29 13:34:48.046  1180  1409 D Pointer : onPointerEvent : event = MotionEvent { action=ACTION_MOVE, actionButton=0, id[0]=0, x[0]=1053.0, y[0]=1101.0, toolType[0]=TOOL_TYPE_FINGER, buttonState=0, metaState=0, flags=0x0, edgeFlags=0x0, pointerCount=1, historySize=1, eventTime=168555892, downTime=168555432, deviceId=5, source=0x1002 }
03-29 13:34:48.052  1180  1409 D Pointer : onPointerEvent : event = MotionEvent { action=ACTION_UP, actionButton=0, id[0]=0, x[0]=1053.0, y[0]=1101.0, toolType[0]=TOOL_TYPE_FINGER, buttonState=0, metaState=0, flags=0x0, edgeFlags=0x0, pointerCount=1, historySize=0, eventTime=168555894, downTime=168555432, deviceId=5, source=0x1002 }
03-29 13:34:48.053 24201 24201 D Edge-Service: on ball fingerDirection = LONG_RIGHT
03-29 13:34:48.053 24201 24201 D Edge-Dispatcher: gesture fingerDirection = LONG_RIGHT
03-29 13:34:48.055 24201 24317 D Edge-Dispatcher: direction = 1#long_right
03-29 13:34:48.076 24201 24317 D Edge-Dispatcher: gesture = Gesture{gestureDirection='1#long_right', orientation=1, type='music', action='next', comment=''}
03-29 13:34:48.081 24201 24201 D Edge-Dispatcher: gesture type = music
03-29 13:34:48.085 24494 24494 D PlayService: >>>>onStartCommand:Intent { act=com.netease.cloudmusic.PLAYNEXT flg=0x10000000 cmp=com.netease.cloudmusic/.service.PlayService bnds=[0,0][0,0] (has extras) },com.netease.cloudmusic.PLAYNEXT
03-29 13:34:48.086 24494 24627 D PlayService: PlayerHandler,action:4,Intent { act=com.netease.cloudmusic.PLAYNEXT flg=0x10000000 cmp=com.netease.cloudmusic/.service.PlayService bnds=[0,0][0,0] (has extras) },0,0
03-29 13:34:48.086 24494 24627 D PlayService: PLAY_COMMAND.NEXT,1
03-29 13:34:48.087 24494 24627 D PlayService: PLAY_COMMAND.NEXT,2,1
03-29 13:34:48.087 24494 24627 D PlayService: >>>next:true,true
03-29 13:34:48.141 24494 24627 D LocalPlayback: >>>>begin play:com.netease.cloudmusic.module.player.datasource.c@89e706ab,,1338695683,128000
03-29 13:34:48.142 24494 24627 D CloudMusicNativePlayer: call func:void audio::AudioPlayer_reset(JNIEnv*, jobject)
03-29 13:34:48.142 24494 24627 D CloudMusicNativePlayer: Reset AudioPlayer!
03-29 13:34:48.142 24494 24627 D CloudMusicNativePlayer: Reset AudioPlayer1!
03-29 13:34:48.142 24494 24627 D CloudMusicNativePlayer: Stream(1): Stop
03-29 13:34:48.142 24494 24627 D CloudMusicNativePlayer: AudioQueue(1): AudioQueue InValid.
03-29 13:34:48.143 24494 24627 D CloudMusicNativePlayer: AudioQueue(1): AudioQueue InValid Finish.
03-29 13:34:48.143 24494 24627 D CloudMusicNativePlayer: source(1):Stop()
03-29 13:34:48.143 24494 24627 D CloudMusicNativePlayer: source(1):AbortRead()
03-29 13:34:48.143 24494 24627 D CloudMusicNativePlayer: source(1) Close
03-29 13:34:48.143 24494 24627 D CloudMusicNativePlayer: Stream(1): Stop Finish
03-29 13:34:48.143 24494 24627 D CloudMusicNativePlayer: AudioTrack(1): Stop.
03-29 13:34:48.143 24494 24627 D CloudMusicNativePlayer: SetStereoVolume(0.000000-0.000000)
03-29 13:34:48.143 24494 24796 D CloudMusicNativePlayer: Stream(1): Pre Decode State To End(1)
03-29 13:34:48.143 24494 24796 D CloudMusicNativePlayer: AudioStreamTask(1):Stream End.
03-29 13:34:48.144 24494 24796 D CloudMusicNativePlayer: AudioStreamTask(1):Close.
03-29 13:34:48.144 24494 24796 D CloudMusicNativePlayer: Stream(1): Close
03-29 13:34:48.144 24494 24799 E CloudMusicNativePlayer: AudioTrack(1): Write Warning(14336-16384)
03-29 13:34:48.144 24494 24796 E CloudMusicNativePlayer: source(1):AudioSource Closed
03-29 13:34:48.144 24494 24796 D CloudMusicNativePlayer: AudioQueue(1): AudioQueue::Close()
03-29 13:34:48.144 24494 24796 D CloudMusicNativePlayer: AudioQueue(1): AudioQueue::Close() Finish
03-29 13:34:48.144 24494 24796 D CloudMusicNativePlayer: Stream(1): Close Finish
03-29 13:34:48.144 24494 24796 D CloudMusicNativePlayer: AudioStreamTask(1):End.
03-29 13:34:48.144 24494 24795 D CloudMusicNativePlayer: AudioPlayer::OnStreamClose
03-29 13:34:48.147 24494 24627 D CloudMusicNativePlayer: AudioTrack(1): Stop End.
03-29 13:34:48.147 24494 24627 D CloudMusicNativePlayer: Wait stream task Stop!
03-29 13:34:48.147 24494 24627 D CloudMusicNativePlayer: Wait stream task Stop Done!
03-29 13:34:48.147 24494 24627 D CloudMusicNativePlayer: Wait device render task  Stop!
03-29 13:34:48.147 24494 24799 D CloudMusicNativePlayer: AudioRenderTask(1):Device Stopped(-1)
03-29 13:34:48.147  2392  2410 W SmartPolicyDebug: SmartPolicyService stopOutput callingPid = 24494, stream = 3,track =3964389376,active:{}
03-29 13:34:48.148 24494 24799 D CloudMusicNativePlayer: AudioRenderTask(1):Device Final.
03-29 13:34:48.148 24494 24799 D CloudMusicNativePlayer: AudioRenderTask(1):Device Close.
03-29 13:34:48.148  2392  2410 W SmartPolicyDebug: MediaMonitor onMusicStoped packageName = com.netease.cloudmusic
03-29 13:34:48.148 24494 24799 D CloudMusicNativePlayer: AudioTrack(1): Stop.
03-29 13:34:48.148  2392  2410 D SmartPolicyDebug: DatabaseManager queryMode inited true,com.netease.cloudmusic
03-29 13:34:48.148 24494 24799 E CloudMusicNativePlayer: AudioTrack(1): Stopped
03-29 13:34:48.148 24494 24799 D CloudMusicNativePlayer: AudioRenderTask(1):Buffer Clear.
03-29 13:34:48.148 24494 24799 D CloudMusicNativePlayer: AudioRenderTask(1):End.
03-29 13:34:48.149 24494 24627 D CloudMusicNativePlayer: Wait device render task  Stop Done!
03-29 13:34:48.149 24494 24627 D CloudMusicNativePlayer: Decoder(1):Free
03-29 13:34:48.149 24494 24627 D CloudMusicNativePlayer: Decoder(1): Free Finish
03-29 13:34:48.149 24494 24627 D CloudMusicNativePlayer: source(1) free
03-29 13:34:48.149 24494 24627 E CloudMusicNativePlayer: source(1):AudioSource Closed
03-29 13:34:48.149 24494 24627 D CloudMusicNativePlayer: Reset AudioPlayer End!
03-29 13:34:48.149  2392  2410 D SmartPolicyDebug: DeviceFactor onFactoryChanged factorId:1024,state:0
03-29 13:34:48.149 24494 24627 W AudioManager: Use of stream types is deprecated for operations other than volume control
03-29 13:34:48.149 24494 24795 E CloudMusicNativePlayer: AudioPlayer Stream Close Stopped By Reset
03-29 13:34:48.149 24494 24627 W AudioManager: See the documentation of requestAudioFocus() for what to use instead with android.media.AudioAttributes to qualify your playback use case
03-29 13:34:48.150  2392  2410 D SmartPolicyDebug: DeviceFactor readBrightness brightness = 336, ratio = 1.0, result = 320
03-29 13:34:48.150  1180  4375 I MediaFocusControl: requestAudioFocus() from uid/pid 10202/24494 clientId=android.media.AudioManager@808f682com.netease.cloudmusic.module.player.b.b@178c193 callingPack=com.netease.cloudmusic req=1 flags=0x0 sdk=23
03-29 13:34:48.151  2392  2410 I SmartPolicyDebug: DeviceFactor readVolume current = 0.0, max = 15.0, ratio = 0.0
03-29 13:34:48.151  2392  2410 I SmartPolicyDebug: DeviceFactor factorId = 400, add 0 to para1 : a402400000140
03-29 13:34:48.152 24494 24627 D LocalPlayback: >>>tryToGetAudioFocus:2
03-29 13:34:48.152 24494 24627 D CloudMusicNativePlayer: call func:void audio::AudioPlayer_setAudioStreamType(JNIEnv*, jobject, jint)
03-29 13:34:48.152 24494 24627 D CloudMusicNativePlayer: call func:void audio::AudioPlayer_setDataSourceCustom(JNIEnv*, jobject, jobject)
03-29 13:34:48.152  2392  2462 D SmartPolicyDebug: InputEventQueue enqueue id:1024[2885273130107200:0:pkg: com.netease.cloudmusic, pid: 24391],blocked:false
03-29 13:34:48.152 24494 24627 D CloudMusicNativePlayer: source(2) create
03-29 13:34:48.152 24494 24627 D CloudMusicNativePlayer: SetDataSource!
03-29 13:34:48.152  2392  2462 D SmartPolicyDebug: InputEventQueue enqueue add:1024
03-29 13:34:48.159  2392  2410 D SmartPolicyDebug: NotifyManager write to preference [a402400000140,0, com.netease.cloudmusic]
03-29 13:34:48.162 24494 24627 D CloudMusicNativePlayer: call func:void audio::AudioPlayer_prepareAsync(JNIEnv*, jobject)
03-29 13:34:48.162 24494 24627 D CloudMusicNativePlayer: GetCurrentPos Fail Current State(3)
03-29 13:34:48.163 24494 24627 D CloudMusicNativePlayer: GetPlayedTime Fail Current State(3)
03-29 13:34:48.168 24494 24796 D CloudMusicNativePlayer: AudioStreamTask(2):Start.
03-29 13:34:48.168 24494 24796 D CloudMusicNativePlayer: Stream(2):Open.
03-29 13:34:48.168 24494 24796 D CloudMusicNativePlayer: Stream(2):Open Source.
03-29 13:34:48.168 24494 24796 D CloudMusicNativePlayer: Stream(2):Open Decoder.
03-29 13:34:48.170 24494 24796 D CloudMusicNativePlayer: source(2):Native Read Begin.
03-29 13:34:48.182 24494 24627 E com.coloros.mcssdk---: MCS-->isExistPackage NameNotFoundException:com.coloros.mcs
03-29 13:34:48.196 24494 24627 D FloatLyricState: action:com.netease.cloudmusic.LYRIC_ACTION_FROM_NOTI_BUTTON, command:330
03-29 13:34:48.203  2392  2463 D SmartPolicyDebug: InputEventQueue send to list:1, app:pkg: com.netease.cloudmusic, pid: 24391
03-29 13:34:48.203  2392  2463 I SmartPolicyDebug: Clients GameSDK: GameSDK = {"packageName":"com.tencent.tmgp.pubgmhd","sceneId":"0","tid":"8416"}
03-29 13:34:48.203  2392  2462 I SmartPolicyDebug: Clients dispatch to 2323 (a402400000140, 0,pkg: com.netease.cloudmusic, pid: 24391)
03-29 13:34:48.204  2323 12255 D exlight@Service: ISmartpolicyListener,  para1: a402400000140  para2: 0  packageName: com.netease.cloudmusic)]
03-29 13:34:48.204  2392  2462 D SmartPolicyDebug: Clients dispatch json to 2323 {"para1":"2885273130107200","para2":"0","appInfo":{"packageName":"com.netease.cloudmusic","pid":24391},"GameSDK":{"packageName":"com.tencent.tmgp.pubgmhd","sceneId":"0","tid":"8416"},"cpu_level":"0"}
03-29 13:34:48.204  2323  2509 D exlight@Service: EventHubManager@handleEventSynced: {hub_id=LogoEventHub, name=logo_screen_on}
03-29 13:34:48.204  2323  2509 D exlight@Service: EventHubManager@handleEventSynced: {hub_id=SidesEventHub, name=sides_music_ended}
03-29 13:34:48.204 24494 24796 D CloudMusicNativePlayer: source(2):Native Read:1310720 End.
03-29 13:34:48.205  2323  2547 D exlight@Service: [SKW_SIDES_SM] [Charging(*), Idle, ]
03-29 13:34:48.205  2323  2547 D exlight@Service: [SKW_SIDES_SM] Exit  state: Music
03-29 13:34:48.206   739  1540 D audio_hw_primary: adev_set_parameters: enter: audio_lineout=off
03-29 13:34:48.206   739  1540 D audio_hw_primary: enable_audio_lineout value = off
03-29 13:34:48.206   739  1540 D audio_hw_primary: enable_audio_route_for_audio_lineout: enable: 0
03-29 13:34:48.206   739  1540 D audio_hw_primary: disable_audio_route: reset and update mixer path: deep-buffer-playback lineout
03-29 13:34:48.209 24494 24627 D FloatLyricState: action:com.netease.cloudmusic.LYRIC_ACTION_FROM_NOTI_BUTTON, command:330
03-29 13:34:48.209  2392  2637 I android_os_HwBinder: HwBinder: Starting thread pool for default::com.blackshark.game_engine@1.0::IGameEngine
03-29 13:34:48.209   766   766 I GameEngine: notifyGameFactor {"para1":"2885273130107200","para2":"0","appInfo":{"packageName":"com.netease.cloudmusic","pid":24391},"GameSDK":{"packageName":"com.tencent.tmgp.pubgmhd","sceneId":"0","tid":"8416"},"cpu_level":"0"}
03-29 13:34:48.210   766   766 I GameEngine: last packageName: com.netease.cloudmusic
03-29 13:34:48.210   766   766 I GameEngine: Factor: para1: 0x000a402400000140, para2: 0x0000000000000000
03-29 13:34:48.213   766   766 I GameEngine: onGameFactorChanged scenario 0xF8, apply policy.
03-29 13:34:48.213   766   766 I GameEngine: applyPolicy ThermalConfig, id: 0xF1
03-29 13:34:48.213   766   766 I GameEngine: Thermal: switch to config [0x00F1]
03-29 13:34:48.213   766   766 I GameEngine: onGameFactorChanged apply default policy.
03-29 13:34:48.213   766   766 I GameEngine: applyPolicy AudioConfig, id: 0x00
03-29 13:34:48.213   766   766 I GameEngine: Policy: already applied!
03-29 13:34:48.213   766   766 I GameEngine: applyPolicy CpusetConfig, id: 0x00
03-29 13:34:48.213   766   766 I GameEngine: Policy: already applied!
03-29 13:34:48.213   766   766 I GameEngine: applyPolicy DeviceFreqConfig, id: 0x00
03-29 13:34:48.213   766   766 I GameEngine: Policy: already applied!
03-29 13:34:48.213   766   766 I GameEngine: applyPolicy IOConfig, id: 0x00
03-29 13:34:48.213   766   766 I GameEngine: Policy: already applied!
03-29 13:34:48.213   766   766 I GameEngine: applyPolicy SchedConfig, id: 0x00
03-29 13:34:48.213   766   766 I GameEngine: Policy: already applied!
03-29 13:34:48.213   766   766 I GameEngine: applyPolicy SchedMigrateConfig, id: 0x00
03-29 13:34:48.213   766   766 I GameEngine: Policy: already applied!
03-29 13:34:48.213   766   766 I GameEngine: applyPolicy ThermalConfig, id: 0x10
03-29 13:34:48.213   766   766 I GameEngine: Thermal: switch to config [0x0010]
03-29 13:34:48.214  2392  2637 D SmartPolicyDebug: Clients send to game-engine :{"para1":"2885273130107200","para2":"0","appInfo":{"packageName":"com.netease.cloudmusic","pid":24391},"GameSDK":{"packageName":"com.tencent.tmgp.pubgmhd","sceneId":"0","tid":"8416"},"cpu_level":"0"}
03-29 13:34:48.217 24494 24796 D CloudMusicNativePlayer: AVIOSeek:(0, 65536)
03-29 13:34:48.217 24494 24796 D CloudMusicNativePlayer: FFmpeg GetSize (5018062)!
03-29 13:34:48.217 24494 24796 D CloudMusicNativePlayer: AVIOSeek:(0, 65536)
03-29 13:34:48.217 24494 24796 D CloudMusicNativePlayer: FFmpeg GetSize (5018062)!
03-29 13:34:48.219 24494 24796 D CloudMusicNativePlayer: AVIOSeek:(0, 65536)
03-29 13:34:48.219 24494 24796 D CloudMusicNativePlayer: FFmpeg GetSize (5018062)!
03-29 13:34:48.219 24494 24796 D CloudMusicNativePlayer: AVIOSeek:(0, 65536)
03-29 13:34:48.219 24494 24796 D CloudMusicNativePlayer: FFmpeg GetSize (5018062)!
03-29 13:34:48.219 24494 24796 D CloudMusicNativePlayer: AVIOSeek:(0, 65536)
03-29 13:34:48.219 24494 24796 D CloudMusicNativePlayer: FFmpeg GetSize (5018062)!
03-29 13:34:48.219 24494 24796 D CloudMusicNativePlayer: Decoder(2): Stream index:0, stream_type:1, duration:313.600006
03-29 13:34:48.219 24494 24796 D CloudMusicNativePlayer: Decoder(2): Codec ID(86017) Code Info:Audio: mp3, 44100 Hz, stereo, s16p, 128 kb/s
03-29 13:34:48.219 24494 24796 D CloudMusicNativePlayer: Decoder(2): Pre Codec Open
03-29 13:34:48.219 24494 24796 D CloudMusicNativePlayer: format:mp3
03-29 13:34:48.219 24494 24796 D CloudMusicNativePlayer: support fast seek:1
03-29 13:34:48.219 24494 24796 D CloudMusicNativePlayer: Stream(2):Open Decoder End.
03-29 13:34:48.219 24494 24796 D CloudMusicNativePlayer: AudioStreamTask(2):Stream Wait Open
03-29 13:34:48.219 24494 24795 D CloudMusicNativePlayer: Player(2) Stream Open
03-29 13:34:48.220 24494 24795 D CloudMusicNativePlayer: Player(2) OpenDevice Begin
03-29 13:34:48.220 24494 24795 D CloudMusicNativePlayer: AudioTrack(2):Opened
03-29 13:34:48.220 24494 24795 D CloudMusicNativePlayer: AudioTrack(2): Device Flush
03-29 13:34:48.220 24494 24795 D CloudMusicNativePlayer: Player(2) OpenDevice Done (0)
03-29 13:34:48.220 24494 24795 D CloudMusicNativePlayer: SetStereoVolume(1.000000-1.000000)
03-29 13:34:48.220 24494 24795 D CloudMusicNativePlayer: Player(2) Stream Open Done(0)
03-29 13:34:48.220 24494 24795 D CloudMusicNativePlayer: PostNativeMsg: what:1, args:0, args2:0
03-29 13:34:48.221 24494 24799 D CloudMusicNativePlayer: AudioRenderTask(2): Run begin!
03-29 13:34:48.221 24494 24799 D CloudMusicNativePlayer: AudioRenderTask(2):Prepare!
03-29 13:34:48.221 24494 24799 D CloudMusicNativePlayer: AudioRenderTask(2):Prepare Finish!
03-29 13:34:48.221 24494 24799 D CloudMusicNativePlayer: AudioRenderTask(2):Device Init!
03-29 13:34:48.221 24494 24795 D CloudMusicNativePlayer: PostNativeMsg End: what:1, args:0, args2:0
03-29 13:34:48.221 24494 24799 D CloudMusicNativePlayer: AudioRenderTask(2):Running 
03-29 13:34:48.221 24494 24796 D CloudMusicNativePlayer: AudioStreamTask(2):Stream Run.
03-29 13:34:48.221 24494 24796 D CloudMusicNativePlayer: Stream(2): Looping Run
03-29 13:34:48.226  4887  4887 D SmartDock-MediaStateMonitor: on playback state changed = PlaybackState {state=3, position=0, buffered position=0, speed=1.0, updated=168647308, actions=822, custom actions=[], active item id=-1, error=null}
03-29 13:34:48.226  4887  4887 D SmartDock-View: media play state has been updated, state = 3
03-29 13:34:48.227 24494 24627 D LocalPlayback: >>>>onPrepared:com.netease.cloudmusic.module.player.NeteaseAudioPlayer@216317e,-2147483648
03-29 13:34:48.229  4887  4887 D SmartDock-MediaStateMonitor: on metadata changed =  (), , 
03-29 13:34:48.238 24494 24627 D CloudMusicNativePlayer: call func:jint audio::AudioPlayer_getAudioSessionId(JNIEnv*, jobject)
03-29 13:34:48.238 24494 24627 D LocalPlayback: >>>>configMediaPlayerState00:-2147483648,2,true,true
03-29 13:34:48.238 24494 24627 D CloudMusicNativePlayer: setVolume(1.000000-1.000000)
03-29 13:34:48.238 24494 24627 D CloudMusicNativePlayer: SetStereoVolume(1.000000-1.000000)
03-29 13:34:48.238 24494 24627 D CloudMusicNativePlayer: call func:jint audio::AudioPlayer_getPlayState(JNIEnv*, jobject)
03-29 13:34:48.238 24494 24627 D LocalPlayback: >>>>configMediaPlayerState:0,0,-2147483648
03-29 13:34:48.238 24494 24627 D LocalPlayback: >>>resumeInnerJust:com.netease.cloudmusic.module.player.NeteaseAudioPlayer@216317e,2
03-29 13:34:48.238 24494 24627 W AudioManager: Use of stream types is deprecated for operations other than volume control
03-29 13:34:48.238 24494 24627 W AudioManager: See the documentation of requestAudioFocus() for what to use instead with android.media.AudioAttributes to qualify your playback use case
03-29 13:34:48.238  1180  7716 I MediaFocusControl: requestAudioFocus() from uid/pid 10202/24494 clientId=android.media.AudioManager@808f682com.netease.cloudmusic.module.player.b.b@178c193 callingPack=com.netease.cloudmusic req=1 flags=0x0 sdk=23
03-29 13:34:48.240 24494 24627 D LocalPlayback: >>>tryToGetAudioFocus:2
03-29 13:34:48.240  1180  7716 D AppOps  : startOperation: allowing code 40 uid 10202 package com.netease.cloudmusic
03-29 13:34:48.241 24494 24627 D CloudMusicNativePlayer: call func:void audio::AudioPlayer_start(JNIEnv*, jobject)
03-29 13:34:48.241 24494 24627 D CloudMusicNativePlayer: Player Play!
03-29 13:34:48.241 24494 24627 D CloudMusicNativePlayer: Player Play finish!
03-29 13:34:48.241 24494 24795 D CloudMusicNativePlayer: DoPlay (5)!
03-29 13:34:48.241 24494 24795 D CloudMusicNativePlayer: AudioTrack(2): Play(1)
03-29 13:34:48.241 24494 24795 D CloudMusicNativePlayer: DoPlay Finish!
03-29 13:34:48.245 24494 24799 D CloudMusicNativePlayer: AudioTrack(2): reset base time_line(0)
03-29 13:34:48.247  2392  2410 D SmartPolicyDebug: DatabaseManager queryMode inited true,com.netease.cloudmusic
03-29 13:34:48.247  2392  2410 W SmartPolicyDebug: SmartPolicyService startOutput callingPid = 24494, callingUid = 1041, stream = 3, package = com.netease.cloudmusic,track =3964389376,active:{3964389376}
03-29 13:34:48.247  2392  2410 W SmartPolicyDebug: MediaMonitor onMusicStarted packageName = com.netease.cloudmusic
03-29 13:34:48.247  2392  2410 D SmartPolicyDebug: DatabaseManager queryMode inited true,com.netease.cloudmusic
03-29 13:34:48.247  2392  2410 D SmartPolicyDebug: MediaMonitor policyMode = 2,packageName = com.netease.cloudmusic
03-29 13:34:48.248  2392  2410 D SmartPolicyDebug: DeviceFactor onFactoryChanged factorId:1024,state:2473901162496
03-29 13:34:48.249  2392  2410 D SmartPolicyDebug: DeviceFactor readBrightness brightness = 336, ratio = 1.0, result = 320
03-29 13:34:48.250  2392  2410 I SmartPolicyDebug: DeviceFactor readVolume current = 0.0, max = 15.0, ratio = 0.0
03-29 13:34:48.250  2392  2410 I SmartPolicyDebug: DeviceFactor factorId = 400, add 24000000000 to para1 : a426400000140
03-29 13:34:48.250  2392  2462 D SmartPolicyDebug: InputEventQueue enqueue id:1024[2887747031269696:0:pkg: com.netease.cloudmusic, pid: 24391],blocked:false
03-29 13:34:48.250  2392  2462 D SmartPolicyDebug: InputEventQueue enqueue add:1024
03-29 13:34:48.252  2392  2410 D SmartPolicyDebug: NotifyManager write to preference [a426400000140,0, com.netease.cloudmusic]
03-29 13:34:48.259 24494 24627 E com.coloros.mcssdk---: MCS-->isExistPackage NameNotFoundException:com.coloros.mcs
03-29 13:34:48.260   739  1540 D soundtrigger: audio_extn_sound_trigger_update_stream_status: uc_info->id 0 of type 0 for Event 2, with Raise=1
03-29 13:34:48.260   739  1540 I sound_trigger_platform: platform_stdev_check_and_update_concurrency: Received STREAM event, event type 2, usecase type 0
03-29 13:34:48.260   739  1540 D sound_trigger_platform: platform_stdev_check_and_update_concurrency: dedicated path 1, reset backend 1, tx 0, rx 1,concurrency session allowed
03-29 13:34:48.260   739  1540 D hardware_info: hw_info_append_hw_type : device_name = lineout
03-29 13:34:48.260   739  1540 D audio_hw_primary: disable_snd_device: snd_device(8: lineout)
03-29 13:34:48.260   739  1540 D msm8974_platform: platform_split_snd_device: snd_device(8) num devices(0) new_snd_devices(0)
03-29 13:34:48.267   739  1540 I soundtrigger: audio_extn_sound_trigger_update_device_status: device 0x8 of type 0 for Event 0, with Raise=0
03-29 13:34:48.267   739  1540 D audio_hw_extn: audio_extn_set_anc_parameters: anc_enabled:0
03-29 13:34:48.267   739  1540 D audio_hw_spkr_prot: audio_extn_fbsp_set_parameters: Speaker protection disabled
03-29 13:34:48.267   739  1540 D audio_hw_primary: adev_set_parameters: exit with code(0)
03-29 13:34:48.268  2323  2547 E exlight@Service: AnimatorManager@getAnimator: invalid AnimateData .
03-29 13:34:48.268  2323  2547 E exlight@Service: RenderManager@stopAnimate: get null animator.
03-29 13:34:48.268  2323  2547 D exlight@Service: [SKW_SIDES_SM] Enter state: Charging
03-29 13:34:48.272  2323  2487 D exlight@Service: AbsHalIoctlRender@handleMessageSynced: animator[sides_keep_on] has already attached!
03-29 13:34:48.272 24494 24627 E com.coloros.mcssdk---: MCS-->isExistPackage NameNotFoundException:com.coloros.mcs
03-29 13:34:48.273   764   764 W exlight@HAL1.7: request://workID=ioctl_sides_default_music,cmd=val_cmd_ended,cbDelay=0,durLV=1,loop=0,dcLV=5,pallet=[0x00000000,0x00008000],multiColor=0,light_start=0,light_num=0,session=28659,callback=0x0,configInfo={}
03-29 13:34:48.273   764   786 W exlight@HAL1.7: ::ioctl-> animID:4, duration:1, loop:0, pallet:[00 00 00  00 26 00], imax:5, rainbow:0
03-29 13:34:48.273  4887  4887 D SmartDock-MediaStateMonitor: on playback state changed = PlaybackState {state=3, position=0, buffered position=0, speed=1.0, updated=168647354, actions=822, custom actions=[], active item id=-1, error=null}
03-29 13:34:48.273  4887  4887 D SmartDock-View: media play state has been updated, state = 3
03-29 13:34:48.274   764   764 W exlight@HAL1.7: request://workID=ioctl_sides_keep_on,cmd=val_cmd_start,cbDelay=0,durLV=2,loop=0,dcLV=5,pallet=[0x00000000,0x00004400],multiColor=0,light_start=0,light_num=5,session=28728,callback=0x0,configInfo={}
03-29 13:34:48.276 24494 24627 E com.coloros.mcssdk---: MCS-->isExistPackage NameNotFoundException:com.coloros.mcs
03-29 13:34:48.281 24494 24627 I chatty  : uid=10202 com.netease.cloudmusic:play identical 1 line
03-29 13:34:48.285 24494 24627 E com.coloros.mcssdk---: MCS-->isExistPackage NameNotFoundException:com.coloros.mcs
03-29 13:34:48.293   764   786 W exlight@HAL1.7: AbsWorkHandler::handleMessage MSG_START_WORK handler:id_operator, work:ioctl_sides_keep_on
03-29 13:34:48.294   764   786 W exlight@HAL1.7: ::ioctl-> animID:18, duration:2, loop:0, pallet:[00 00 00  00 14 00], imax:5, rainbow:0
03-29 13:34:48.296 24494 24627 E com.coloros.mcssdk---: MCS-->isExistPackage NameNotFoundException:com.coloros.mcs
03-29 13:34:48.301  2392  2463 D SmartPolicyDebug: InputEventQueue send to list:1, app:pkg: com.netease.cloudmusic, pid: 24391
03-29 13:34:48.301  2392  2463 I SmartPolicyDebug: Clients GameSDK: GameSDK = {"packageName":"com.tencent.tmgp.pubgmhd","sceneId":"0","tid":"8416"}
03-29 13:34:48.301  2392  2462 I SmartPolicyDebug: Clients dispatch to 2323 (a426400000140, 0,pkg: com.netease.cloudmusic, pid: 24391)
03-29 13:34:48.301  2323  3366 D exlight@Service: ISmartpolicyListener,  para1: a426400000140  para2: 0  packageName: com.netease.cloudmusic)]
03-29 13:34:48.302  2392  2462 D SmartPolicyDebug: Clients dispatch json to 2323 {"para1":"2887747031269696","para2":"0","appInfo":{"packageName":"com.netease.cloudmusic","pid":24391},"GameSDK":{"packageName":"com.tencent.tmgp.pubgmhd","sceneId":"0","tid":"8416"},"cpu_level":"0"}
03-29 13:34:48.302  2323  2509 D exlight@Service: EventHubManager@handleEventSynced: {hub_id=LogoEventHub, name=logo_screen_on}
03-29 13:34:48.302  2323  2509 D exlight@Service: EventHubManager@handleEventSynced: {hub_id=SidesEventHub, name=sides_music_start}
03-29 13:34:48.303  2323  2547 D exlight@Service: [SKW_SIDES_SM] [Music(*), Charging, Idle, ]
03-29 13:34:48.303  2323  2547 D exlight@Service: [SKW_SIDES_SM] Exit  state: Charging
03-29 13:34:48.303  2323  2547 E exlight@Service: AnimatorManager@getAnimator: invalid AnimateData .
03-29 13:34:48.303  2323  2547 E exlight@Service: RenderManager@stopAnimate: get null animator.
03-29 13:34:48.303  2323  2547 D exlight@Service: [SKW_SIDES_SM] Enter state: Music
03-29 13:34:48.305  2392  2637 I android_os_HwBinder: HwBinder: Starting thread pool for default::com.blackshark.game_engine@1.0::IGameEngine
03-29 13:34:48.305 24494 24627 E com.coloros.mcssdk---: MCS-->isExistPackage NameNotFoundException:com.coloros.mcs
03-29 13:34:48.305   766   766 I GameEngine: notifyGameFactor {"para1":"2887747031269696","para2":"0","appInfo":{"packageName":"com.netease.cloudmusic","pid":24391},"GameSDK":{"packageName":"com.tencent.tmgp.pubgmhd","sceneId":"0","tid":"8416"},"cpu_level":"0"}
03-29 13:34:48.305   766   766 I GameEngine: last packageName: com.netease.cloudmusic
03-29 13:34:48.305   766   766 I GameEngine: Factor: para1: 0x000a426400000140, para2: 0x0000000000000000
03-29 13:34:48.307   766   766 I GameEngine: onGameFactorChanged scenario 0xF8, apply policy.
03-29 13:34:48.307   766   766 I GameEngine: applyPolicy ThermalConfig, id: 0xF1
03-29 13:34:48.307   766   766 I GameEngine: Thermal: switch to config [0x00F1]
03-29 13:34:48.307   766   766 I GameEngine: onGameFactorChanged apply default policy.
03-29 13:34:48.307   766   766 I GameEngine: applyPolicy AudioConfig, id: 0x00
03-29 13:34:48.307   766   766 I GameEngine: Policy: already applied!
03-29 13:34:48.307   766   766 I GameEngine: applyPolicy CpusetConfig, id: 0x00
03-29 13:34:48.307   766   766 I GameEngine: Policy: already applied!
03-29 13:34:48.307   766   766 I GameEngine: applyPolicy DeviceFreqConfig, id: 0x00
03-29 13:34:48.307   766   766 I GameEngine: Policy: already applied!
03-29 13:34:48.307   766   766 I GameEngine: applyPolicy IOConfig, id: 0x00
03-29 13:34:48.307   766   766 I GameEngine: Policy: already applied!
03-29 13:34:48.307   766   766 I GameEngine: applyPolicy SchedConfig, id: 0x00
03-29 13:34:48.308   766   766 I GameEngine: Policy: already applied!
03-29 13:34:48.308   766   766 I GameEngine: applyPolicy SchedMigrateConfig, id: 0x00
03-29 13:34:48.308   766   766 I GameEngine: Policy: already applied!
03-29 13:34:48.308   766   766 I GameEngine: applyPolicy ThermalConfig, id: 0x10
03-29 13:34:48.308   766   766 I GameEngine: Thermal: switch to config [0x0010]
03-29 13:34:48.308  2392  2637 D SmartPolicyDebug: Clients send to game-engine :{"para1":"2887747031269696","para2":"0","appInfo":{"packageName":"com.netease.cloudmusic","pid":24391},"GameSDK":{"packageName":"com.tencent.tmgp.pubgmhd","sceneId":"0","tid":"8416"},"cpu_level":"0"}
03-29 13:34:48.310 24494 24627 E com.coloros.mcssdk---: MCS-->isExistPackage NameNotFoundException:com.coloros.mcs
03-29 13:34:48.324 24494 24627 I chatty  : uid=10202 com.netease.cloudmusic:play identical 2 lines
03-29 13:34:48.331 24494 24627 E com.coloros.mcssdk---: MCS-->isExistPackage NameNotFoundException:com.coloros.mcs
03-29 13:34:48.337  2323  2323 E exlight@Service: onNotificationPosted StatusBarNotification(pkg=com.netease.cloudmusic user=UserHandle{0} id=1 tag=null key=0|com.netease.cloudmusic|1|null|10202: Notification(channel=null pri=2 contentView=com.netease.cloudmusic/0x7f0403f5 vibrate=null sound=null tick defaults=0x0 flags=0x62 color=0x00000000 vis=PUBLIC))
03-29 13:34:48.338  2323  2323 I : com.netease.cloudmusic::
03-29 13:34:48.338 24494 24627 E com.coloros.mcssdk---: MCS-->isExistPackage NameNotFoundException:com.coloros.mcs
03-29 13:34:48.346 24494 24627 E com.coloros.mcssdk---: MCS-->isExistPackage NameNotFoundException:com.coloros.mcs
03-29 13:34:48.348 24201 24201 W Edge-MusicManager:  StatusBarNotification = StatusBarNotification(pkg=com.netease.cloudmusic user=UserHandle{0} id=1 tag=null key=0|com.netease.cloudmusic|1|null|10202: Notification(channel=null pri=2 contentView=com.netease.cloudmusic/0x7f0403f5 vibrate=null sound=null tick defaults=0x0 flags=0x62 color=0x00000000 vis=PUBLIC))
03-29 13:34:48.361 24494 24627 E com.coloros.mcssdk---: MCS-->isExistPackage NameNotFoundException:com.coloros.mcs
03-29 13:34:48.368 24494 24627 E com.coloros.mcssdk---: MCS-->isExistPackage NameNotFoundException:com.coloros.mcs
03-29 13:34:48.370 24201 24201 D Edge-NeteaseMusic: view id = notifyAlbumCover
03-29 13:34:48.370 24201 24201 D Edge-NeteaseMusic: view id = playNotificationStop
03-29 13:34:48.370 24201 24201 D Edge-NeteaseMusic: view id = playNotificationText
03-29 13:34:48.370 24201 24201 D Edge-NeteaseMusic: text id = notifyTitle
03-29 13:34:48.370 24201 24201 D Edge-NeteaseMusic: text id = notifyText
03-29 13:34:48.371 24201 24201 D Edge-NeteaseMusic: view id = playNotificationLine
03-29 13:34:48.371 24201 24201 D Edge-NeteaseMusic: view id = playNotificationBtns
03-29 13:34:48.371 24201 24201 D Edge-NeteaseMusic: button id = playNotificationStar
03-29 13:34:48.371 24201 24201 D Edge-NeteaseMusic: button id = playNotificationPre
03-29 13:34:48.371 24201 24201 D Edge-NeteaseMusic: button id = playNotificationToggle
03-29 13:34:48.372 24201 24201 D Edge-NeteaseMusic: button id = playNotificationNext
03-29 13:34:48.372 24201 24201 D Edge-NeteaseMusic: button id = playNotificationLyric
03-29 13:34:48.372 24201 24201 D Edge-NotificationManager: barrage toggle was false
03-29 13:34:48.378 24494 24627 E com.coloros.mcssdk---: MCS-->isExistPackage NameNotFoundException:com.coloros.mcs
03-29 13:34:48.380  4887  4887 D SmartDock-MediaInfo: Artist = [] , Title = [ ()] , Icon or Thumbnail = [null]
03-29 13:34:48.380  4887  4887 D SmartDock-MediaInfo:  , Try to get icon or Thumbnail again = [null] , Uri(icon or thumbnail) = [null]
03-29 13:34:48.380  4887  4887 D SmartDock-WindowManager: MediaStateMonitorGet the session owner's package name = com.netease.cloudmusic
03-29 13:34:48.382 24494 24627 E com.coloros.mcssdk---: MCS-->isExistPackage NameNotFoundException:com.coloros.mcs
03-29 13:34:48.420 24494 24627 I chatty  : uid=10202 com.netease.cloudmusic:play identical 6 lines
03-29 13:34:48.426 24494 24627 E com.coloros.mcssdk---: MCS-->isExistPackage NameNotFoundException:com.coloros.mcs
03-29 13:34:48.438  4887  4887 D SmartDock-View: media info has been updated, MediaInfo = MediaInfo{title= () artist=}
03-29 13:34:48.508   739  1540 D audio_hw_primary: adev_set_parameters: enter: audio_lineout=on
03-29 13:34:48.508   739  1540 D audio_hw_primary: enable_audio_lineout value = on
03-29 13:34:48.508   739  1540 D audio_hw_primary: enable_audio_route_for_audio_lineout: enable: 1
03-29 13:34:48.508   739  1540 D hardware_info: hw_info_append_hw_type : device_name = lineout
03-29 13:34:48.508   739  1540 D msm8974_platform: platform_split_snd_device: snd_device(8) num devices(0) new_snd_devices(0)
03-29 13:34:48.508   739  1540 D audio_hw_primary: enable_snd_device: snd_device(8: lineout)
03-29 13:34:48.508   739  1540 I soundtrigger: audio_extn_sound_trigger_update_device_status: device 0x8 of type 0 for Event 1, with Raise=0
03-29 13:34:48.508   739  1540 D audio_route: Apply path: lineout
03-29 13:34:48.530   739  1540 D soundtrigger: audio_extn_sound_trigger_update_stream_status: uc_info->id 0 of type 0 for Event 3, with Raise=1
03-29 13:34:48.530   739  1540 I sound_trigger_platform: platform_stdev_check_and_update_concurrency: Received STREAM event, event type 3, usecase type 0
03-29 13:34:48.530   739  1540 D sound_trigger_platform: platform_stdev_check_and_update_concurrency: dedicated path 1, reset backend 1, tx 0, rx 2,concurrency session allowed
03-29 13:34:48.530   739  1540 D audio_hw_utils: audio_extn_utils_send_app_type_cfg: usecase->out_snd_device lineout
03-29 13:34:48.530   739  1540 D msm8974_platform: platform_split_snd_device: snd_device(8) num devices(0) new_snd_devices(0)
03-29 13:34:48.530   739  1540 D audio_hw_utils: audio_extn_btsco_get_sample_rate:Not a BT SCO device, need not update sampling rate
03-29 13:34:48.531   739  1540 I audio_hw_utils: send_app_type_cfg_for_device PLAYBACK app_type 69937, acdb_dev_id 10, sample_rate 48000, snd_device_be_idx 2
03-29 13:34:48.531   739  1540 D msm8974_platform: platform_split_snd_device: snd_device(8) num devices(1) new_snd_devices(0)
03-29 13:34:48.531   739  1540 D msm8974_platform: platform_send_audio_calibration: sending audio calibration for snd_device(8) acdb_id(10)
03-29 13:34:48.531   739  1540 D ACDB-LOADER: ACDB -> send_audio_cal, acdb_id = 10, path = 0, app id = 0x11131, sample rate = 48000
03-29 13:34:48.531   739  1540 D ACDB-LOADER: ACDB -> send_asm_topology
03-29 13:34:48.531   739  1540 D ACDB-LOADER: ACDB -> ACDB_CMD_GET_AUDPROC_STREAM_TOPOLOGY_ID
03-29 13:34:48.532   739  1540 D ACDB-LOADER: ACDB -> send_adm_topology
03-29 13:34:48.532   739  1540 D ACDB-LOADER: ACDB -> ACDB_CMD_GET_AUDPROC_COMMON_TOPOLOGY_ID
03-29 13:34:48.532   739  1540 D ACDB-LOADER: ACDB -> send_audtable
03-29 13:34:48.532   739  1540 D ACDB-LOADER: ACDB -> ACDB_CMD_GET_AUDPROC_INSTANCE_COMMON_TABLE_SIZE
03-29 13:34:48.532   739  1540 D ACDB-LOADER: ACDB -> ACDB_CMD_GET_AUDPROC_INSTANCE_COMMON_TABLE
03-29 13:34:48.532   739  1540 D ACDB-LOADER: ACDB -> AUDIO_SET_AUDPROC_CAL cal_type[11] acdb_id[10] app_type[69937]
03-29 13:34:48.532   739  1540 D ACDB-LOADER: ACDB -> send_audvoltable
03-29 13:34:48.532   739  1540 D ACDB-LOADER: ACDB -> ACDB_CMD_GET_AUDPROC_INSTANCE_GAIN_DEP_STEP_TABLE_SIZE
03-29 13:34:48.532   739  1540 D ACDB-LOADER: ACDB -> ACDB_CMD_GET_AUDPROC_INSTANCE_GAIN_DEP_STEP_TABLE, vol index 0
03-29 13:34:48.532   739  1540 D ACDB-LOADER: ACDB -> AUDIO_SET_VOL_CAL cal type = 12
03-29 13:34:48.532   739  1540 D ACDB-LOADER: ACDB -> ACDB_CMD_GET_AUDPROC_INSTANCE_STREAM_TABLE_SIZE
03-29 13:34:48.532   739  1540 D ACDB-LOADER: ACDB -> send_audstrmtable
03-29 13:34:48.532   739  1540 D ACDB-LOADER: ACDB -> ACDB_CMD_GET_AUDPROC_INSTANCE_STREAM_TABLE
03-29 13:34:48.532   739  1540 D ACDB-LOADER: ACDB -> audstrm_cal->cal_type.cal_data.cal_size = 20
03-29 13:34:48.532   739  1540 D ACDB-LOADER: ACDB -> send_afe_topology
03-29 13:34:48.532   739  1540 D ACDB-LOADER: ACDB -> ACDB_CMD_GET_AFE_TOPOLOGY_ID
03-29 13:34:48.532   739  1540 D ACDB-LOADER: ACDB -> GET_AFE_TOPOLOGY_ID for adcd_id 10, Topology Id 112fc
03-29 13:34:48.532   739  1540 D ACDB-LOADER: ACDB -> send_afe_cal
03-29 13:34:48.532   739  1540 D ACDB-LOADER: ACDB -> ACDB_CMD_GET_AFE_INSTANCE_COMMON_TABLE_SIZE
03-29 13:34:48.532   739  1540 D         : Failed to fetch the lookup information of the device 0000000A 
03-29 13:34:48.532   739  1540 E ACDB-LOADER: Error: ACDB_CMD_GET_AFE_INSTANCE_COMMON_TABLE_SIZE Returned = -19
03-29 13:34:48.532   739  1540 D ACDB-LOADER: ACDB -> ACDB_CMD_GET_AFE_INSTANCE_COMMON_TABLE
03-29 13:34:48.532   739  1540 D         : Failed to fetch the lookup information of the device 0000000A 
03-29 13:34:48.532   739  1540 E ACDB-LOADER: Error: ACDB AFE returned = -19
03-29 13:34:48.532   739  1540 D ACDB-LOADER: user_eq_loading:  enter !
03-29 13:34:48.532   739  1540 D ACDB-LOADER: ACDB -> AUDIO_SET_AFE_CAL cal_type[16] acdb_id[10]
03-29 13:34:48.533   739  1540 D ACDB-LOADER: ACDB -> send_hw_delay : acdb_id = 10 path = 0
03-29 13:34:48.533   739  1540 D ACDB-LOADER: ACDB -> ACDB_AVSYNC_INFO: ACDB_CMD_GET_DEVICE_PROPERTY
03-29 13:34:48.533   739  1540 D audio_hw_primary: enable_audio_route: apply mixer and update path: deep-buffer-playback lineout
03-29 13:34:48.533   739  1540 D audio_route: Apply path: deep-buffer-playback lineout
03-29 13:34:48.541  2323  2323 E exlight@Service: onNotificationPosted StatusBarNotification(pkg=com.netease.cloudmusic user=UserHandle{0} id=1 tag=null key=0|com.netease.cloudmusic|1|null|10202: Notification(channel=null pri=2 contentView=com.netease.cloudmusic/0x7f0403f5 vibrate=null sound=null tick defaults=0x0 flags=0x62 color=0x00000000 vis=PUBLIC))
03-29 13:34:48.541  2323  2323 I : com.netease.cloudmusic::
03-29 13:34:48.557 24201 24201 W Edge-MusicManager:  StatusBarNotification = StatusBarNotification(pkg=com.netease.cloudmusic user=UserHandle{0} id=1 tag=null key=0|com.netease.cloudmusic|1|null|10202: Notification(channel=null pri=2 contentView=com.netease.cloudmusic/0x7f0403f5 vibrate=null sound=null tick defaults=0x0 flags=0x62 color=0x00000000 vis=PUBLIC))
03-29 13:34:48.578 24201 24201 D Edge-NeteaseMusic: view id = notifyAlbumCover
03-29 13:34:48.579 24201 24201 D Edge-NeteaseMusic: view id = playNotificationStop
03-29 13:34:48.579 24201 24201 D Edge-NeteaseMusic: view id = playNotificationText
03-29 13:34:48.579 24201 24201 D Edge-NeteaseMusic: text id = notifyTitle
03-29 13:34:48.579 24201 24201 D Edge-NeteaseMusic: text id = notifyText
03-29 13:34:48.579 24201 24201 D Edge-NeteaseMusic: view id = playNotificationLine
03-29 13:34:48.579 24201 24201 D Edge-NeteaseMusic: view id = playNotificationBtns
03-29 13:34:48.579 24201 24201 D Edge-NeteaseMusic: button id = playNotificationStar
03-29 13:34:48.579 24201 24201 D Edge-NeteaseMusic: button id = playNotificationPre
03-29 13:34:48.579 24201 24201 D Edge-NeteaseMusic: button id = playNotificationToggle
03-29 13:34:48.580 24201 24201 D Edge-NeteaseMusic: button id = playNotificationNext
03-29 13:34:48.580 24201 24201 D Edge-NeteaseMusic: button id = playNotificationLyric
03-29 13:34:48.580 24201 24201 D Edge-NotificationManager: barrage toggle was false
03-29 13:34:48.625   739  1540 D audio_hw_primary: set_A2HDSP_no_start: current_flag: 1 
03-29 13:34:48.626   739  1540 D audio_hw_primary: set_A2HDSP_no_start: same flag 1 return
