03-29 13:34:15.706   739  1540 D hardware_info: hw_info_append_hw_type : device_name = lineout
03-29 13:34:15.706   739  1540 D msm8974_platform: platform_split_snd_device: snd_device(8) num devices(0) new_snd_devices(0)
03-29 13:34:15.706   739  1540 D audio_hw_primary: enable_snd_device: snd_device(8: lineout)
03-29 13:34:15.706   739  1540 I soundtrigger: audio_extn_sound_trigger_update_device_status: device 0x8 of type 0 for Event 1, with Raise=0
03-29 13:34:15.706   739  1540 D audio_route: Apply path: lineout
03-29 13:34:15.724   739  1540 D soundtrigger: audio_extn_sound_trigger_update_stream_status: uc_info->id 0 of type 0 for Event 3, with Raise=1
03-29 13:34:15.724   739  1540 I sound_trigger_platform: platform_stdev_check_and_update_concurrency: Received STREAM event, event type 3, usecase type 0
03-29 13:34:15.724   739  1540 D sound_trigger_platform: platform_stdev_check_and_update_concurrency: dedicated path 1, reset backend 1, tx 0, rx 2,concurrency session allowed
03-29 13:34:15.724   739  1540 D audio_hw_utils: audio_extn_utils_send_app_type_cfg: usecase->out_snd_device lineout
03-29 13:34:15.724   739  1540 D msm8974_platform: platform_split_snd_device: snd_device(8) num devices(0) new_snd_devices(0)
03-29 13:34:15.724   739  1540 D audio_hw_utils: audio_extn_btsco_get_sample_rate:Not a BT SCO device, need not update sampling rate
03-29 13:34:15.724   739  1540 I audio_hw_utils: send_app_type_cfg_for_device PLAYBACK app_type 69937, acdb_dev_id 10, sample_rate 48000, snd_device_be_idx 2
03-29 13:34:15.725   739  1540 D msm8974_platform: platform_split_snd_device: snd_device(8) num devices(1) new_snd_devices(0)
03-29 13:34:15.725   739  1540 D msm8974_platform: platform_send_audio_calibration: sending audio calibration for snd_device(8) acdb_id(10)
03-29 13:34:15.725   739  1540 D ACDB-LOADER: ACDB -> send_audio_cal, acdb_id = 10, path = 0, app id = 0x11131, sample rate = 48000
03-29 13:34:15.725   739  1540 D ACDB-LOADER: ACDB -> send_asm_topology
03-29 13:34:15.725   739  1540 D ACDB-LOADER: ACDB -> ACDB_CMD_GET_AUDPROC_STREAM_TOPOLOGY_ID
03-29 13:34:15.725   739  1540 D ACDB-LOADER: ACDB -> send_adm_topology
03-29 13:34:15.725   739  1540 D ACDB-LOADER: ACDB -> ACDB_CMD_GET_AUDPROC_COMMON_TOPOLOGY_ID
03-29 13:34:15.725   739  1540 D ACDB-LOADER: ACDB -> send_audtable
03-29 13:34:15.725   739  1540 D ACDB-LOADER: ACDB -> ACDB_CMD_GET_AUDPROC_INSTANCE_COMMON_TABLE_SIZE
03-29 13:34:15.725   739  1540 D ACDB-LOADER: ACDB -> ACDB_CMD_GET_AUDPROC_INSTANCE_COMMON_TABLE
03-29 13:34:15.725   739  1540 D ACDB-LOADER: ACDB -> AUDIO_SET_AUDPROC_CAL cal_type[11] acdb_id[10] app_type[69937]
03-29 13:34:15.725   739  1540 D ACDB-LOADER: ACDB -> send_audvoltable
03-29 13:34:15.725   739  1540 D ACDB-LOADER: ACDB -> ACDB_CMD_GET_AUDPROC_INSTANCE_GAIN_DEP_STEP_TABLE_SIZE
03-29 13:34:15.725   739  1540 D ACDB-LOADER: ACDB -> ACDB_CMD_GET_AUDPROC_INSTANCE_GAIN_DEP_STEP_TABLE, vol index 0
03-29 13:34:15.725   739  1540 D ACDB-LOADER: ACDB -> AUDIO_SET_VOL_CAL cal type = 12
03-29 13:34:15.725   739  1540 D ACDB-LOADER: ACDB -> ACDB_CMD_GET_AUDPROC_INSTANCE_STREAM_TABLE_SIZE
03-29 13:34:15.725   739  1540 D ACDB-LOADER: ACDB -> send_audstrmtable
03-29 13:34:15.725   739  1540 D ACDB-LOADER: ACDB -> ACDB_CMD_GET_AUDPROC_INSTANCE_STREAM_TABLE
03-29 13:34:15.725   739  1540 D ACDB-LOADER: ACDB -> audstrm_cal->cal_type.cal_data.cal_size = 20
03-29 13:34:15.725   739  1540 D ACDB-LOADER: ACDB -> send_afe_topology
03-29 13:34:15.725   739  1540 D ACDB-LOADER: ACDB -> ACDB_CMD_GET_AFE_TOPOLOGY_ID
03-29 13:34:15.725   739  1540 D ACDB-LOADER: ACDB -> GET_AFE_TOPOLOGY_ID for adcd_id 10, Topology Id 112fc
03-29 13:34:15.725   739  1540 D ACDB-LOADER: ACDB -> send_afe_cal
03-29 13:34:15.725   739  1540 D ACDB-LOADER: ACDB -> ACDB_CMD_GET_AFE_INSTANCE_COMMON_TABLE_SIZE
03-29 13:34:15.725   739  1540 D         : Failed to fetch the lookup information of the device 0000000A 
03-29 13:34:15.725   739  1540 E ACDB-LOADER: Error: ACDB_CMD_GET_AFE_INSTANCE_COMMON_TABLE_SIZE Returned = -19
03-29 13:34:15.725   739  1540 D ACDB-LOADER: ACDB -> ACDB_CMD_GET_AFE_INSTANCE_COMMON_TABLE
03-29 13:34:15.725   739  1540 D         : Failed to fetch the lookup information of the device 0000000A 
03-29 13:34:15.725   739  1540 E ACDB-LOADER: Error: ACDB AFE returned = -19
03-29 13:34:15.725   739  1540 D ACDB-LOADER: user_eq_loading:  enter !
03-29 13:34:15.725   739  1540 D ACDB-LOADER: ACDB -> AUDIO_SET_AFE_CAL cal_type[16] acdb_id[10]
03-29 13:34:15.725   739  1540 D ACDB-LOADER: ACDB -> send_hw_delay : acdb_id = 10 path = 0
03-29 13:34:15.725   739  1540 D ACDB-LOADER: ACDB -> ACDB_AVSYNC_INFO: ACDB_CMD_GET_DEVICE_PROPERTY
03-29 13:34:15.725   739  1540 D audio_hw_primary: enable_audio_route: apply mixer and update path: deep-buffer-playback lineout
03-29 13:34:15.725   739  1540 D audio_route: Apply path: deep-buffer-playback lineout
03-29 13:34:15.732 24494 24627 E com.coloros.mcssdk---: MCS-->isExistPackage NameNotFoundException:com.coloros.mcs
03-29 13:34:15.737 24494 24627 D OpenGLRenderer: Skia GL Pipeline
03-29 13:34:15.770  2123  2123 D NetworkController.WifiSignalController: Change in state from: connected=true,enabled=true,level=4,inetCondition=1,iconGroup=IconGroup(Wi-Fi Icons),activityIn=true,activityOut=true,rssi=-55,lastModified=03-29 13:34:14,ssid="bskj",isTransient=false,statusLabel=null
03-29 13:34:15.770  2123  2123 D NetworkController.WifiSignalController: 	to: connected=true,enabled=true,level=4,inetCondition=1,iconGroup=IconGroup(Wi-Fi Icons),activityIn=true,activityOut=false,rssi=-55,lastModified=03-29 13:34:14,ssid="bskj",isTransient=false,statusLabel=null
03-29 13:34:15.834   739  1540 D audio_hw_primary: set_A2HDSP_no_start: current_flag: 1 
03-29 13:34:15.834   739  1540 D audio_hw_primary: set_A2HDSP_no_start: same flag 1 return
03-29 13:34:15.834   739  1540 D audio_hw_extn: audio_extn_set_anc_parameters: anc_enabled:0
03-29 13:34:15.834   739  1540 D audio_hw_spkr_prot: audio_extn_fbsp_set_parameters: Speaker protection disabled
03-29 13:34:15.834   739  1540 D audio_hw_primary: adev_set_parameters: exit with code(0)
03-29 13:34:15.835  2323  2487 D exlight@Service: AbsHalIoctlRender@handleMessageSynced: animator[sides_default_music] has already attached!
03-29 13:34:15.836   764   764 W exlight@HAL1.7: request://workID=ioctl_sides_keep_on,cmd=val_cmd_ended,cbDelay=0,durLV=2,loop=0,dcLV=5,pallet=[0x00000000,0x00004400],multiColor=0,light_start=0,light_num=5,session=28658,callback=0x0,configInfo={}
03-29 13:34:15.836   764   786 W exlight@HAL1.7: ::ioctl-> animID:4, duration:2, loop:0, pallet:[00 00 00  00 14 00], imax:5, rainbow:0
03-29 13:34:15.837   764   764 W exlight@HAL1.7: request://workID=ioctl_sides_default_music,cmd=val_cmd_start,cbDelay=0,durLV=1,loop=0,dcLV=5,pallet=[0x00000000,0x00008000],multiColor=0,light_start=0,light_num=0,session=28659,callback=0x0,configInfo={}
03-29 13:34:15.853   764   786 W exlight@HAL1.7: AbsWorkHandler::handleMessage MSG_START_WORK handler:id_operator, work:ioctl_sides_default_music
03-29 13:34:15.853   764   786 W exlight@HAL1.7: ::ioctl-> animID:0, duration:1, loop:0, pallet:[00 00 00  00 00 00], imax:5, rainbow:0
03-29 13:34:15.857  2323  2323 E exlight@Service: onNotificationPosted StatusBarNotification(pkg=com.netease.cloudmusic user=UserHandle{0} id=1 tag=null key=0|com.netease.cloudmusic|1|null|10202: Notification(channel=null pri=2 contentView=com.netease.cloudmusic/0x7f0403f5 vibrate=null sound=null tick defaults=0x0 flags=0x62 color=0x00000000 vis=PUBLIC))
03-29 13:34:15.858  2323  2323 I : com.netease.cloudmusic::
03-29 13:34:16.198 24494 24627 D LocalPlayback: >>>onAudioFocusChange: focusChange: 1,false,com.netease.cloudmusic.module.player.NeteaseAudioPlayer@216317e
03-29 13:34:16.198 24494 24627 D LocalPlayback: >>>>configMediaPlayerState00:3,2,false,false
03-29 13:34:16.198 24494 24627 D CloudMusicNativePlayer: setVolume(1.000000-1.000000)
03-29 13:34:16.198 24494 24627 D CloudMusicNativePlayer: SetStereoVolume(1.000000-1.000000)
03-29 13:34:16.198  1180  4375 D CompatibilityInfo: mCompatibilityFlags - 10
03-29 13:34:16.199  1180  4375 D CompatibilityInfo: applicationDensity - 420
03-29 13:34:16.199  1180  4375 D CompatibilityInfo: applicationScale - 1.0
03-29 13:34:16.234 24201 24201 D Edge-NeteaseMusic: view id = notifyAlbumCover
03-29 13:34:16.234 24201 24201 D Edge-NeteaseMusic: view id = playNotificationStop
03-29 13:34:16.235 24201 24201 D Edge-NeteaseMusic: view id = playNotificationText
03-29 13:34:16.235 24201 24201 D Edge-NeteaseMusic: text id = notifyTitle
03-29 13:34:16.235 24201 24201 D Edge-NeteaseMusic: text id = notifyText
03-29 13:34:16.235 24201 24201 D Edge-NeteaseMusic: view id = playNotificationLine
03-29 13:34:16.235 24201 24201 D Edge-NeteaseMusic: view id = playNotificationBtns
03-29 13:34:16.235 24201 24201 D Edge-NeteaseMusic: button id = playNotificationStar
03-29 13:34:16.235 24201 24201 D Edge-NeteaseMusic: button id = playNotificationPre
03-29 13:34:16.235 24201 24201 D Edge-NeteaseMusic: button id = playNotificationToggle
03-29 13:34:16.236 24201 24201 D Edge-NeteaseMusic: button id = playNotificationNext
03-29 13:34:16.236 24201 24201 D Edge-NeteaseMusic: button id = playNotificationLyric
03-29 13:34:16.236 24201 24201 D Edge-NotificationManager: barrage toggle was false
03-29 13:34:16.237 24201 24201 W Edge-MusicManager:  StatusBarNotification = StatusBarNotification(pkg=com.netease.cloudmusic user=UserHandle{0} id=1 tag=null key=0|com.netease.cloudmusic|1|null|10202: Notification(channel=null pri=2 contentView=com.netease.cloudmusic/0x7f0403f5 vibrate=null sound=null tick defaults=0x0 flags=0x62 color=0x00000000 vis=PUBLIC))
03-29 13:34:16.253 24201 24201 D Edge-NeteaseMusic: view id = notifyAlbumCover
03-29 13:34:16.253 24201 24201 D Edge-NeteaseMusic: view id = playNotificationStop
03-29 13:34:16.253 24201 24201 D Edge-NeteaseMusic: view id = playNotificationText
03-29 13:34:16.253 24201 24201 D Edge-NeteaseMusic: text id = notifyTitle
03-29 13:34:16.253 24201 24201 D Edge-NeteaseMusic: text id = notifyText
03-29 13:34:16.253 24201 24201 D Edge-NeteaseMusic: view id = playNotificationLine
03-29 13:34:16.254 24201 24201 D Edge-NeteaseMusic: view id = playNotificationBtns
03-29 13:34:16.254 24201 24201 D Edge-NeteaseMusic: button id = playNotificationStar
03-29 13:34:16.254 24201 24201 D Edge-NeteaseMusic: button id = playNotificationPre
03-29 13:34:16.254 24201 24201 D Edge-NeteaseMusic: button id = playNotificationToggle
03-29 13:34:16.254 24209 24259 D FileCheckUtils: st.getAvailableBlocks()=24913136,st.getAvailableBlocks() * blockSize=102044205056
03-29 13:34:16.254 24201 24201 D Edge-NeteaseMusic: button id = playNotificationNext
03-29 13:34:16.254 24201 24201 D Edge-NeteaseMusic: button id = playNotificationLyric
03-29 13:34:16.254 24201 24201 D Edge-NotificationManager: barrage toggle was false
03-29 13:34:16.255 24201 24201 W Edge-MusicManager:  StatusBarNotification = StatusBarNotification(pkg=com.netease.cloudmusic user=UserHandle{0} id=1 tag=null key=0|com.netease.cloudmusic|1|null|10202: Notification(channel=null pri=2 contentView=com.netease.cloudmusic/0x7f0403f5 vibrate=null sound=null tick defaults=0x0 flags=0x62 color=0x00000000 vis=PUBLIC))
03-29 13:34:16.269 24201 24201 D Edge-NeteaseMusic: view id = notifyAlbumCover
03-29 13:34:16.269 24201 24201 D Edge-NeteaseMusic: view id = playNotificationStop
03-29 13:34:16.269 24201 24201 D Edge-NeteaseMusic: view id = playNotificationText
03-29 13:34:16.269 24201 24201 D Edge-NeteaseMusic: text id = notifyTitle
03-29 13:34:16.270 24201 24201 D Edge-NeteaseMusic: text id = notifyText
03-29 13:34:16.270 24201 24201 D Edge-NeteaseMusic: view id = playNotificationLine
03-29 13:34:16.270 24201 24201 D Edge-NeteaseMusic: view id = playNotificationBtns
03-29 13:34:16.270 24201 24201 D Edge-NeteaseMusic: button id = playNotificationStar
03-29 13:34:16.270 24201 24201 D Edge-NeteaseMusic: button id = playNotificationPre
03-29 13:34:16.270 24201 24201 D Edge-NeteaseMusic: button id = playNotificationToggle
03-29 13:34:16.271 24201 24201 D Edge-NeteaseMusic: button id = playNotificationNext
03-29 13:34:16.271 24201 24201 D Edge-NeteaseMusic: button id = playNotificationLyric
03-29 13:34:16.271 24201 24201 D Edge-NotificationManager: barrage toggle was false
03-29 13:34:16.777  2123  2123 D NetworkController.WifiSignalController: Change in state from: connected=true,enabled=true,level=4,inetCondition=1,iconGroup=IconGroup(Wi-Fi Icons),activityIn=true,activityOut=false,rssi=-55,lastModified=03-29 13:34:15,ssid="bskj",isTransient=false,statusLabel=null
03-29 13:34:16.777  2123  2123 D NetworkController.WifiSignalController: 	to: connected=true,enabled=true,level=4,inetCondition=1,iconGroup=IconGroup(Wi-Fi Icons),activityIn=true,activityOut=true,rssi=-55,lastModified=03-29 13:34:15,ssid="bskj",isTransient=false,statusLabel=null
03-29 13:34:16.815  1012  1172 I ThermalEngine: Sensor:xo-therm:36145 mC
03-29 13:34:16.817  1012  1172 I ThermalEngine: Sensor:xo-therm:36145 mC
03-29 13:34:16.883 32753   465 W System.err: java.io.FileNotFoundException: /storage/emulated/0/mipush/lcfp.lock: open failed: EACCES (Permission denied)
03-29 13:34:16.884 32753   465 W System.err: 	at libcore.io.IoBridge.open(IoBridge.java:485)
03-29 13:34:16.884 32753   465 W System.err: 	at java.io.RandomAccessFile.<init>(RandomAccessFile.java:288)
03-29 13:34:16.884 32753   465 W System.err: 	at com.xiaomi.channel.commonutils.misc.JobMutualExclusor.checkPeriodAndRecordWithFileLock(JobMutualExclusor.java:137)
03-29 13:34:16.884 32753   465 W System.err: 	at com.xiaomi.push.mpcd.CDEntrance$1.handleIntent(CDEntrance.java:83)
03-29 13:34:16.884 32753   465 W System.err: 	at com.xiaomi.push.mpcd.CDEntrance$1.access$000(CDEntrance.java:39)
03-29 13:34:16.884 32753   465 W System.err: 	at com.xiaomi.push.mpcd.CDEntrance$1$1.run(CDEntrance.java:49)
03-29 13:34:16.884 32753   465 W System.err: 	at java.util.concurrent.Executors$RunnableAdapter.call(Executors.java:458)
03-29 13:34:16.884 32753   465 W System.err: 	at java.util.concurrent.FutureTask.run(FutureTask.java:266)
03-29 13:34:16.884 32753   465 W System.err: 	at java.util.concurrent.ScheduledThreadPoolExecutor$ScheduledFutureTask.run(ScheduledThreadPoolExecutor.java:301)
03-29 13:34:16.884 32753   465 W System.err: 	at java.util.concurrent.ThreadPoolExecutor.runWorker(ThreadPoolExecutor.java:1167)
03-29 13:34:16.884 32753   465 W System.err: 	at java.util.concurrent.ThreadPoolExecutor$Worker.run(ThreadPoolExecutor.java:641)
03-29 13:34:16.884 32753   465 W System.err: 	at java.lang.Thread.run(Thread.java:764)
03-29 13:34:16.885 32753   465 W System.err: Caused by: android.system.ErrnoException: open failed: EACCES (Permission denied)
03-29 13:34:16.885 32753   465 W System.err: 	at libcore.io.Linux.open(Native Method)
03-29 13:34:16.885 32753   465 W System.err: 	at libcore.io.BlockGuardOs.open(BlockGuardOs.java:210)
03-29 13:34:16.885 32753   465 W System.err: 	at libcore.io.IoBridge.open(IoBridge.java:471)
03-29 13:34:16.885 32753   465 W System.err: 	... 11 more
03-29 13:34:16.903 24684 24684 W kloadclassifie: resources.arsc in APK '/data/app/com.ss.android.ugc.aweme-C44AMf998zU77_HNdncaYA==/base.apk' is compressed.
03-29 13:34:16.903  2418  2418 D ImsResolver: maybeAddedImsService, packageName: com.journeyOS.edge
03-29 13:34:16.905  2418  2418 E PhoneInterfaceManager: [PhoneIntfMgr] getCarrierPackageNamesForIntent: No UICC
03-29 13:34:16.905  2418  2418 D CarrierSvcBindHelper: No carrier app for: 0
03-29 13:34:16.905  2418  2418 E PhoneInterfaceManager: [PhoneIntfMgr] getCarrierPackageNamesForIntent: No UICC
03-29 13:34:16.905  2418  2418 D CarrierSvcBindHelper: No carrier app for: 1
03-29 13:34:16.923  1180  2042 I InputReader: Reconfiguring input devices.  changes=0x00000010
03-29 13:34:17.035  1180  1180 W system_server: resources.arsc in APK '/data/app/com.duowan.kiwi-DNUkpj--hOe--MIx6RgcIQ==/base.apk' is compressed.
03-29 13:34:17.062  1180  1180 W system_server: resources.arsc in APK '/data/app/com.sina.weibo-ocWKNRlccpF2AuxrNrfZwg==/base.apk' is compressed.
03-29 13:34:17.087  1180  4375 D AppOps  : startOperation: allowing code 40 uid 1001 package com.android.phone
03-29 13:34:17.103  1180  1180 W system_server: resources.arsc in APK '/data/app/com.ss.android.ugc.aweme-C44AMf998zU77_HNdncaYA==/base.apk' is compressed.
03-29 13:34:17.113  1180  1180 W system_server: resources.arsc in APK '/data/app/com.tencent.wework-zgPLbKhoXAzbxOiwr599ng==/base.apk' is compressed.
03-29 13:34:17.165  1180  1180 W Looper  : Slow dispatch took 287ms main h=android.app.ActivityThread$H c=android.app.-$$Lambda$LoadedApk$ReceiverDispatcher$Args$_BumDX2UKsnxLVrE6UJsJZkotuA@d2cf911 m=0
03-29 13:34:17.165  1180  1180 W Looper  : Slow delivery took 289ms main h=android.app.ActivityThread$H c=android.app.-$$Lambda$LoadedApk$ReceiverDispatcher$Args$_BumDX2UKsnxLVrE6UJsJZkotuA@42f6a76 m=0
03-29 13:34:17.165  1180  1180 V NotificationListeners: enabling notification listener for 0: ComponentInfo{com.miui.analytics/com.miui.analytics.internal.collection.MusicStateListener}
03-29 13:34:17.165  1180  1180 V NotificationListeners: Not registering ComponentInfo{com.miui.analytics/com.miui.analytics.internal.collection.MusicStateListener} as bind is already in progress
03-29 13:34:17.221  1180  1180 W PackageManager: Unable to load service info ResolveInfo{b9cac68 com.xiaomi.account/.contacts.EmptySyncService m=0x108000}
03-29 13:34:17.221  1180  1180 W PackageManager: org.xmlpull.v1.XmlPullParserException: No android.content.SyncAdapter meta-data
03-29 13:34:17.221  1180  1180 W PackageManager: 	at android.content.pm.RegisteredServicesCache.parseServiceInfo(RegisteredServicesCache.java:632)
03-29 13:34:17.221  1180  1180 W PackageManager: 	at android.content.pm.RegisteredServicesCache.generateServicesMap(RegisteredServicesCache.java:473)
03-29 13:34:17.221  1180  1180 W PackageManager: 	at android.content.pm.RegisteredServicesCache.handlePackageEvent(RegisteredServicesCache.java:204)
03-29 13:34:17.221  1180  1180 W PackageManager: 	at android.content.pm.RegisteredServicesCache.access$100(RegisteredServicesCache.java:80)
03-29 13:34:17.221  1180  1180 W PackageManager: 	at android.content.pm.RegisteredServicesCache$1.onReceive(RegisteredServicesCache.java:213)
03-29 13:34:17.221  1180  1180 W PackageManager: 	at android.app.LoadedApk$ReceiverDispatcher$Args.lambda$getRunnable$0(LoadedApk.java:1396)
03-29 13:34:17.221  1180  1180 W PackageManager: 	at android.app.-$$Lambda$LoadedApk$ReceiverDispatcher$Args$_BumDX2UKsnxLVrE6UJsJZkotuA.run(Unknown Source:2)
03-29 13:34:17.221  1180  1180 W PackageManager: 	at android.os.Handler.handleCallback(Handler.java:873)
03-29 13:34:17.221  1180  1180 W PackageManager: 	at android.os.Handler.dispatchMessage(Handler.java:99)
03-29 13:34:17.221  1180  1180 W PackageManager: 	at android.os.Looper.loop(Looper.java:193)
03-29 13:34:17.221  1180  1180 W PackageManager: 	at com.android.server.SystemServer.run(SystemServer.java:482)
03-29 13:34:17.221  1180  1180 W PackageManager: 	at com.android.server.SystemServer.main(SystemServer.java:312)
03-29 13:34:17.221  1180  1180 W PackageManager: 	at java.lang.reflect.Method.invoke(Native Method)
03-29 13:34:17.221  1180  1180 W PackageManager: 	at com.android.internal.os.RuntimeInit$MethodAndArgsCaller.run(RuntimeInit.java:499)
03-29 13:34:17.221  1180  1180 W PackageManager: 	at com.android.internal.os.ZygoteInit.main(ZygoteInit.java:838)
03-29 13:34:17.228  1180  1407 W Searchables: No global search activity found
03-29 13:34:17.229  1180  1407 V BugManager_JNI: bug message start: fd=128,tag =0X01004806
03-29 13:34:17.230  1180  1407 V BugManager_JNI: bug message copy: fd=128,msgid =36545,len=224,msg={"receiver":"com.android.server.search.SearchManagerService$MyPackageMonitor@57566db","intent":Intent { act=android.intent.action.PACKAGE_CHANGED dat=package:com.journeyOS.edge flg=0x45000010 (has extras) },"duration":350ms}
03-29 13:34:17.230  1180  1407 V BugManager_JNI: bug message stop: fd =128,msgid =36545
03-29 13:34:17.230  1180  1407 W LoadedApk: {"receiver":"com.android.server.search.SearchManagerService$MyPackageMonitor@57566db","intent":Intent { act=android.intent.action.PACKAGE_CHANGED dat=package:com.journeyOS.edge flg=0x45000010 (has extras) },"duration":350ms}
03-29 13:34:17.231  1180  1407 W VoiceInteractionManagerService: no available voice interaction services found for user 0
03-29 13:34:17.234  2457  2457 V Launcher.Model: OP_UPDATE:com.journeyOS.edge UserHandle{0}
03-29 13:34:17.235  1180  1407 W LocationProviderProxy-network: com.amap.android.location resolves service com.android.location.service.v3.NetworkLocationProvider, but has wrong signature, ignoring
03-29 13:34:17.237  1180  1407 W LocationProviderProxy-network: com.qualcomm.location resolves service com.android.location.service.v3.NetworkLocationProvider, but has wrong signature, ignoring
03-29 13:34:17.237  1180  1407 W LocationProviderProxy-network: Odd, no component found for service com.android.location.service.v3.NetworkLocationProvider
03-29 13:34:17.238  1180  1407 W LocationProviderProxy-network: com.qualcomm.location resolves service com.android.location.service.v3.NetworkLocationProvider, but has wrong signature, ignoring
03-29 13:34:17.239  2457  2670 D ZsIconCustomHelper: haveReDrawIconInThemeFile iconFilePath : /system/media/journeyui-theme/icons_11/built_in_app_icons/com.journeyOS.edge.png,iconFile.exists() : false
03-29 13:34:17.240  2457  2670 D Resources: drawMaskBitmap packageName = com.journeyOS.edge,rectangleIcon = 1
03-29 13:34:17.240  2457  2670 D ZsIconCustomHelper: haveReDrawIconInThemeFile iconFilePath : /system/media/journeyui-theme/icons_11/common_icons/zs_shade_global.png,iconFile.exists() : true
03-29 13:34:17.242  2457  2670 D ZsIconCustomHelper: getDrawableFromCommonFilePath ----> filePath = /system/media/journeyui-theme/icons_11/common_icons/zs_shade_global.png,iconName = zs_shade_global
03-29 13:34:17.243  2457  2670 D ZsIconCustomHelper: haveReDrawIconInThemeFile iconFilePath : /system/media/journeyui-theme/icons_11/common_icons/bottom_plate.png,iconFile.exists() : true
03-29 13:34:17.245  2457  2670 D ZsIconCustomHelper: getDrawableFromCommonFilePath ----> filePath = /system/media/journeyui-theme/icons_11/common_icons/bottom_plate.png,iconName = bottom_plate
03-29 13:34:17.246  2457  2670 D ZsIconCustomHelper: haveReDrawIconInThemeFile iconFilePath : /system/media/journeyui-theme/icons_11/common_icons/foreground_plate.png,iconFile.exists() : true
03-29 13:34:17.247  2457  2670 D ZsIconCustomHelper: getDrawableFromCommonFilePath ----> filePath = /system/media/journeyui-theme/icons_11/common_icons/foreground_plate.png,iconName = foreground_plate
03-29 13:34:17.250  1180  1180 I Telecom : DefaultDialerCache: Refreshing default dialer for user 0: now com.android.dialer: DDC.oR@A5c
03-29 13:34:17.269  2457  2457 D Launcher: Deferring update until onResume
03-29 13:34:17.293  2457  2457 D Launcher: Deferring update until onResume
03-29 13:34:17.358  1180  2052 D WifiStateMachine: handleMessage: E msg.what=131155
03-29 13:34:17.359  1180  2052 D WifiStateMachine: processMsg: ConnectedState
03-29 13:34:17.361  1180  2052 D WifiStateMachine:  ConnectedState !CMD_RSSI_POLL rt=168525217/168616442 102 0 "bskj" 04:bd:88:a0:31:91 rssi=-55 f=5745 sc=60 link=526 tx=82.0, 21.4, 0.0  rx=58.4 bcn=2669 [on:0 tx:0 rx:0 period:3002] from screen [on:3247029 period:14600249] score=60
03-29 13:34:17.361  1180  2052 D WifiStateMachine: processMsg: L2ConnectedState
03-29 13:34:17.362  1180  2052 D WifiStateMachine:  L2ConnectedState !CMD_RSSI_POLL rt=168525219/168616444 102 0 "bskj" 04:bd:88:a0:31:91 rssi=-55 f=5745 sc=60 link=526 tx=82.0, 21.4, 0.0  rx=58.4 bcn=2669 [on:0 tx:0 rx:0 period:2] from screen [on:3247029 period:14600251] score=60
03-29 13:34:17.380  1180  2052 D WifiStateMachine: fetchRssiLinkSpeedAndFrequencyNative rssi=-57 linkspeed=526 freq=5745
03-29 13:34:17.386  1180  2052 D WifiScoreReport: score =60
03-29 13:34:17.391  1180  2052 D WifiStateMachine: handleMessage: X
03-29 13:34:17.391  2123  2451 D NetworkController.WifiSignalController: Change in state from: connected=true,enabled=true,level=4,inetCondition=1,iconGroup=IconGroup(Wi-Fi Icons),activityIn=true,activityOut=true,rssi=-55,lastModified=03-29 13:34:16,ssid="bskj",isTransient=false,statusLabel=null
03-29 13:34:17.391  2123  2451 D NetworkController.WifiSignalController: 	to: connected=true,enabled=true,level=3,inetCondition=1,iconGroup=IconGroup(Wi-Fi Icons),activityIn=true,activityOut=true,rssi=-57,lastModified=03-29 13:34:16,ssid="bskj",isTransient=false,statusLabel=null
03-29 13:34:17.417  1180  1180 W Looper  : Drained
03-29 13:34:17.419  4887  4887 D SmartDock-MediaStateMonitor: on metadata changed = Falling, Corki, Falling
03-29 13:34:17.570  4887  4887 D SmartDock-MediaInfo: Artist = [Corki] , Title = [Falling] , Icon or Thumbnail = [null]
03-29 13:34:17.570  4887  4887 D SmartDock-MediaInfo:  , Try to get icon or Thumbnail again = [android.graphics.Bitmap@29799d] , Uri(icon or thumbnail) = [null]
03-29 13:34:17.571  4887  4887 D SmartDock-WindowManager: MediaStateMonitorGet the session owner's package name = com.netease.cloudmusic
03-29 13:34:17.600 24684 24703 I kloadclassifie: Waiting for a blocking GC ProfileSaver
03-29 13:34:17.611 24684 24703 I kloadclassifie: WaitForGcToComplete blocked ProfileSaver on HeapTrim for 11.333ms
03-29 13:34:17.786  4887  4887 D SmartDock-View: media info has been updated, MediaInfo = MediaInfo{title=Falling artist=Corki}
03-29 13:34:18.797 24684 24684 W kloadclassifie: resources.arsc in APK '/data/app/com.sina.weibo-ocWKNRlccpF2AuxrNrfZwg==/base.apk' is compressed.
03-29 13:34:19.098  1180  4375 D AppOps  : startOperation: allowing code 40 uid 1001 package com.android.phone
03-29 13:34:19.132   761 19676 V WifiHAL : Read rolling over to the start of ring buffer
03-29 13:34:19.801 24684 24684 W kloadclassifie: resources.arsc in APK '/data/app/com.netease.cloudmusic-I_TJuJoPJ8PFojPIlFejCQ==/base.apk' is compressed.
03-29 13:34:20.331 24391 24391 V BugManager_JNI: bug message start: fd=84,tag =0X01004801
03-29 13:34:20.331 24391 24391 V BugManager_JNI: bug message copy: fd=84,msgid =36546,len=93,msg={"activity":"com.netease.cloudmusic/com.netease.cloudmusic.activity.MainActivity","frames":1}
03-29 13:34:20.331 24391 24391 V BugManager_JNI: bug message stop: fd =84,msgid =36546
03-29 13:34:20.389  1180  2052 D WifiStateMachine: handleMessage: E msg.what=131155
03-29 13:34:20.390  1180  2052 D WifiStateMachine: processMsg: ConnectedState
03-29 13:34:20.391  1180  2052 D WifiStateMachine:  ConnectedState !CMD_RSSI_POLL rt=168528247/168619473 102 0 "bskj" 04:bd:88:a0:31:91 rssi=-57 f=5745 sc=60 link=526 tx=31.1, 8.0, 0.0  rx=22.9 bcn=2678 [on:0 tx:0 rx:0 period:3000] from screen [on:3247867 period:14603280] score=60
03-29 13:34:20.391  1180  2052 D WifiStateMachine: processMsg: L2ConnectedState
03-29 13:34:20.391  1180  2052 D WifiStateMachine:  L2ConnectedState !CMD_RSSI_POLL rt=168528248/168619474 102 0 "bskj" 04:bd:88:a0:31:91 rssi=-57 f=5745 sc=60 link=526 tx=31.1, 8.0, 0.0  rx=22.9 bcn=2678 [on:0 tx:0 rx:0 period:0] from screen [on:3247867 period:14603280] score=60
03-29 13:34:20.425  1180  2052 D WifiStateMachine: fetchRssiLinkSpeedAndFrequencyNative rssi=-53 linkspeed=650 freq=5745
03-29 13:34:20.427  1180  2052 D WifiScoreReport: score =60
03-29 13:34:20.437  2123  2451 D NetworkController.WifiSignalController: Change in state from: connected=true,enabled=true,level=3,inetCondition=1,iconGroup=IconGroup(Wi-Fi Icons),activityIn=true,activityOut=true,rssi=-57,lastModified=03-29 13:34:17,ssid="bskj",isTransient=false,statusLabel=null
03-29 13:34:20.437  2123  2451 D NetworkController.WifiSignalController: 	to: connected=true,enabled=true,level=4,inetCondition=1,iconGroup=IconGroup(Wi-Fi Icons),activityIn=true,activityOut=true,rssi=-53,lastModified=03-29 13:34:17,ssid="bskj",isTransient=false,statusLabel=null
03-29 13:34:20.439  1180  2052 D WifiStateMachine: handleMessage: X
03-29 13:34:21.109  1180  4375 D AppOps  : startOperation: allowing code 40 uid 1001 package com.android.phone
03-29 13:34:23.121  1180  4375 D AppOps  : startOperation: allowing code 40 uid 1001 package com.android.phone
03-29 13:34:23.278  2123  2123 D PhoneStatusBarPolicy: connected false
03-29 13:34:23.287  2123  2451 I Tile.CellularTile: cb.noSiml=true:cb.enabled=true:cb.airplaneModeEnabled=false:mDataController.isMobileDataEnabled()=true
03-29 13:34:23.293  2123  2451 I chatty  : uid=1000(system) SysUiBg identical 1 line
03-29 13:34:23.298  2123  2451 I Tile.CellularTile: cb.noSiml=true:cb.enabled=true:cb.airplaneModeEnabled=false:mDataController.isMobileDataEnabled()=true
03-29 13:34:23.300  2123  2451 I android_os_HwBinder: HwBinder: Starting thread pool for default::com.blackshark.factoryhelper.hal@1.0::IFactoryHelper
03-29 13:34:23.301   765   765 W factoryhelper@HAL: Read "/sys/class/leds/led:switch_0/brightness" ...
03-29 13:34:23.302   765   765 I chatty  : uid=0(root) /vendor/bin/hw/com.blackshark.factoryhelper.hal@1.0-service identical 1 line
03-29 13:34:23.304   765   765 W factoryhelper@HAL: Read "/sys/class/leds/led:switch_0/brightness" ...
03-29 13:34:23.306  2123  2451 V WifiManager: registerSoftApCallback: callback=com.android.systemui.statusbar.policy.HotspotControllerImpl@276a242, handler=Handler (android.os.Handler) {2ff6253}
03-29 13:34:23.308  2123 16334 V WifiManager: SoftApCallbackProxy: onStateChanged: state=11, failureReason=0
03-29 13:34:23.308  2123 16334 V WifiManager: SoftApCallbackProxy: onNumClientsChanged: numClients=0
03-29 13:34:23.309  2123 16334 V WifiManager: SoftApCallbackProxy: [0]onStaConnected Macaddr =
03-29 13:34:23.311   764   764 W exlight@HAL1.7: request://workID=task_read_boot_config,cmd=val_cmd_start,cbDelay=0,durLV=1,loop=0,dcLV=5,pallet=[],multiColor=0,light_start=0,light_num=0,session=,callback=0x7bc6849380,configInfo={}
03-29 13:34:23.312   764   786 W exlight@HAL1.7: AbsWorkHandler::handleMessage MSG_START_WORK handler:id_operator, work:task_read_boot_config
03-29 13:34:23.314  2323 12255 D exlight@Service: boot_on_off=true&exlight_on_off=true&boot_work_name=ioctl_sides_default_boot&boot_color_type=mono&boot_cycle_dur_lv=1&boot_color_arc_val=000000,008000&boot_color_gradient_val=000000,008000&boot_color_val=000000,008000
03-29 13:34:23.316   764   764 W exlight@HAL1.7: request://workID=task_save_boot_config,cmd=val_cmd_start,cbDelay=0,durLV=2,loop=0,dcLV=5,pallet=[],multiColor=0,light_start=0,light_num=5,session=,callback=0x0,configInfo={boot_on_off=true&exlight_on_off=true&boot_work_name=ioctl_sides_default_boot&boot_color_type=mono&boot_cycle_dur_lv=1&boot_color_arc_val=000000,008000&boot_color_gradient_val=000000,008000&boot_color_val=000000,008000}
03-29 13:34:23.318   764   786 W exlight@HAL1.7: AbsWorkHandler::handleMessage MSG_START_WORK handler:id_operator, work:task_save_boot_config
03-29 13:34:23.325  2123  2451 V WifiManager: registerSoftApCallback: callback=com.android.systemui.statusbar.policy.HotspotControllerImpl@276a242, handler=Handler (android.os.Handler) {2ff6253}
03-29 13:34:23.327  2123  2747 V WifiManager: SoftApCallbackProxy: onStateChanged: state=11, failureReason=0
03-29 13:34:23.327  2123  2747 V WifiManager: SoftApCallbackProxy: onNumClientsChanged: numClients=0
03-29 13:34:23.327  2123  2747 V WifiManager: SoftApCallbackProxy: [0]onStaConnected Macaddr =
03-29 13:34:23.329   764   764 W exlight@HAL1.7: request://workID=task_read_boot_config,cmd=val_cmd_start,cbDelay=0,durLV=1,loop=0,dcLV=5,pallet=[],multiColor=0,light_start=0,light_num=0,session=,callback=0x7bc6849380,configInfo={}
03-29 13:34:23.329   764   786 W exlight@HAL1.7: AbsWorkHandler::handleMessage MSG_START_WORK handler:id_operator, work:task_read_boot_config
03-29 13:34:23.331  2323 12255 D exlight@Service: boot_on_off=true&exlight_on_off=true&boot_work_name=ioctl_sides_default_boot&boot_color_type=mono&boot_cycle_dur_lv=1&boot_color_arc_val=000000,008000&boot_color_gradient_val=000000,008000&boot_color_val=000000,008000
03-29 13:34:23.332   764   764 W exlight@HAL1.7: request://workID=task_save_boot_config,cmd=val_cmd_start,cbDelay=0,durLV=2,loop=0,dcLV=5,pallet=[],multiColor=0,light_start=0,light_num=5,session=,callback=0x0,configInfo={boot_on_off=true&exlight_on_off=true&boot_work_name=ioctl_sides_default_boot&boot_color_type=mono&boot_cycle_dur_lv=1&boot_color_arc_val=000000,008000&boot_color_gradient_val=000000,008000&boot_color_val=000000,008000}
03-29 13:34:23.332   764   786 W exlight@HAL1.7: AbsWorkHandler::handleMessage MSG_START_WORK handler:id_operator, work:task_save_boot_config
03-29 13:34:23.433  1180  2052 D WifiStateMachine: handleMessage: E msg.what=131155
03-29 13:34:23.433  1180  2052 D WifiStateMachine: processMsg: ConnectedState
03-29 13:34:23.434  1180  2052 D WifiStateMachine:  ConnectedState !CMD_RSSI_POLL rt=168531291/168622517 102 0 "bskj" 04:bd:88:a0:31:91 rssi=-53 f=5745 sc=60 link=650 tx=16.6, 3.6, 0.0  rx=11.5 bcn=2690 [on:0 tx:0 rx:0 period:2995] from screen [on:3249143 period:14606323] score=60
03-29 13:34:23.434  1180  2052 D WifiStateMachine: processMsg: L2ConnectedState
03-29 13:34:23.435  1180  2052 D WifiStateMachine:  L2ConnectedState !CMD_RSSI_POLL rt=168531292/168622518 102 0 "bskj" 04:bd:88:a0:31:91 rssi=-53 f=5745 sc=60 link=650 tx=16.6, 3.6, 0.0  rx=11.5 bcn=2690 [on:0 tx:0 rx:0 period:1] from screen [on:3249143 period:14606324] score=60
03-29 13:34:23.462  1180  2052 D WifiStateMachine: fetchRssiLinkSpeedAndFrequencyNative rssi=-52 linkspeed=585 freq=5745
03-29 13:34:23.462  1180  2052 D WifiScoreReport: score =60
03-29 13:34:23.466  1180  2052 D WifiStateMachine: handleMessage: X
03-29 13:34:23.469  2123  2451 D NetworkController.WifiSignalController: Change in state from: connected=true,enabled=true,level=4,inetCondition=1,iconGroup=IconGroup(Wi-Fi Icons),activityIn=true,activityOut=true,rssi=-53,lastModified=03-29 13:34:20,ssid="bskj",isTransient=false,statusLabel=null
03-29 13:34:23.469  2123  2451 D NetworkController.WifiSignalController: 	to: connected=true,enabled=true,level=4,inetCondition=1,iconGroup=IconGroup(Wi-Fi Icons),activityIn=true,activityOut=true,rssi=-52,lastModified=03-29 13:34:20,ssid="bskj",isTransient=false,statusLabel=null
03-29 13:34:25.135  1180  4375 D AppOps  : startOperation: allowing code 40 uid 1001 package com.android.phone
03-29 13:34:25.330 24391 24391 I pool-6-thread-1: type=1400 audit(0.0:19381): avc: denied { node_bind } for scontext=u:r:untrusted_app_25:s0:c512,c768 tcontext=u:object_r:node:s0 tclass=icmp_socket permissive=1
03-29 13:34:26.468  1180  2052 D WifiStateMachine: handleMessage: E msg.what=131155
03-29 13:34:26.468  1180  2052 D WifiStateMachine: processMsg: ConnectedState
03-29 13:34:26.469  1180  2052 D WifiStateMachine:  ConnectedState !CMD_RSSI_POLL rt=168534326/168625551 102 0 "bskj" 04:bd:88:a0:31:91 rssi=-52 f=5745 sc=60 link=585 tx=14.8, 7.6, 0.0  rx=10.2 bcn=2701 [on:0 tx:0 rx:0 period:3004] from screen [on:3250318 period:14609358] score=60
03-29 13:34:26.469  1180  2052 D WifiStateMachine: processMsg: L2ConnectedState
03-29 13:34:26.470  1180  2052 D WifiStateMachine:  L2ConnectedState !CMD_RSSI_POLL rt=168534327/168625553 102 0 "bskj" 04:bd:88:a0:31:91 rssi=-52 f=5745 sc=60 link=585 tx=14.8, 7.6, 0.0  rx=10.2 bcn=2701 [on:0 tx:0 rx:0 period:1] from screen [on:3250318 period:14609359] score=60
03-29 13:34:26.494  1180  2052 D WifiStateMachine: fetchRssiLinkSpeedAndFrequencyNative rssi=-52 linkspeed=526 freq=5745
03-29 13:34:26.495  1180  2052 D WifiScoreReport: score =60
03-29 13:34:26.496  1180  2052 D WifiStateMachine: handleMessage: X
03-29 13:34:27.149  1180  4375 D AppOps  : startOperation: allowing code 40 uid 1001 package com.android.phone
03-29 13:34:27.829  2123  2123 D NetworkController.WifiSignalController: Change in state from: connected=true,enabled=true,level=4,inetCondition=1,iconGroup=IconGroup(Wi-Fi Icons),activityIn=true,activityOut=true,rssi=-52,lastModified=03-29 13:34:23,ssid="bskj",isTransient=false,statusLabel=null
03-29 13:34:27.829  2123  2123 D NetworkController.WifiSignalController: 	to: connected=true,enabled=true,level=4,inetCondition=1,iconGroup=IconGroup(Wi-Fi Icons),activityIn=true,activityOut=false,rssi=-52,lastModified=03-29 13:34:23,ssid="bskj",isTransient=false,statusLabel=null
03-29 13:34:29.163  1180  4375 D AppOps  : startOperation: allowing code 40 uid 1001 package com.android.phone
03-29 13:34:29.499  1180  2052 D WifiStateMachine: handleMessage: E msg.what=131155
03-29 13:34:29.500  1180  2052 D WifiStateMachine: processMsg: ConnectedState
03-29 13:34:29.501  1180  2052 D WifiStateMachine:  ConnectedState !CMD_RSSI_POLL rt=168537358/168628583 102 0 "bskj" 04:bd:88:a0:31:91 rssi=-52 f=5745 sc=60 link=526 tx=15.9, 4.0, 0.0  rx=9.2 bcn=2711 [on:0 tx:0 rx:0 period:3005] from screen [on:3251416 period:14612390] score=60
03-29 13:34:29.501  1180  2052 D WifiStateMachine: processMsg: L2ConnectedState
03-29 13:34:29.502  1180  2052 D WifiStateMachine:  L2ConnectedState !CMD_RSSI_POLL rt=168537359/168628584 102 0 "bskj" 04:bd:88:a0:31:91 rssi=-52 f=5745 sc=60 link=526 tx=15.9, 4.0, 0.0  rx=9.2 bcn=2711 [on:0 tx:0 rx:0 period:0] from screen [on:3251416 period:14612390] score=60
03-29 13:34:29.530  1180  2052 D WifiStateMachine: fetchRssiLinkSpeedAndFrequencyNative rssi=-51 linkspeed=526 freq=5745
03-29 13:34:29.530  1180  2052 D WifiScoreReport: score =60
03-29 13:34:29.533  1180  2052 D WifiStateMachine: handleMessage: X
03-29 13:34:29.536  2123  2451 D NetworkController.WifiSignalController: Change in state from: connected=true,enabled=true,level=4,inetCondition=1,iconGroup=IconGroup(Wi-Fi Icons),activityIn=true,activityOut=false,rssi=-52,lastModified=03-29 13:34:27,ssid="bskj",isTransient=false,statusLabel=null
03-29 13:34:29.536  2123  2451 D NetworkController.WifiSignalController: 	to: connected=true,enabled=true,level=4,inetCondition=1,iconGroup=IconGroup(Wi-Fi Icons),activityIn=true,activityOut=false,rssi=-51,lastModified=03-29 13:34:27,ssid="bskj",isTransient=false,statusLabel=null
03-29 13:34:30.843  2123  2123 D NetworkController.WifiSignalController: Change in state from: connected=true,enabled=true,level=4,inetCondition=1,iconGroup=IconGroup(Wi-Fi Icons),activityIn=true,activityOut=false,rssi=-51,lastModified=03-29 13:34:29,ssid="bskj",isTransient=false,statusLabel=null
03-29 13:34:30.843  2123  2123 D NetworkController.WifiSignalController: 	to: connected=true,enabled=true,level=4,inetCondition=1,iconGroup=IconGroup(Wi-Fi Icons),activityIn=true,activityOut=true,rssi=-51,lastModified=03-29 13:34:29,ssid="bskj",isTransient=false,statusLabel=null
03-29 13:34:31.181  1180  4375 D AppOps  : startOperation: allowing code 40 uid 1001 package com.android.phone
03-29 13:34:31.847  2123  2123 D NetworkController.WifiSignalController: Change in state from: connected=true,enabled=true,level=4,inetCondition=1,iconGroup=IconGroup(Wi-Fi Icons),activityIn=true,activityOut=true,rssi=-51,lastModified=03-29 13:34:30,ssid="bskj",isTransient=false,statusLabel=null
03-29 13:34:31.847  2123  2123 D NetworkController.WifiSignalController: 	to: connected=true,enabled=true,level=4,inetCondition=1,iconGroup=IconGroup(Wi-Fi Icons),activityIn=true,activityOut=false,rssi=-51,lastModified=03-29 13:34:30,ssid="bskj",isTransient=false,statusLabel=null
03-29 13:34:31.966  1180  4375 D AppOps  : startOperation: allowing code 40 uid 1001 package com.android.phone
03-29 13:34:32.535  1180  2052 D WifiStateMachine: handleMessage: E msg.what=131155
03-29 13:34:32.535  1180  2052 D WifiStateMachine: processMsg: ConnectedState
03-29 13:34:32.536  1180  2052 D WifiStateMachine:  ConnectedState !CMD_RSSI_POLL rt=168540393/168631619 102 0 "bskj" 04:bd:88:a0:31:91 rssi=-51 f=5745 sc=60 link=526 tx=5.8, 1.5, 0.0  rx=3.3 bcn=2713 [on:0 tx:0 rx:0 period:3003] from screen [on:3251416 period:14615425] score=60
03-29 13:34:32.537  1180  2052 D WifiStateMachine: processMsg: L2ConnectedState
03-29 13:34:32.537  1180  2052 D WifiStateMachine:  L2ConnectedState !CMD_RSSI_POLL rt=168540394/168631620 102 0 "bskj" 04:bd:88:a0:31:91 rssi=-51 f=5745 sc=60 link=526 tx=5.8, 1.5, 0.0  rx=3.3 bcn=2713 [on:0 tx:0 rx:0 period:1] from screen [on:3251416 period:14615426] score=60
03-29 13:34:32.570  1180  2052 D WifiStateMachine: fetchRssiLinkSpeedAndFrequencyNative rssi=-52 linkspeed=526 freq=5745
03-29 13:34:32.570  1180  2052 D WifiScoreReport: score =60
03-29 13:34:32.575  1180  2052 D WifiStateMachine: handleMessage: X
03-29 13:34:32.580  2123  2451 D NetworkController.WifiSignalController: Change in state from: connected=true,enabled=true,level=4,inetCondition=1,iconGroup=IconGroup(Wi-Fi Icons),activityIn=true,activityOut=false,rssi=-51,lastModified=03-29 13:34:31,ssid="bskj",isTransient=false,statusLabel=null
03-29 13:34:32.580  2123  2451 D NetworkController.WifiSignalController: 	to: connected=true,enabled=true,level=4,inetCondition=1,iconGroup=IconGroup(Wi-Fi Icons),activityIn=true,activityOut=false,rssi=-52,lastModified=03-29 13:34:31,ssid="bskj",isTransient=false,statusLabel=null
03-29 13:34:33.196  1180  4375 D AppOps  : startOperation: allowing code 40 uid 1001 package com.android.phone
03-29 13:34:35.213  1180  4375 D AppOps  : startOperation: allowing code 40 uid 1001 package com.android.phone
03-29 13:34:35.575  1180  2052 D WifiStateMachine: handleMessage: E msg.what=131155
03-29 13:34:35.575  1180  2052 D WifiStateMachine: processMsg: ConnectedState
03-29 13:34:35.577  1180  2052 D WifiStateMachine:  ConnectedState !CMD_RSSI_POLL rt=168543433/168634659 102 0 "bskj" 04:bd:88:a0:31:91 rssi=-52 f=5745 sc=60 link=526 tx=10.3, 0.7, 0.0  rx=4.8 bcn=2716 [on:0 tx:0 rx:0 period:3001] from screen [on:3251734 period:14618465] score=60
03-29 13:34:35.577  1180  2052 D WifiStateMachine: processMsg: L2ConnectedState
03-29 13:34:35.577  1180  2052 D WifiStateMachine:  L2ConnectedState !CMD_RSSI_POLL rt=168543435/168634660 102 0 "bskj" 04:bd:88:a0:31:91 rssi=-52 f=5745 sc=60 link=526 tx=10.3, 0.7, 0.0  rx=4.8 bcn=2716 [on:0 tx:0 rx:0 period:1] from screen [on:3251734 period:14618466] score=60
03-29 13:34:35.602  1180  2052 D WifiStateMachine: fetchRssiLinkSpeedAndFrequencyNative rssi=-53 linkspeed=526 freq=5745
03-29 13:34:35.603  1180  2052 D WifiScoreReport: score =60
03-29 13:34:35.607  1180  2052 D WifiStateMachine: handleMessage: X
03-29 13:34:35.612  2123  2451 D NetworkController.WifiSignalController: Change in state from: connected=true,enabled=true,level=4,inetCondition=1,iconGroup=IconGroup(Wi-Fi Icons),activityIn=true,activityOut=false,rssi=-52,lastModified=03-29 13:34:32,ssid="bskj",isTransient=false,statusLabel=null
03-29 13:34:35.612  2123  2451 D NetworkController.WifiSignalController: 	to: connected=true,enabled=true,level=4,inetCondition=1,iconGroup=IconGroup(Wi-Fi Icons),activityIn=true,activityOut=false,rssi=-53,lastModified=03-29 13:34:32,ssid="bskj",isTransient=false,statusLabel=null
03-29 13:34:35.865  2123  2123 D NetworkController.WifiSignalController: Change in state from: connected=true,enabled=true,level=4,inetCondition=1,iconGroup=IconGroup(Wi-Fi Icons),activityIn=true,activityOut=false,rssi=-53,lastModified=03-29 13:34:35,ssid="bskj",isTransient=false,statusLabel=null
03-29 13:34:35.865  2123  2123 D NetworkController.WifiSignalController: 	to: connected=true,enabled=true,level=4,inetCondition=1,iconGroup=IconGroup(Wi-Fi Icons),activityIn=true,activityOut=true,rssi=-53,lastModified=03-29 13:34:35,ssid="bskj",isTransient=false,statusLabel=null
03-29 13:34:36.023   761 19676 V WifiHAL : Write rolling over to the start of ring buffer
03-29 13:34:37.230  1180  4375 D AppOps  : startOperation: allowing code 40 uid 1001 package com.android.phone
03-29 13:34:38.608  1180  2052 D WifiStateMachine: handleMessage: E msg.what=131155
03-29 13:34:38.608  1180  2052 D WifiStateMachine: processMsg: ConnectedState
03-29 13:34:38.610  1180  2052 D WifiStateMachine:  ConnectedState !CMD_RSSI_POLL rt=168546466/168637692 102 0 "bskj" 04:bd:88:a0:31:91 rssi=-53 f=5745 sc=60 link=526 tx=4.6, 0.9, 0.0  rx=2.4 bcn=2717 [on:0 tx:0 rx:0 period:3003] from screen [on:3251821 period:14621498] score=60
03-29 13:34:38.610  1180  2052 D WifiStateMachine: processMsg: L2ConnectedState
03-29 13:34:38.610  1180  2052 D WifiStateMachine:  L2ConnectedState !CMD_RSSI_POLL rt=168546467/168637693 102 0 "bskj" 04:bd:88:a0:31:91 rssi=-53 f=5745 sc=60 link=526 tx=4.6, 0.9, 0.0  rx=2.4 bcn=2717 [on:0 tx:0 rx:0 period:1] from screen [on:3251821 period:14621499] score=60
03-29 13:34:38.636  1180  2052 D WifiStateMachine: fetchRssiLinkSpeedAndFrequencyNative rssi=-53 linkspeed=526 freq=5745
03-29 13:34:38.636  1180  2052 D WifiScoreReport: score =60
03-29 13:34:38.638  1180  2052 D WifiStateMachine: handleMessage: X
03-29 13:34:39.246  1180  4375 D AppOps  : startOperation: allowing code 40 uid 1001 package com.android.phone
03-29 13:34:41.259  1180  4375 D AppOps  : startOperation: allowing code 40 uid 1001 package com.android.phone
03-29 13:34:41.641  1180  2052 D WifiStateMachine: handleMessage: E msg.what=131155
03-29 13:34:41.641  1180  2052 D WifiStateMachine: processMsg: ConnectedState
03-29 13:34:41.643  1180  2052 D WifiStateMachine:  ConnectedState !CMD_RSSI_POLL rt=168549499/168640724 102 0 "bskj" 04:bd:88:a0:31:91 rssi=-53 f=5745 sc=60 link=526 tx=4.6, 0.5, 0.0  rx=2.5 bcn=2729 [on:0 tx:0 rx:0 period:3005] from screen [on:3252898 period:14624532] score=60
03-29 13:34:41.643  1180  2052 D WifiStateMachine: processMsg: L2ConnectedState
03-29 13:34:41.644  1180  2052 D WifiStateMachine:  L2ConnectedState !CMD_RSSI_POLL rt=168549501/168640727 102 0 "bskj" 04:bd:88:a0:31:91 rssi=-53 f=5745 sc=60 link=526 tx=4.6, 0.5, 0.0  rx=2.5 bcn=2729 [on:0 tx:0 rx:0 period:1] from screen [on:3252898 period:14624533] score=60
03-29 13:34:41.666  1180  2052 D WifiStateMachine: fetchRssiLinkSpeedAndFrequencyNative rssi=-55 linkspeed=526 freq=5745
03-29 13:34:41.667  1180  2052 D WifiScoreReport: score =60
03-29 13:34:41.669  1180  2052 D WifiStateMachine: handleMessage: X
03-29 13:34:41.676  2123  2451 D NetworkController.WifiSignalController: Change in state from: connected=true,enabled=true,level=4,inetCondition=1,iconGroup=IconGroup(Wi-Fi Icons),activityIn=true,activityOut=true,rssi=-53,lastModified=03-29 13:34:35,ssid="bskj",isTransient=false,statusLabel=null
03-29 13:34:41.676  2123  2451 D NetworkController.WifiSignalController: 	to: connected=true,enabled=true,level=4,inetCondition=1,iconGroup=IconGroup(Wi-Fi Icons),activityIn=true,activityOut=true,rssi=-55,lastModified=03-29 13:34:35,ssid="bskj",isTransient=false,statusLabel=null
03-29 13:34:43.276  1180  4375 D AppOps  : startOperation: allowing code 40 uid 1001 package com.android.phone
03-29 13:34:44.671  1180  2052 D WifiStateMachine: handleMessage: E msg.what=131155
03-29 13:34:44.671  1180  2052 D WifiStateMachine: processMsg: ConnectedState
03-29 13:34:44.673  1180  2052 D WifiStateMachine:  ConnectedState !CMD_RSSI_POLL rt=168552529/168643755 102 0 "bskj" 04:bd:88:a0:31:91 rssi=-55 f=5745 sc=60 link=526 tx=2.7, 0.2, 0.0  rx=2.0 bcn=2740 [on:0 tx:0 rx:0 period:3003] from screen [on:3253815 period:14627561] score=60
03-29 13:34:44.673  1180  2052 D WifiStateMachine: processMsg: L2ConnectedState
03-29 13:34:44.673  1180  2052 D WifiStateMachine:  L2ConnectedState !CMD_RSSI_POLL rt=168552530/168643756 102 0 "bskj" 04:bd:88:a0:31:91 rssi=-55 f=5745 sc=60 link=526 tx=2.7, 0.2, 0.0  rx=2.0 bcn=2740 [on:0 tx:0 rx:0 period:1] from screen [on:3253815 period:14627562] score=60
03-29 13:34:44.695  1180  2052 D WifiStateMachine: fetchRssiLinkSpeedAndFrequencyNative rssi=-54 linkspeed=650 freq=5745
03-29 13:34:44.695  1180  2052 D WifiScoreReport: score =60
03-29 13:34:44.698  1180  2052 D WifiStateMachine: handleMessage: X
03-29 13:34:44.700  2123  2451 D NetworkController.WifiSignalController: Change in state from: connected=true,enabled=true,level=4,inetCondition=1,iconGroup=IconGroup(Wi-Fi Icons),activityIn=true,activityOut=true,rssi=-55,lastModified=03-29 13:34:41,ssid="bskj",isTransient=false,statusLabel=null
03-29 13:34:44.700  2123  2451 D NetworkController.WifiSignalController: 	to: connected=true,enabled=true,level=4,inetCondition=1,iconGroup=IconGroup(Wi-Fi Icons),activityIn=true,activityOut=true,rssi=-54,lastModified=03-29 13:34:41,ssid="bskj",isTransient=false,statusLabel=null
03-29 13:34:45.294  1180 11775 D AppOps  : startOperation: allowing code 40 uid 1001 package com.android.phone
03-29 13:34:45.904  2123  2123 D NetworkController.WifiSignalController: Change in state from: connected=true,enabled=true,level=4,inetCondition=1,iconGroup=IconGroup(Wi-Fi Icons),activityIn=true,activityOut=true,rssi=-54,lastModified=03-29 13:34:44,ssid="bskj",isTransient=false,statusLabel=null
03-29 13:34:45.904  2123  2123 D NetworkController.WifiSignalController: 	to: connected=true,enabled=true,level=4,inetCondition=1,iconGroup=IconGroup(Wi-Fi Icons),activityIn=true,activityOut=false,rssi=-54,lastModified=03-29 13:34:44,ssid="bskj",isTransient=false,statusLabel=null
03-29 13:34:46.910  2123  2123 D NetworkController.WifiSignalController: Change in state from: connected=true,enabled=true,level=4,inetCondition=1,iconGroup=IconGroup(Wi-Fi Icons),activityIn=true,activityOut=false,rssi=-54,lastModified=03-29 13:34:45,ssid="bskj",isTransient=false,statusLabel=null
03-29 13:34:46.910  2123  2123 D NetworkController.WifiSignalController: 	to: connected=true,enabled=true,level=4,inetCondition=1,iconGroup=IconGroup(Wi-Fi Icons),activityIn=true,activityOut=true,rssi=-54,lastModified=03-29 13:34:45,ssid="bskj",isTransient=false,statusLabel=null
03-29 13:34:47.311  1180 11775 D AppOps  : startOperation: allowing code 40 uid 1001 package com.android.phone
