03-29 13:34:06.125 24209 24256 I browser:channe:   at java.lang.Object java.util.concurrent.Executors$RunnableAdapter.call() (Executors.java:458)
03-29 13:34:06.125 24209 24256 I browser:channe:   at void java.util.concurrent.FutureTask.run() (FutureTask.java:266)
03-29 13:34:06.125 24209 24256 I browser:channe:   at void java.util.concurrent.ScheduledThreadPoolExecutor$ScheduledFutureTask.run() (ScheduledThreadPoolExecutor.java:301)
03-29 13:34:06.125 24209 24256 I browser:channe:   at void java.util.concurrent.ThreadPoolExecutor.runWorker(java.util.concurrent.ThreadPoolExecutor$Worker) (ThreadPoolExecutor.java:1167)
03-29 13:34:06.125 24209 24256 I browser:channe:   at void java.util.concurrent.ThreadPoolExecutor$Worker.run() (ThreadPoolExecutor.java:641)
03-29 13:34:06.125 24209 24256 I browser:channe:   at void java.lang.Thread.run() (Thread.java:764)
03-29 13:34:06.125 24209 24256 I browser:channe: Caused by: java.lang.ClassNotFoundException: Didn't find class "com.taobao.orange.OrangeConfigListenerV1" on path: DexPathList[[zip file "/system/framework/org.apache.http.legacy.boot.jar", zip file "/data/app/com.xp.browser-EJrk-awE4pJt0MBLikEW9Q==/base.apk"],nativeLibraryDirectories=[/data/app/com.xp.browser-EJrk-awE4pJt0MBLikEW9Q==/lib/arm64, /system/fake-libs64, /data/app/com.xp.browser-EJrk-awE4pJt0MBLikEW9Q==/base.apk!/lib/arm64-v8a, /system/lib64]]
03-29 13:34:06.125 24209 24256 I browser:channe:   at java.lang.Class dalvik.system.BaseDexClassLoader.findClass(java.lang.String) (BaseDexClassLoader.java:134)
03-29 13:34:06.125 24209 24256 I browser:channe:   at java.lang.Class java.lang.ClassLoader.loadClass(java.lang.String, boolean) (ClassLoader.java:379)
03-29 13:34:06.125 24209 24256 I browser:channe:   at java.lang.Class java.lang.ClassLoader.loadClass(java.lang.String) (ClassLoader.java:312)
03-29 13:34:06.125  1180  4371 D CompatibilityInfo: mCompatibilityFlags - 10
03-29 13:34:06.125 24209 24256 I browser:channe:   at java.lang.Object java.lang.reflect.Constructor.newInstance0(java.lang.Object[]) (Constructor.java:-2)
03-29 13:34:06.125  1180  4371 D CompatibilityInfo: applicationDensity - 420
03-29 13:34:06.125 24209 24256 I browser:channe:   at java.lang.Object java.lang.reflect.Constructor.newInstance(java.lang.Object[]) (Constructor.java:343)
03-29 13:34:06.125  1180  4371 D CompatibilityInfo: applicationScale - 1.0
03-29 13:34:06.125 24209 24256 I browser:channe:   at com.taobao.accs.b com.taobao.accs.ACCSManager.createAccsInstance(android.content.Context, java.lang.String) (Taobao:442)
03-29 13:34:06.125 24209 24256 I browser:channe:   at com.taobao.accs.b com.taobao.accs.ACCSManager.getAccsInstance(android.content.Context, java.lang.String, java.lang.String) (Taobao:426)
03-29 13:34:06.125 24209 24256 I browser:channe:   at void com.taobao.agoo.TaobaoRegister.register(android.content.Context, java.lang.String, java.lang.String, java.lang.String, java.lang.String, com.taobao.agoo.IRegister) (Taobao:125)
03-29 13:34:06.126 24209 24256 I browser:channe:   at void com.taobao.agoo.TaobaoRegister.register(android.content.Context, java.lang.String, java.lang.String, java.lang.String, com.taobao.agoo.IRegister) (Taobao:80)
03-29 13:34:06.126 24209 24256 I browser:channe:   at void com.umeng.message.PushAgent$2.run() (PushAgent.java:169)
03-29 13:34:06.126 24209 24256 I browser:channe:   at java.lang.Object java.util.concurrent.Executors$RunnableAdapter.call() (Executors.java:458)
03-29 13:34:06.126 24209 24256 I browser:channe:   at void java.util.concurrent.FutureTask.run() (FutureTask.java:266)
03-29 13:34:06.126 24209 24256 I browser:channe:   at void java.util.concurrent.ScheduledThreadPoolExecutor$ScheduledFutureTask.run() (ScheduledThreadPoolExecutor.java:301)
03-29 13:34:06.126 24209 24256 I browser:channe:   at void java.util.concurrent.ThreadPoolExecutor.runWorker(java.util.concurrent.ThreadPoolExecutor$Worker) (ThreadPoolExecutor.java:1167)
03-29 13:34:06.126 24209 24256 I browser:channe:   at void java.util.concurrent.ThreadPoolExecutor$Worker.run() (ThreadPoolExecutor.java:641)
03-29 13:34:06.126 24209 24256 I browser:channe:   at void java.lang.Thread.run() (Thread.java:764)
03-29 13:34:06.126 24209 24256 I browser:channe: 
03-29 13:34:06.126 24209 24256 I browser:channe: Rejecting re-init on previously-failed class java.lang.Class<com.taobao.accs.utl.h$a>: java.lang.NoClassDefFoundError: Failed resolution of: Lcom/taobao/orange/OrangeConfigListenerV1;
03-29 13:34:06.126 24209 24256 I browser:channe:   at java.lang.Object java.lang.reflect.Constructor.newInstance0(java.lang.Object[]) (Constructor.java:-2)
03-29 13:34:06.126 24209 24256 I browser:channe:   at java.lang.Object java.lang.reflect.Constructor.newInstance(java.lang.Object[]) (Constructor.java:343)
03-29 13:34:06.126 24209 24256 I browser:channe:   at com.taobao.accs.b com.taobao.accs.ACCSManager.createAccsInstance(android.content.Context, java.lang.String) (Taobao:442)
03-29 13:34:06.126 24209 24256 I browser:channe:   at com.taobao.accs.b com.taobao.accs.ACCSManager.getAccsInstance(android.content.Context, java.lang.String, java.lang.String) (Taobao:426)
03-29 13:34:06.126 24209 24256 I browser:channe:   at void com.taobao.agoo.TaobaoRegister.register(android.content.Context, java.lang.String, java.lang.String, java.lang.String, java.lang.String, com.taobao.agoo.IRegister) (Taobao:125)
03-29 13:34:06.126 24209 24256 I browser:channe:   at void com.taobao.agoo.TaobaoRegister.register(android.content.Context, java.lang.String, java.lang.String, java.lang.String, com.taobao.agoo.IRegister) (Taobao:80)
03-29 13:34:06.126 24209 24256 I browser:channe:   at void com.umeng.message.PushAgent$2.run() (PushAgent.java:169)
03-29 13:34:06.126  1180  4371 W BroadcastQueue: Background execution not allowed: receiving Intent { act=android.intent.action.PACKAGE_REPLACED dat=package:com.journeyOS.edge flg=0x4000010 (has extras) } to com.blackshark.launcher/com.journeyui.launcher.prompticon.OnPackageUpdateReceive
03-29 13:34:06.127 24209 24256 I browser:channe:   at java.lang.Object java.util.concurrent.Executors$RunnableAdapter.call() (Executors.java:458)
03-29 13:34:06.127 24209 24256 I browser:channe:   at void java.util.concurrent.FutureTask.run() (FutureTask.java:266)
03-29 13:34:06.127 24209 24256 I browser:channe:   at void java.util.concurrent.ScheduledThreadPoolExecutor$ScheduledFutureTask.run() (ScheduledThreadPoolExecutor.java:301)
03-29 13:34:06.127 24209 24256 I browser:channe:   at void java.util.concurrent.ThreadPoolExecutor.runWorker(java.util.concurrent.ThreadPoolExecutor$Worker) (ThreadPoolExecutor.java:1167)
03-29 13:34:06.127 24209 24256 I browser:channe:   at void java.util.concurrent.ThreadPoolExecutor$Worker.run() (ThreadPoolExecutor.java:641)
03-29 13:34:06.127 24209 24256 I browser:channe:   at void java.lang.Thread.run() (Thread.java:764)
03-29 13:34:06.127 24209 24256 I browser:channe: Caused by: java.lang.ClassNotFoundException: Didn't find class "com.taobao.orange.OrangeConfigListenerV1" on path: DexPathList[[zip file "/system/framework/org.apache.http.legacy.boot.jar", zip file "/data/app/com.xp.browser-EJrk-awE4pJt0MBLikEW9Q==/base.apk"],nativeLibraryDirectories=[/data/app/com.xp.browser-EJrk-awE4pJt0MBLikEW9Q==/lib/arm64, /system/fake-libs64, /data/app/com.xp.browser-EJrk-awE4pJt0MBLikEW9Q==/base.apk!/lib/arm64-v8a, /system/lib64]]
03-29 13:34:06.127 24209 24256 I browser:channe:   at java.lang.Class dalvik.system.BaseDexClassLoader.findClass(java.lang.String) (BaseDexClassLoader.java:134)
03-29 13:34:06.127 24209 24256 I browser:channe:   at java.lang.Class java.lang.ClassLoader.loadClass(java.lang.String, boolean) (ClassLoader.java:379)
03-29 13:34:06.127 24209 24256 I browser:channe:   at java.lang.Class java.lang.ClassLoader.loadClass(java.lang.String) (ClassLoader.java:312)
03-29 13:34:06.127 24209 24256 I browser:channe:   at java.lang.Object java.lang.reflect.Constructor.newInstance0(java.lang.Object[]) (Constructor.java:-2)
03-29 13:34:06.127 24209 24256 I browser:channe:   at java.lang.Object java.lang.reflect.Constructor.newInstance(java.lang.Object[]) (Constructor.java:343)
03-29 13:34:06.127 24209 24256 I browser:channe:   at com.taobao.accs.b com.taobao.accs.ACCSManager.createAccsInstance(android.content.Context, java.lang.String) (Taobao:442)
03-29 13:34:06.127 24209 24256 I browser:channe:   at com.taobao.accs.b com.taobao.accs.ACCSManager.getAccsInstance(android.content.Context, java.lang.String, java.lang.String) (Taobao:426)
03-29 13:34:06.127 24209 24256 I browser:channe:   at void com.taobao.agoo.TaobaoRegister.register(android.content.Context, java.lang.String, java.lang.String, java.lang.String, java.lang.String, com.taobao.agoo.IRegister) (Taobao:125)
03-29 13:34:06.127 24209 24256 I browser:channe:   at void com.taobao.agoo.TaobaoRegister.register(android.content.Context, java.lang.String, java.lang.String, java.lang.String, com.taobao.agoo.IRegister) (Taobao:80)
03-29 13:34:06.127 24209 24256 I browser:channe:   at void com.umeng.message.PushAgent$2.run() (PushAgent.java:169)
03-29 13:34:06.127 24209 24256 I browser:channe:   at java.lang.Object java.util.concurrent.Executors$RunnableAdapter.call() (Executors.java:458)
03-29 13:34:06.127  1180  4371 I appwidgets: read a package: com.blackshark.deskclock
03-29 13:34:06.127 24209 24256 I browser:channe:   at void java.util.concurrent.FutureTask.run() (FutureTask.java:266)
03-29 13:34:06.128 24209 24256 I browser:channe:   at void java.util.concurrent.ScheduledThreadPoolExecutor$ScheduledFutureTask.run() (ScheduledThreadPoolExecutor.java:301)
03-29 13:34:06.128 24209 24256 I browser:channe:   at void java.util.concurrent.ThreadPoolExecutor.runWorker(java.util.concurrent.ThreadPoolExecutor$Worker) (ThreadPoolExecutor.java:1167)
03-29 13:34:06.128 24209 24256 I browser:channe:   at void java.util.concurrent.ThreadPoolExecutor$Worker.run() (ThreadPoolExecutor.java:641)
03-29 13:34:06.128 24209 24256 I browser:channe:   at void java.lang.Thread.run() (Thread.java:764)
03-29 13:34:06.128 24209 24256 I browser:channe: 
03-29 13:34:06.128  1180  1408 D CompatibilityInfo: mCompatibilityFlags - 0
03-29 13:34:06.128  1180  1408 D CompatibilityInfo: applicationDensity - 420
03-29 13:34:06.128  1180  1408 D CompatibilityInfo: applicationScale - 1.0
03-29 13:34:06.129  2457  2457 D PromptIconUtil: StartActivityReceiver packageName = com.journeyOS.edge
03-29 13:34:06.130 24209 24259 I browser:channe: Rejecting re-init on previously-failed class java.lang.Class<com.taobao.accs.utl.j>: java.lang.NoClassDefFoundError: Failed resolution of: Lcom/ut/mini/IUTApplication;
03-29 13:34:06.130 24209 24259 I browser:channe:   at com.taobao.accs.utl.UTMini com.taobao.accs.utl.UTMini.getInstance() (Taobao:28)
03-29 13:34:06.130 24209 24259 I browser:channe:   at void com.taobao.accs.internal.ServiceImpl.a() (Taobao:159)
03-29 13:34:06.130 24209 24259 I browser:channe:   at void com.taobao.accs.internal.ServiceImpl.b(com.taobao.accs.internal.ServiceImpl) (Taobao:48)
03-29 13:34:06.130 24209 24259 I browser:channe:   at void com.taobao.accs.internal.e.run() (Taobao:88)
03-29 13:34:06.130 24209 24259 I browser:channe:   at java.lang.Object java.util.concurrent.Executors$RunnableAdapter.call() (Executors.java:458)
03-29 13:34:06.130 24209 24259 I browser:channe:   at void java.util.concurrent.FutureTask.run() (FutureTask.java:266)
03-29 13:34:06.130 24209 24259 I browser:channe:   at void java.util.concurrent.ScheduledThreadPoolExecutor$ScheduledFutureTask.run() (ScheduledThreadPoolExecutor.java:301)
03-29 13:34:06.130 24209 24259 I browser:channe:   at void java.util.concurrent.ThreadPoolExecutor.runWorker(java.util.concurrent.ThreadPoolExecutor$Worker) (ThreadPoolExecutor.java:1167)
03-29 13:34:06.130 24209 24259 I browser:channe:   at void java.util.concurrent.ThreadPoolExecutor$Worker.run() (ThreadPoolExecutor.java:641)
03-29 13:34:06.130 24209 24259 I browser:channe:   at void java.lang.Thread.run() (Thread.java:764)
03-29 13:34:06.130 24209 24259 I browser:channe: Caused by: java.lang.ClassNotFoundException: Didn't find class "com.ut.mini.IUTApplication" on path: DexPathList[[zip file "/system/framework/org.apache.http.legacy.boot.jar", zip file "/data/app/com.xp.browser-EJrk-awE4pJt0MBLikEW9Q==/base.apk"],nativeLibraryDirectories=[/data/app/com.xp.browser-EJrk-awE4pJt0MBLikEW9Q==/lib/arm64, /system/fake-libs64, /data/app/com.xp.browser-EJrk-awE4pJt0MBLikEW9Q==/base.apk!/lib/arm64-v8a, /system/lib64]]
03-29 13:34:06.130 24209 24259 I browser:channe:   at java.lang.Class dalvik.system.BaseDexClassLoader.findClass(java.lang.String) (BaseDexClassLoader.java:134)
03-29 13:34:06.130 24209 24259 I browser:channe:   at java.lang.Class java.lang.ClassLoader.loadClass(java.lang.String, boolean) (ClassLoader.java:379)
03-29 13:34:06.130 24209 24259 I browser:channe:   at java.lang.Class java.lang.ClassLoader.loadClass(java.lang.String) (ClassLoader.java:312)
03-29 13:34:06.130 24209 24259 I browser:channe:   at com.taobao.accs.utl.UTMini com.taobao.accs.utl.UTMini.getInstance() (Taobao:28)
03-29 13:34:06.130 24209 24259 I browser:channe:   at void com.taobao.accs.internal.ServiceImpl.a() (Taobao:159)
03-29 13:34:06.130 24209 24259 I browser:channe:   at void com.taobao.accs.internal.ServiceImpl.b(com.taobao.accs.internal.ServiceImpl) (Taobao:48)
03-29 13:34:06.130 24209 24259 I browser:channe:   at void com.taobao.accs.internal.e.run() (Taobao:88)
03-29 13:34:06.130 24209 24259 I browser:channe:   at java.lang.Object java.util.concurrent.Executors$RunnableAdapter.call() (Executors.java:458)
03-29 13:34:06.130 24209 24259 I browser:channe:   at void java.util.concurrent.FutureTask.run() (FutureTask.java:266)
03-29 13:34:06.131 24209 24259 I browser:channe:   at void java.util.concurrent.ScheduledThreadPoolExecutor$ScheduledFutureTask.run() (ScheduledThreadPoolExecutor.java:301)
03-29 13:34:06.131 24209 24259 I browser:channe:   at void java.util.concurrent.ThreadPoolExecutor.runWorker(java.util.concurrent.ThreadPoolExecutor$Worker) (ThreadPoolExecutor.java:1167)
03-29 13:34:06.131 24209 24259 I browser:channe:   at void java.util.concurrent.ThreadPoolExecutor$Worker.run() (ThreadPoolExecutor.java:641)
03-29 13:34:06.131 24209 24259 I browser:channe:   at void java.lang.Thread.run() (Thread.java:764)
03-29 13:34:06.131 24209 24259 I browser:channe: 
03-29 13:34:06.131 24209 24259 I browser:channe: Rejecting re-init on previously-failed class java.lang.Class<com.taobao.accs.utl.j>: java.lang.NoClassDefFoundError: Failed resolution of: Lcom/ut/mini/IUTApplication;
03-29 13:34:06.131 24209 24259 I browser:channe:   at com.taobao.accs.utl.UTMini com.taobao.accs.utl.UTMini.getInstance() (Taobao:28)
03-29 13:34:06.131 24209 24259 I browser:channe:   at void com.taobao.accs.internal.ServiceImpl.a() (Taobao:159)
03-29 13:34:06.131 24209 24259 I browser:channe:   at void com.taobao.accs.internal.ServiceImpl.b(com.taobao.accs.internal.ServiceImpl) (Taobao:48)
03-29 13:34:06.131 24209 24259 I browser:channe:   at void com.taobao.accs.internal.e.run() (Taobao:88)
03-29 13:34:06.131 24209 24259 I browser:channe:   at java.lang.Object java.util.concurrent.Executors$RunnableAdapter.call() (Executors.java:458)
03-29 13:34:06.131 24209 24259 I browser:channe:   at void java.util.concurrent.FutureTask.run() (FutureTask.java:266)
03-29 13:34:06.131 24209 24259 I browser:channe:   at void java.util.concurrent.ScheduledThreadPoolExecutor$ScheduledFutureTask.run() (ScheduledThreadPoolExecutor.java:301)
03-29 13:34:06.131 24209 24259 I browser:channe:   at void java.util.concurrent.ThreadPoolExecutor.runWorker(java.util.concurrent.ThreadPoolExecutor$Worker) (ThreadPoolExecutor.java:1167)
03-29 13:34:06.131 24209 24259 I browser:channe:   at void java.util.concurrent.ThreadPoolExecutor$Worker.run() (ThreadPoolExecutor.java:641)
03-29 13:34:06.131 24209 24259 I browser:channe:   at void java.lang.Thread.run() (Thread.java:764)
03-29 13:34:06.131 24209 24259 I browser:channe: Caused by: java.lang.ClassNotFoundException: Didn't find class "com.ut.mini.IUTApplication" on path: DexPathList[[zip file "/system/framework/org.apache.http.legacy.boot.jar", zip file "/data/app/com.xp.browser-EJrk-awE4pJt0MBLikEW9Q==/base.apk"],nativeLibraryDirectories=[/data/app/com.xp.browser-EJrk-awE4pJt0MBLikEW9Q==/lib/arm64, /system/fake-libs64, /data/app/com.xp.browser-EJrk-awE4pJt0MBLikEW9Q==/base.apk!/lib/arm64-v8a, /system/lib64]]
03-29 13:34:06.131 24209 24259 I browser:channe:   at java.lang.Class dalvik.system.BaseDexClassLoader.findClass(java.lang.String) (BaseDexClassLoader.java:134)
03-29 13:34:06.131 24209 24259 I browser:channe:   at java.lang.Class java.lang.ClassLoader.loadClass(java.lang.String, boolean) (ClassLoader.java:379)
03-29 13:34:06.131 24209 24259 I browser:channe:   at java.lang.Class java.lang.ClassLoader.loadClass(java.lang.String) (ClassLoader.java:312)
03-29 13:34:06.131 24209 24259 I browser:channe:   at com.taobao.accs.utl.UTMini com.taobao.accs.utl.UTMini.getInstance() (Taobao:28)
03-29 13:34:06.131 24209 24259 I browser:channe:   at void com.taobao.accs.internal.ServiceImpl.a() (Taobao:159)
03-29 13:34:06.132 24209 24259 I browser:channe:   at void com.taobao.accs.internal.ServiceImpl.b(com.taobao.accs.internal.ServiceImpl) (Taobao:48)
03-29 13:34:06.132 24209 24259 I browser:channe:   at void com.taobao.accs.internal.e.run() (Taobao:88)
03-29 13:34:06.132 24209 24259 I browser:channe:   at java.lang.Object java.util.concurrent.Executors$RunnableAdapter.call() (Executors.java:458)
03-29 13:34:06.132 24209 24259 I browser:channe:   at void java.util.concurrent.FutureTask.run() (FutureTask.java:266)
03-29 13:34:06.132 24209 24259 I browser:channe:   at void java.util.concurrent.ScheduledThreadPoolExecutor$ScheduledFutureTask.run() (ScheduledThreadPoolExecutor.java:301)
03-29 13:34:06.132 24209 24259 I browser:channe:   at void java.util.concurrent.ThreadPoolExecutor.runWorker(java.util.concurrent.ThreadPoolExecutor$Worker) (ThreadPoolExecutor.java:1167)
03-29 13:34:06.132 24209 24259 I browser:channe:   at void java.util.concurrent.ThreadPoolExecutor$Worker.run() (ThreadPoolExecutor.java:641)
03-29 13:34:06.132 24209 24259 I browser:channe:   at void java.lang.Thread.run() (Thread.java:764)
03-29 13:34:06.132 24209 24259 I browser:channe: 
03-29 13:34:06.136 16652 24270 D ZsDualSettings: [PackageChangeService] onHandleIntent
03-29 13:34:06.136 16652 24270 D ZsDualSettings: [PackageChangeService] packageName is com.journeyOS.edge
03-29 13:34:06.144  1180  1485 E DropBoxManagerService: tag = system_server_strictmode
03-29 13:34:06.175 24209 24259 D FileCheckUtils: st.getAvailableBlocks()=24911814,st.getAvailableBlocks() * blockSize=102038790144
03-29 13:34:06.390 24201 24201 I HeapTaskDaemon: type=1400 audit(0.0:19350): avc: denied { read } for name="heye_bms_clt" dev="tmpfs" ino=16301 scontext=u:r:untrusted_app_27:s0:c512,c768 tcontext=u:object_r:hawkeye_device:s0 tclass=chr_file permissive=1
03-29 13:34:06.390 24201 24201 I HeapTaskDaemon: type=1400 audit(0.0:19351): avc: denied { open } for path="/dev/heye_bms_clt" dev="tmpfs" ino=16301 scontext=u:r:untrusted_app_27:s0:c512,c768 tcontext=u:object_r:hawkeye_device:s0 tclass=chr_file permissive=1
03-29 13:34:06.397 24201 24201 I Perf    : Connecting to perf service.
03-29 13:34:06.433 24201 24201 D I007-Core: I007 service running = true
03-29 13:34:06.438 24201 24201 D I007-Core: I007 service running = true
03-29 13:34:06.439 24201 24201 D I007-Daemon-S: daemon service will be running!
03-29 13:34:06.439  1180 14311 V PerformanceManager_JNI: event notify: fd = 85, event_id = 0X00304804
03-29 13:34:06.447 24201 24201 D I007-NotifyManager: onFactorChanged() called with: factoryId = [16], data = [X]
03-29 13:34:06.447 24201 24201 D I007-NotifyManager: on factor changed, before state = DLN4E-11001-0362#
03-29 13:34:06.448 24201 24201 D I007-NotifyManager: on factor changed, after state = DLN4X-11001-0362#
03-29 13:34:06.458 24201 24288 I stetho  : Listening on @stetho_com.journeyOS.edge_devtools_remote
03-29 13:34:06.482  1180 14340 D LocationManagerService: getProviders()=[passive, gps, network]
03-29 13:34:06.480 24201 24201 I .journeyOS.edge: type=1400 audit(0.0:19352): avc: denied { getattr } for path="/system/xbin/su" dev="sda6" ino=5818 scontext=u:r:untrusted_app_27:s0:c512,c768 tcontext=u:object_r:su_exec:s0 tclass=file permissive=1
03-29 13:34:06.485 24291 24291 I Zygote  : seccomp disabled by setenforce 0
03-29 13:34:06.465  1180  1485 I chatty  : uid=1000(system) android.io identical 12 lines
03-29 13:34:06.495  1180  1485 E DropBoxManagerService: tag = system_server_strictmode
03-29 13:34:06.496  1180  1410 I ActivityManager: Start proc 24291:com.journeyOS.i007Service/u0a206 for service com.journeyOS.edge/com.journeyOS.i007Service.core.daemon.DaemonService
03-29 13:34:06.505 24291 24291 I yOS.i007Servic: Late-enabling -Xcheck:jni
03-29 13:34:06.524  1180  1485 E DropBoxManagerService: tag = system_server_strictmode
03-29 13:34:06.561  1180 14311 D CompatibilityInfo: mCompatibilityFlags - 0
03-29 13:34:06.561  1180 14311 D CompatibilityInfo: applicationDensity - 420
03-29 13:34:06.561  1180 14311 D CompatibilityInfo: applicationScale - 1.0
03-29 13:34:06.563  1180 14311 D CompatibilityInfo: mCompatibilityFlags - 0
03-29 13:34:06.563  1180 14311 D CompatibilityInfo: applicationDensity - 420
03-29 13:34:06.563  1180 14311 D CompatibilityInfo: applicationScale - 1.0
03-29 13:34:06.625 24201 24201 D NetworkSecurityConfig: No Network Security Config specified, using platform default
03-29 13:34:06.628 24201 24201 W .journeyOS.edg: Accessing hidden method Ldalvik/system/CloseGuard;->get()Ldalvik/system/CloseGuard; (light greylist, reflection)
03-29 13:34:06.628 24201 24201 W .journeyOS.edg: Accessing hidden method Ldalvik/system/CloseGuard;->open(Ljava/lang/String;)V (light greylist, reflection)
03-29 13:34:06.628 24201 24201 W .journeyOS.edg: Accessing hidden method Ldalvik/system/CloseGuard;->warnIfOpen()V (light greylist, reflection)
03-29 13:34:06.633 24291 24291 I yOS.i007Servic: The ClassLoaderContext is a special shared library.
03-29 13:34:06.695   778   778 E ANDR-IOP: IOP HAL: Received pkg_name = com.journeyOS.edge pid = 0
03-29 13:34:06.754 24201 24317 D Edge-AppRepositoryImpl: device has been init database = true
03-29 13:34:06.787 24201 24201 W .journeyOS.edg: Accessing hidden method Landroid/view/View;->computeFitSystemWindows(Landroid/graphics/Rect;Landroid/graphics/Rect;)Z (light greylist, reflection)
03-29 13:34:06.788 24201 24201 W .journeyOS.edg: Accessing hidden method Landroid/view/ViewGroup;->makeOptionalFitsSystemWindows()V (light greylist, reflection)
03-29 13:34:06.790 24201 24201 I AppCompatViewInflater: app:theme is now deprecated. Please move to using android:theme instead.
03-29 13:34:06.803 24201 24201 V PhoneWindow: Sending msg_notifyRecomputeStatusBarLight: type -> 0   value -> -7876870
03-29 13:34:06.803 24201 24201 V PhoneWindow: Sending msg_notifyRecomputeStatusBarLight: type -> 2   value -> 0
03-29 13:34:06.820 24201 24201 D Edge-NotificationManager: start notification service, is service running = false
03-29 13:34:06.766  1180  1485 I chatty  : uid=1000(system) android.io identical 7 lines
03-29 13:34:06.801  1180  1485 E DropBoxManagerService: tag = system_server_strictmode
03-29 13:34:06.821  1180  8982 D PackageManager: Instant App installer not found with android.intent.action.INSTALL_INSTANT_APP_PACKAGE
03-29 13:34:06.821  1180  8982 D PackageManager: Clear ephemeral installer activity
03-29 13:34:06.822  1180  2336 D PackageManager: Instant App installer not found with android.intent.action.INSTALL_INSTANT_APP_PACKAGE
03-29 13:34:06.822  1180  2336 D PackageManager: Clear ephemeral installer activity
03-29 13:34:06.823  1180  8982 D PackageManager: Instant App installer not found with android.intent.action.INSTALL_INSTANT_APP_PACKAGE
03-29 13:34:06.823  1180  8982 D PackageManager: Clear ephemeral installer activity
03-29 13:34:06.823  1180  2336 D PackageManager: Instant App installer not found with android.intent.action.INSTALL_INSTANT_APP_PACKAGE
03-29 13:34:06.823  1180  2336 D PackageManager: Clear ephemeral installer activity
03-29 13:34:06.822 24201 24201 D Edge-NotificationManager: start notification service, is service running = false
03-29 13:34:06.825  1180  8982 D CompatibilityInfo: mCompatibilityFlags - 0
03-29 13:34:06.825  1180  8982 D CompatibilityInfo: applicationDensity - 420
03-29 13:34:06.825  1180  8982 D CompatibilityInfo: applicationScale - 1.0
03-29 13:34:06.825 24201 24201 D Edge-NotificationManager: start notification service, is service running = false
03-29 13:34:06.820 24201 24201 I .journeyOS.edge: type=1400 audit(0.0:19353): avc: denied { map } for path="/dev/event-log-tags" dev="tmpfs" ino=27748 scontext=u:r:untrusted_app_27:s0:c512,c768 tcontext=u:object_r:runtime_event_log_tags_file:s0 tclass=file permissive=1
03-29 13:34:06.826  1180  8982 D PackageManager: Instant App installer not found with android.intent.action.INSTALL_INSTANT_APP_PACKAGE
03-29 13:34:06.826  1180  8982 D PackageManager: Clear ephemeral installer activity
03-29 13:34:06.826  1180  8982 D PackageManager: Instant App installer not found with android.intent.action.INSTALL_INSTANT_APP_PACKAGE
03-29 13:34:06.826  1180  8982 D PackageManager: Clear ephemeral installer activity
03-29 13:34:06.835  1180  1485 E DropBoxManagerService: tag = system_server_strictmode
03-29 13:34:06.898 24201 24201 D OpenGLRenderer: Skia GL Pipeline
03-29 13:34:06.903 24201 24201 W BugManager: ##### register,mFd=72
03-29 13:34:06.920  1180  8982 I AMS_SLockDlg: mLockSwitch 0,mLockApps 0
03-29 13:34:06.920  1180  8982 D SmartPolicyTrigger: activityResumed com.journeyOS.edge
03-29 13:34:06.920  2392  2410 D SmartPolicyDebug: SmartPolicyService activityResumed {"packageName":"com.journeyOS.edge","pid":24201}
03-29 13:34:06.920  2392  2410 D SmartPolicyDebug: PackageNameMonitor activityResumed {"packageName":"com.journeyOS.edge","pid":24201}
03-29 13:34:06.920  2392  2410 D SmartPolicyDebug: AudioParaPolicy activityResumed: com.journeyOS.edge, 0
03-29 13:34:06.923 24201 24201 D I007-NotifyManager: onFactorChanged() called with: factoryId = [8], data = [NW]
03-29 13:34:06.923 24201 24201 D I007-NotifyManager: on factor changed, before state = DLN4X-11001-0362#
03-29 13:34:06.923 24201 24201 D I007-NotifyManager: on factor changed, after state = DLNWX-11001-0362#
03-29 13:34:06.924 24201 24201 D I007-NotifyManager: onFactorChanged() called with: factoryId = [32], data = [21002-3122#]
03-29 13:34:06.924 24201 24201 D I007-NotifyManager: on factor changed, before state = DLNWX-11001-0362#
03-29 13:34:06.924 24201 24201 D I007-NotifyManager: on factor changed, after state = DLNWX-21002-3122#
03-29 13:34:06.926 24201 24201 V PhoneWindow: Handling msg_notifyRecomputeStatusBarLight: type -> 2   value -> 0
03-29 13:34:06.927  1180  1486 V WindowManager: recomputeStatusBarLight()
03-29 13:34:06.930 24201 24201 D Edge-Service: edge service create!
03-29 13:34:06.930   739  1540 D audio_hw_primary: adev_set_parameters: enter: gamemode=0
03-29 13:34:06.930   739  1540 D audio_hw_primary: [adev_set_parameters]: adev->game_mode = 0
03-29 13:34:06.930   739  1540 D audio_hw_extn: audio_extn_set_anc_parameters: anc_enabled:0
03-29 13:34:06.930   739  1540 D audio_hw_spkr_prot: audio_extn_fbsp_set_parameters: Speaker protection disabled
03-29 13:34:06.930   739  1540 D audio_hw_primary: adev_set_parameters: exit with code(0)
03-29 13:34:06.935  2392  2410 D SmartPolicyDebug: GameDockMonitor setEqualizer packageName:com.journeyOS.edge,para:null
03-29 13:34:06.935  2392  2410 D SmartPolicyDebug: AudioParaPolicy setEqualizer 33333,default:33333
03-29 13:34:06.936   739  1540 D audio_hw_primary: adev_set_parameters: enter: eq=33333
03-29 13:34:06.936   739  1540 E audio_hw_primary: adev_set_parameters: SND_DEVICE_OUT_SPEAKER ref cnt is already 0
03-29 13:34:06.936   739  1540 D audio_hw_primary: adev_set_parameters: exit with code(-22)
03-29 13:34:06.938 24201 24201 D ZsIconCustomHelper: haveReDrawIconInThemeFile iconFilePath : /system/media/journeyui-theme/icons_11/built_in_app_icons/com.journeyOS.edge.png,iconFile.exists() : false
03-29 13:34:06.940 24201 24201 D Resources: drawMaskBitmap packageName = com.journeyOS.edge,rectangleIcon = 1
03-29 13:34:06.940 24201 24201 D ZsIconCustomHelper: haveReDrawIconInThemeFile iconFilePath : /system/media/journeyui-theme/icons_11/common_icons/zs_shade_global.png,iconFile.exists() : true
03-29 13:34:06.941 24201 24201 D ZsIconCustomHelper: getDrawableFromCommonFilePath ----> filePath = /system/media/journeyui-theme/icons_11/common_icons/zs_shade_global.png,iconName = zs_shade_global
03-29 13:34:06.942 24201 24201 D ZsIconCustomHelper: haveReDrawIconInThemeFile iconFilePath : /system/media/journeyui-theme/icons_11/common_icons/bottom_plate.png,iconFile.exists() : true
03-29 13:34:06.943  2392  2410 D SmartPolicyDebug: PackageNameMonitor 0,packageName = com.journeyOS.edge
03-29 13:34:06.943  2392  2410 D SmartPolicyDebug: IORWMonitor stop tid: 51
03-29 13:34:06.943  2392  2410 D SmartPolicyDebug: GameMonitor game exit
03-29 13:34:06.944 24201 24201 D ZsIconCustomHelper: getDrawableFromCommonFilePath ----> filePath = /system/media/journeyui-theme/icons_11/common_icons/bottom_plate.png,iconName = bottom_plate
03-29 13:34:06.945  2392  2410 D SmartPolicyDebug: AppModeMapping get factor from orgin table :0
03-29 13:34:06.945  2392  2410 D SmartPolicyDebug: DeviceFactor onFactoryChanged factorId:32768,state:0
03-29 13:34:06.945 24201 24201 D ZsIconCustomHelper: haveReDrawIconInThemeFile iconFilePath : /system/media/journeyui-theme/icons_11/common_icons/foreground_plate.png,iconFile.exists() : true
03-29 13:34:06.945  2392  2410 D SmartPolicyDebug: DeviceFactor readBrightness brightness = 336, ratio = 1.0, result = 320
03-29 13:34:06.945   770   770 I iris@HAL: irisConfigureSet(51, 1, 0)
03-29 13:34:06.946 24201 24201 D ZsIconCustomHelper: getDrawableFromCommonFilePath ----> filePath = /system/media/journeyui-theme/icons_11/common_icons/foreground_plate.png,iconName = foreground_plate
03-29 13:34:06.947  2392  2410 I SmartPolicyDebug: DeviceFactor readVolume current = 0.0, max = 15.0, ratio = 0.0
03-29 13:34:06.947  2392  2410 I SmartPolicyDebug: DeviceFactor factorId = 8000, add 0 to para1 : a402400000140
03-29 13:34:06.947  2392  2462 D SmartPolicyDebug: InputEventQueue enqueue id:32768[2885273130107200:0:pkg: com.journeyOS.edge, pid: 24201],blocked:false
03-29 13:34:06.947  2392  2462 D SmartPolicyDebug: InputEventQueue enqueue add:32768
03-29 13:34:06.960 24201 24201 I HeapTaskDaemon: type=1400 audit(0.0:19354): avc: denied { read } for name="heye_bms_clt" dev="tmpfs" ino=16301 scontext=u:r:untrusted_app_27:s0:c512,c768 tcontext=u:object_r:hawkeye_device:s0 tclass=chr_file permissive=1
03-29 13:34:06.960 24201 24201 I HeapTaskDaemon: type=1400 audit(0.0:19355): avc: denied { open } for path="/dev/heye_bms_clt" dev="tmpfs" ino=16301 scontext=u:r:untrusted_app_27:s0:c512,c768 tcontext=u:object_r:hawkeye_device:s0 tclass=chr_file permissive=1
03-29 13:34:06.961  1180 11031 D AppOps  : startOperation: allowing code 76 uid 10206 package com.journeyOS.edge
03-29 13:34:06.964 24201 24201 I I007-Clients: addListener com.journeyOS.edge.EdgeService$1@89a5db2 for 24201 6
03-29 13:34:06.965 24201 24201 D Edge-NotificationManager: start notification service, is service running = true
03-29 13:34:06.965   770   770 I iris@HAL: irisConfigureSet(0, 1, 0)
03-29 13:34:06.965  1180 11031 D PackageManager: Instant App installer not found with android.intent.action.INSTALL_INSTANT_APP_PACKAGE
03-29 13:34:06.965  1180 11031 D PackageManager: Clear ephemeral installer activity
03-29 13:34:06.965 24201 24227 W System  : A resource failed to call close. 
03-29 13:34:06.966 24201 24227 W System  : A resource failed to call close. 
03-29 13:34:06.966 24201 24317 D Edge-RepositoryImpl: edge database is NULL = false
03-29 13:34:06.966 24201 24227 W System  : A resource failed to call close. 
03-29 13:34:06.967  2392  2410 D SmartPolicyDebug: NotifyManager write to preference [a402400000140,0, com.journeyOS.edge]
03-29 13:34:06.967   770   770 I iris@HAL: irisConfigureSet(13, 1, 0)
03-29 13:34:06.967  2392  2410 D SmartPolicyDebug: PackageNameMonitor activityResumed time:46
03-29 13:34:06.967  2392  2410 D SmartPolicyDebug: SmartPolicyService activityResumed mRunningApp =com.journeyOS.edge
03-29 13:34:06.960 24201 24201 I .journeyOS.edge: type=1400 audit(0.0:19356): avc: denied { ioctl } for path="/dev/heye_bms_clt" dev="tmpfs" ino=16301 ioctlcmd=0x4501 scontext=u:r:untrusted_app_27:s0:c512,c768 tcontext=u:object_r:hawkeye_device:s0 tclass=chr_file permissive=1
03-29 13:34:06.967 24201 24317 D Edge-RepositoryImpl: edge lab database is NULL = false
03-29 13:34:06.967  1180 11031 D PackageManager: Instant App installer not found with android.intent.action.INSTALL_INSTANT_APP_PACKAGE
03-29 13:34:06.968  1180 11031 D PackageManager: Clear ephemeral installer activity
03-29 13:34:06.971 24201 24201 V BugManager_JNI: bug message start: fd=72,tag =0X01004801
03-29 13:34:06.972 24201 24201 V BugManager_JNI: bug message copy: fd=72,msgid =36505,len=88,msg={"activity":"com.journeyOS.edge/com.journeyOS.edge.ui.activity.EdgeActivity","frames":3}
03-29 13:34:06.972 24201 24201 V BugManager_JNI: bug message stop: fd =72,msgid =36505
03-29 13:34:06.980   770   770 I iris@HAL: irisConfigureSet(31, 1, 0)
03-29 13:34:06.981   770   770 I iris@HAL: irisConfigureSet(9, 1, 0)
03-29 13:34:06.981  1180  8982 W PW-PwParams: source feature 5, reading mode empty.
03-29 13:34:06.982   770   770 I iris@HAL: irisConfigureSet(10, 1, 0)
03-29 13:34:06.982  1180  8982 W PW-PwParams: source feature 9, contrast empty.
03-29 13:34:06.983   770   770 I iris@HAL: irisConfigureSet(32, 1, 403298305)
03-29 13:34:06.983   770   770 I iris@HAL: irisConfigureSet(26, 1, 3299968)
03-29 13:34:06.988 24201 24201 W .journeyOS.edg: Accessing hidden field Landroid/view/View;->mAccessibilityDelegate:Landroid/view/View$AccessibilityDelegate; (light greylist, reflection)
03-29 13:34:06.996  2392  2463 D SmartPolicyDebug: InputEventQueue send to list:1, app:pkg: com.journeyOS.edge, pid: 24201
03-29 13:34:06.997  2392  2463 I SmartPolicyDebug: Clients GameSDK: GameSDK = {"packageName":"com.tencent.tmgp.pubgmhd","sceneId":"0","tid":"8416"}
03-29 13:34:06.997  2392  2462 I SmartPolicyDebug: Clients dispatch to 2323 (a402400000140, 0,pkg: com.journeyOS.edge, pid: 24201)
03-29 13:34:06.997  2392  2462 D SmartPolicyDebug: Clients dispatch json to 2323 {"para1":"2885273130107200","para2":"0","appInfo":{"packageName":"com.journeyOS.edge","pid":24201},"GameSDK":{"packageName":"com.tencent.tmgp.pubgmhd","sceneId":"0","tid":"8416"},"cpu_level":"0"}
03-29 13:34:06.998  2392  2462 I SmartPolicyDebug: Clients dispatch to 2123 (a402400000140, 0,pkg: com.journeyOS.edge, pid: 24201)
03-29 13:34:06.998  2392  2462 D SmartPolicyDebug: Clients dispatch json to 2123 {"para1":"2885273130107200","para2":"0","appInfo":{"packageName":"com.journeyOS.edge","pid":24201},"GameSDK":{"packageName":"com.tencent.tmgp.pubgmhd","sceneId":"0","tid":"8416"},"cpu_level":"0"}
03-29 13:34:06.998  2392  2462 I SmartPolicyDebug: Clients dispatch to 3939 (a402400000140, 0,pkg: com.journeyOS.edge, pid: 24201)
03-29 13:34:06.998  2392  2462 D SmartPolicyDebug: Clients dispatch json to 3939 {"para1":"2885273130107200","para2":"0","appInfo":{"packageName":"com.journeyOS.edge","pid":24201},"GameSDK":{"packageName":"com.tencent.tmgp.pubgmhd","sceneId":"0","tid":"8416"},"cpu_level":"0"}
03-29 13:34:06.999  2323  3366 D exlight@Service: ISmartpolicyListener,  para1: a402400000140  para2: 0  packageName: com.journeyOS.edge)]
03-29 13:34:06.999  2323  2509 D exlight@Service: EventHubManager@handleEventSynced: {hub_id=LogoEventHub, name=logo_screen_on}
03-29 13:34:06.999  2123 14531 D DockDispatcher: comes in mISmartpolicyListener scene:false
03-29 13:34:07.000  3939  3973 V SmartPhoneTag_GameMonitorController: onModeChangedJson :{"para1":"2885273130107200","para2":"0","appInfo":{"packageName":"com.journeyOS.edge","pid":24201},"GameSDK":{"packageName":"com.tencent.tmgp.pubgmhd","sceneId":"0","tid":"8416"},"cpu_level":"0"}
03-29 13:34:07.000  3939  3973 D SmartPhoneTag_GameMonitorController: stopCollectGameInfo()
03-29 13:34:07.000  3939  3973 D SmartPhoneTag_GameMonitorController: value = 2885273130107200 start = 0
03-29 13:34:07.001  2392  2637 I android_os_HwBinder: HwBinder: Starting thread pool for default::com.blackshark.game_engine@1.0::IGameEngine
03-29 13:34:07.001  2123  2123 W ContextImpl: Calling a method in the system process without a qualified user: android.app.ContextImpl.sendBroadcast:1054 android.content.ContextWrapper.sendBroadcast:444 com.blackshark.event.DockDispatcher$3$1.run:196 android.os.Handler.handleCallback:873 android.os.Handler.dispatchMessage:99 
03-29 13:34:07.002   766   766 I GameEngine: notifyGameFactor {"para1":"2885273130107200","para2":"0","appInfo":{"packageName":"com.journeyOS.edge","pid":24201},"GameSDK":{"packageName":"com.tencent.tmgp.pubgmhd","sceneId":"0","tid":"8416"},"cpu_level":"0"}
03-29 13:34:07.002   766   766 I GameEngine: last packageName: com.blackshark.launcher
03-29 13:34:07.002   766   766 I GameEngine: Factor: para1: 0x000a402400000140, para2: 0x0000000000000000
03-29 13:34:07.002  2123  2123 D GameDockGameDockController: is support game dock = true
03-29 13:34:07.003  6774  4223 D GameDock-Service: onGameInterface() called with: isGameRunning = [false] : packageName = [com.journeyOS.edge]
03-29 13:34:07.003  6774  6774 D GameDock-DslSpeed: dsl speed toggle = false
03-29 13:34:07.003  6774  6774 D GameVpnManager: update dsl config, enable = [false],  toggle = [false]
03-29 13:34:07.003  6774  6774 D AiAssistantManager: is game runing = false
03-29 13:34:07.003  6774  6774 D AiAssistantManager: game = [com.journeyOS.edge], is support ai = [false]
03-29 13:34:07.003  6774  6774 D AiAssistantManager: setAiAssistant() called with: enable = [false]
03-29 13:34:07.004   766   766 I GameEngine: onGameFactorChanged scenario 0xF8, apply policy.
03-29 13:34:07.004   766   766 I GameEngine: applyPolicy ThermalConfig, id: 0xF1
03-29 13:34:07.004   766   766 I GameEngine: Policy: already applied!
03-29 13:34:07.004   766   766 I GameEngine: onGameFactorChanged apply default policy.
03-29 13:34:07.004   766   766 I GameEngine: applyPolicy AudioConfig, id: 0x00
03-29 13:34:07.004   766   766 I GameEngine: Policy: already applied!
03-29 13:34:07.004   766   766 I GameEngine: applyPolicy CpusetConfig, id: 0x00
03-29 13:34:07.004   766   766 I GameEngine: Sched: applyPolicy load policy - 0x00
03-29 13:34:07.005  2123  2123 D GameDockGameDockController: is support game dock = true
03-29 13:34:07.005  6774  4223 D GameDock-Service: onSceneChanged() called with: factorId = [2885273130107200] : packageName = [com.journeyOS.edge]
03-29 13:34:07.005  6774  6774 D AiAssistantManager: is ai service running = [false]
03-29 13:34:07.005  6774  6774 D WindowManagerService: setLockVirtualKey() called with: state = [0]
03-29 13:34:07.006  1180 11031 D WindowManager: setLockVirtualKey 0
03-29 13:34:07.006  6774  6774 D VirtualkeyManager: lockVirtualKey() called with: isLocked = [false]
03-29 13:34:07.006  6774  6774 D WindowManagerService: setGamePmtState() called with: state = [false]
03-29 13:34:07.008  1180 11031 D WindowManager: setGamePmtState false
03-29 13:34:07.008  6774  6774 D PressureControlManager: unloadPressureMap : appName = com.journeyOS.edge
03-29 13:34:07.008  6774  6774 D BsGamePadControlManager: unloadApp : appName = com.journeyOS.edge
03-29 13:34:07.008  6774  6774 D BallController_Ball: hideMonitorBall()
03-29 13:34:07.008  6774  6855 D GameCenterManager: Config don't need.
03-29 13:34:07.008  6774  6855 D GameCenterManager: is need set sensitivity for [Settings app]
03-29 13:34:07.009  6774  6774 D InputManager: setForceTouchState : enable = false
03-29 13:34:07.010  1180 11031 W InputFeatureGet: sendCmd cmdId=11 value=0
03-29 13:34:07.010  1180 11031 W InputFeatureGet: sendCmd success result=0
03-29 13:34:07.023   766   766 I GameEngine: applyPolicy DeviceFreqConfig, id: 0x00
03-29 13:34:07.023   766   766 I GameEngine: Policy: already applied!
03-29 13:34:07.023   766   766 I GameEngine: applyPolicy IOConfig, id: 0x00
03-29 13:34:07.023   766   766 I GameEngine: Policy: already applied!
03-29 13:34:07.023   766   766 I GameEngine: applyPolicy SchedConfig, id: 0x00
03-29 13:34:07.023   766   766 I GameEngine: Sched: applyPolicy load policy - 0x00
03-29 13:34:07.023   766   766 I GameEngine: applyPolicy SchedMigrateConfig, id: 0x00
03-29 13:34:07.023   766   766 I GameEngine: Policy: already applied!
03-29 13:34:07.023   766   766 I GameEngine: applyPolicy ThermalConfig, id: 0x10
03-29 13:34:07.023   766   766 I GameEngine: Thermal: switch to config [0x0010]
03-29 13:34:07.023  2392  2637 D SmartPolicyDebug: Clients send to game-engine :{"para1":"2885273130107200","para2":"0","appInfo":{"packageName":"com.journeyOS.edge","pid":24201},"GameSDK":{"packageName":"com.tencent.tmgp.pubgmhd","sceneId":"0","tid":"8416"},"cpu_level":"0"}
03-29 13:34:07.040  1180  8982 D AppOps  : startOperation: allowing code 40 uid 1001 package com.android.phone
03-29 13:34:07.044  1180 11031 D PWMInjector: LayoutParams toString = [{(0,0)(fillxfill) sim={adjust=resize forwardNavigation} blurRatio=1.0 blurMode=0 blurBlack=-1.0 ty=BASE_APPLICATION wanim=0x10302fa statusBarColor=ff87cefa
03-29 13:34:07.044  1180 11031 D PWMInjector:   fl=LAYOUT_IN_SCREEN LAYOUT_INSET_DECOR SPLIT_TOUCH HARDWARE_ACCELERATED DRAWS_SYSTEM_BAR_BACKGROUNDS
03-29 13:34:07.044  1180 11031 D PWMInjector:   pfl=FORCE_DRAW_STATUS_BAR_BACKGROUND}], getTitle = [com.journeyOS.edge/com.journeyOS.edge.ui.activity.EdgeActivity], type = [1], flags = [-2122252032], privateFlags = [131072]
03-29 13:34:07.046  1180 11031 D BsuiWindowController: BsuiLog: SendMessage 1 LISTEN_FOCUS_CHANGED: 0 / {(0,0)(fillxfill) sim={adjust=resize forwardNavigation} blurRatio=1.0 blurMode=0 blurBlack=-1.0 ty=BASE_APPLICATION wanim=0x10302fa statusBarColor=ff87cefa
03-29 13:34:07.046  1180 11031 D BsuiWindowController:   fl=LAYOUT_IN_SCREEN LAYOUT_INSET_DECOR SPLIT_TOUCH HARDWARE_ACCELERATED DRAWS_SYSTEM_BAR_BACKGROUNDS
03-29 13:34:07.046  1180 11031 D BsuiWindowController:   pfl=FORCE_DRAW_STATUS_BAR_BACKGROUND} observer size: 1
03-29 13:34:07.047  2123 14531 D RecentsImpl: onFocusChanged Title = [com.journeyOS.edge/com.journeyOS.edge.ui.activity.EdgeActivity], type = [1], flags = [-2122252032], privateFlags = [131072]
03-29 13:34:07.052 24201 24325 I Adreno  : QUALCOMM build                   : f20d68d, I33967d4cda
03-29 13:34:07.052 24201 24325 I Adreno  : Build Date                       : 01/22/19
03-29 13:34:07.052 24201 24325 I Adreno  : OpenGL ES Shader Compiler Version: EV031.25.19.01
03-29 13:34:07.052 24201 24325 I Adreno  : Local Branch                     : 
03-29 13:34:07.052 24201 24325 I Adreno  : Remote Branch                    : 
03-29 13:34:07.052 24201 24325 I Adreno  : Remote Branch                    : 
03-29 13:34:07.052 24201 24325 I Adreno  : Reconstruct Branch               : 
03-29 13:34:07.052 24201 24325 I Adreno  : Build Config                     : S P 6.0.9 AArch64
03-29 13:34:07.060 24201 24325 I Adreno  : PFP: 0x016ee180, ME: 0x00000000
03-29 13:34:07.064  1180  1180 V Notification_superscript: isPost = true ,pkg = com.journeyOS.edge ,userId = 0 ,newSize = 1
03-29 13:34:07.065  2457  7799 V Launcher_superscript: callPackage = android,mCallingUid = 0,method = setBadgeAsNotification
03-29 13:34:07.066  2457  7799 V Launcher_superscript: badgeCount = 1 ,key = com.journeyOS.edge_0
03-29 13:34:07.066 24201 24201 D Edge-Activity: handle item selected, position = [2]
03-29 13:34:07.066  2457  2670 V Launcher_superscript: [value = null] key = com.journeyOS.edge_0 old:0
03-29 13:34:07.070 24201 24325 I ConfigStore: android::hardware::configstore::V1_0::ISurfaceFlingerConfigs::hasWideColorDisplay retrieved: 1
03-29 13:34:07.070 24201 24325 I ConfigStore: android::hardware::configstore::V1_0::ISurfaceFlingerConfigs::hasHDRDisplay retrieved: 1
03-29 13:34:07.071 24201 24325 I OpenGLRenderer: Initialized EGL, version 1.4
03-29 13:34:07.071 24201 24325 D OpenGLRenderer: Swap behavior 2
03-29 13:34:07.076  2457  2670 V Launcher_superscript: Master Switch value = 1
03-29 13:34:07.084 24201 24201 I Edge-ServiceManager: onServiceConnected = com.journeyOS.edge.EdgeService$2@ffca77a
03-29 13:34:07.085 24201 24201 D Edge-Service: showing ball = true
03-29 13:34:07.085  2457  2670 V Launcher_superscript: (com.journeyOS.edge) allow to show all = 0
03-29 13:34:07.085  2457  2670 V Launcher_superscript: enabled is false
03-29 13:34:07.093  2323  2323 E exlight@Service: onNotificationPosted StatusBarNotification(pkg=com.journeyOS.edge user=UserHandle{0} id=19573 tag=null key=0|com.journeyOS.edge|19573|null|10206: Notification(channel=com.journeyOS.edge pri=0 contentView=null vibrate=null sound=null tick defaults=0x0 flags=0x62 color=0x00000000 vis=PRIVATE))
03-29 13:34:07.093  2323  2323 I : com.journeyOS.edge:Edge:Edge
03-29 13:34:07.094  2457  2457 D Launcher: Deferring update until onResume
03-29 13:34:07.120 24201 24201 V BugManager_JNI: bug message start: fd=72,tag =0X01004801
03-29 13:34:07.120 24201 24201 V BugManager_JNI: bug message copy: fd=72,msgid =36506,len=88,msg={"activity":"com.journeyOS.edge/com.journeyOS.edge.ui.activity.EdgeActivity","frames":3}
03-29 13:34:07.120 24201 24201 V BugManager_JNI: bug message stop: fd =72,msgid =36506
03-29 13:34:07.132 24291 24291 I Perf    : Connecting to perf service.
03-29 13:34:07.147 24291 24291 D I007-Core: I007 service running = true
03-29 13:34:07.148  2123  2123 I applyBlurRatio: clear FLAG_BLUR_BEHIND, blurRatio=0.0
03-29 13:34:07.156 24291 24291 D I007-Core: I007 service running = true
03-29 13:34:07.156 24291 24291 D I007-Daemon-S: daemon service will be running!
03-29 13:34:07.164  2123  2123 D StatusBar: disable<e i a s b h r c s > disable2<q i n >
03-29 13:34:07.164  2123  2123 I applyBlurRatio: clear FLAG_BLUR_BEHIND, blurRatio=0.0
03-29 13:34:07.165  2123  2123 I chatty  : uid=1000(system) com.android.systemui identical 1 line
03-29 13:34:07.165  2123  2123 I applyBlurRatio: clear FLAG_BLUR_BEHIND, blurRatio=0.0
03-29 13:34:07.177  2123  2123 I applyBlurRatio: onHeadsUpPinned-------mExpandedHeight=0.0
03-29 13:34:07.177  2123  2123 I applyBlurRatio: updateStatusBarWindowBlur-----blurFraction=0
03-29 13:34:07.177  2123  2123 I applyBlurRatio: clear FLAG_BLUR_BEHIND, blurRatio=0.0
03-29 13:34:07.182  2123  2123 V BugManager_JNI: bug message start: fd=89,tag =0X01004801
03-29 13:34:07.182  2123  2123 V BugManager_JNI: bug message copy: fd=89,msgid =36507,len=91,msg={"activity":"com.android.systemui/com.android.systemui.recents.RecentsActivity","frames":2}
03-29 13:34:07.182  2123  2123 V BugManager_JNI: bug message stop: fd =89,msgid =36507
03-29 13:34:07.186 24291 24291 D I007-NotifyManager: onFactorChanged() called with: factoryId = [16], data = [X]
03-29 13:34:07.186 24291 24291 D I007-NotifyManager: on factor changed, before state = DLN4E-11001-0362#
03-29 13:34:07.187 24291 24291 D I007-NotifyManager: on factor changed, after state = DLN4X-11001-0362#
03-29 13:34:07.196  2123  2123 I applyBlurRatio: clear FLAG_BLUR_BEHIND, blurRatio=0.0
03-29 13:34:07.205 24291 24343 I stetho  : Listening on @stetho_com.journeyOS.i007Service_devtools_remote
03-29 13:34:07.222  1180 11031 D LocationManagerService: getProviders()=[passive, gps, network]
03-29 13:34:07.239  1180  1486 V BugManager_JNI: bug message start: fd=128,tag =0X01004803
03-29 13:34:07.239  1180  1486 V BugManager_JNI: bug message copy: fd=128,msgid =36508,len=94,msg={"activity":"com.journeyOS.edge/.ui.activity.EdgeActivity","this_time":1343,"total_time":1343}
03-29 13:34:07.239  1180  1486 V BugManager_JNI: bug message stop: fd =128,msgid =36508
03-29 13:34:07.239   778   778 E ANDR-IOP: IOP HAL: Received pkg_name = com.journeyOS.edge pid = 0
03-29 13:34:07.240  1180  1486 I ActivityManager: Displayed com.journeyOS.edge/.ui.activity.EdgeActivity: +1s343ms
03-29 13:34:07.240   778   778 E ANDR-IOP: IOP HAL: Received pkg_name = com.journeyOS.edge pid = 0
03-29 13:34:07.243  2123  2123 V BugManager_JNI: bug message start: fd=89,tag =0X01004801
03-29 13:34:07.243  2123  2123 V BugManager_JNI: bug message copy: fd=89,msgid =36509,len=91,msg={"activity":"com.android.systemui/com.android.systemui.recents.RecentsActivity","frames":1}
03-29 13:34:07.243  2123  2123 V BugManager_JNI: bug message stop: fd =89,msgid =36509
03-29 13:34:07.286 24201 24201 D Edge-BallManager: wanna showing ball
03-29 13:34:07.289 24201 24201 V BugManager_JNI: bug message start: fd=72,tag =0X01004801
03-29 13:34:07.289 24201 24201 V BugManager_JNI: bug message copy: fd=72,msgid =36510,len=88,msg={"activity":"com.journeyOS.edge/com.journeyOS.edge.ui.activity.EdgeActivity","frames":8}
03-29 13:34:07.289 24201 24201 V BugManager_JNI: bug message stop: fd =72,msgid =36510
03-29 13:34:07.293 24201 24201 W .journeyOS.edg: Accessing hidden method Landroid/graphics/drawable/DrawableContainer;->getOpticalInsets()Landroid/graphics/Insets; (light greylist, reflection)
03-29 13:34:07.313 24201 24201 D Edge-Service: showing ball = true
03-29 13:34:07.349 24201 24316 W .journeyOS.edg: Accessing hidden method Lcom/android/org/conscrypt/OpenSSLSocketImpl;->setAlpnProtocols([B)V (light greylist, reflection)
03-29 13:34:07.351 24201 24201 D Edge-BallManager: wanna showing ball
03-29 13:34:07.361  1180 11031 D AppOps  : startOperation: allowing code 24 uid 10206 package com.journeyOS.edge
03-29 13:34:07.364 24201 24201 D Edge-BallManager: add ball to windows manager
03-29 13:34:07.372  1180 11031 W AppOps  : Noting op not finished: uid 10206 pkg com.journeyOS.edge code 24 time=1553837647361 duration=-1
